#
# There is insufficient memory for the Java Runtime Environment to continue.
# Native memory allocation (malloc) failed to allocate 1124496 bytes for Chunk::new
# Possible reasons:
#   The system is out of physical RAM or swap space
#   The process is running with CompressedOops enabled, and the Java Heap may be blocking the growth of the native heap
# Possible solutions:
#   Reduce memory load on the system
#   Increase physical memory or swap space
#   Check if swap backing store is full
#   Decrease Java heap size (-Xmx/-Xms)
#   Decrease number of Java threads
#   Decrease Java thread stack sizes (-Xss)
#   Set larger code cache with -XX:ReservedCodeCacheSize=
#   JVM is running with Zero Based Compressed Oops mode in which the Java heap is
#     placed in the first 32GB address space. The Java Heap base address is the
#     maximum limit for the native heap growth. Please use -XX:HeapBaseMinAddress
#     to set the Java Heap base and to place the Java Heap above 32GB virtual address.
# This output file may be truncated or incomplete.
#
#  Out of Memory Error (arena.cpp:168), pid=8408, tid=17004
#
# JRE version: Java(TM) SE Runtime Environment (21.0.8+12) (build 21.0.8+12-LTS-250)
# Java VM: Java HotSpot(TM) 64-Bit Server VM (21.0.8+12-LTS-250, mixed mode, sharing, tiered, compressed oops, compressed class ptrs, g1 gc, windows-amd64)
# No core dump will be written. Minidumps are not enabled by default on client versions of Windows
#

---------------  S U M M A R Y ------------

Command Line: -XX:+ShowCodeDetailsInExceptionMessages -agentpath:C:\Program Files\Palo Alto Networks\Traps\cyjagent.dll com.biblioteca.Application

Host: AMD Ryzen 7 PRO 5750G with Radeon Graphics     , 16 cores, 15G,  Windows 11 , 64 bit Build 26100 (10.0.26100.7920)
Time: Tue Mar 24 14:59:04 2026 Hora verano Sudamérica Pacífico elapsed time: 4.586250 seconds (0d 0h 0m 4s)

---------------  T H R E A D  ---------------

Current thread (0x00000228a6df43b0):  JavaThread "C2 CompilerThread4" daemon [_thread_in_native, id=17004, stack(0x000000b22df00000,0x000000b22e000000) (1024K)]


Current CompileTask:
C2:   4587 2421   !   4       java.net.URL::<init> (543 bytes)

Stack: [0x000000b22df00000,0x000000b22e000000]
Native frames: (J=compiled Java code, j=interpreted, Vv=VM code, C=native code)
V  [jvm.dll+0x6cc179]
V  [jvm.dll+0x8584c1]
V  [jvm.dll+0x85a9ee]
V  [jvm.dll+0x85b0c3]
V  [jvm.dll+0x27ebf6]
V  [jvm.dll+0xc4f4d]
V  [jvm.dll+0xc5483]
V  [jvm.dll+0x3b6a82]
V  [jvm.dll+0x382a35]
V  [jvm.dll+0x381eaa]
V  [jvm.dll+0x247670]
V  [jvm.dll+0x246c4f]
V  [jvm.dll+0x1c7a3e]
V  [jvm.dll+0x256359]
V  [jvm.dll+0x2548ea]
V  [jvm.dll+0x3efef6]
V  [jvm.dll+0x80279b]
V  [jvm.dll+0x6ca85d]
C  [ucrtbase.dll+0x37b0]
C  [cyinjct.dll+0x11e7]
C  [KERNEL32.DLL+0x2e8d7]
C  [ntdll.dll+0x8c48c]


---------------  P R O C E S S  ---------------

Threads class SMR info:
_java_thread_list=0x00000228a80c5c80, length=15, elements={
0x000002283e0c6350, 0x00000228a500e170, 0x00000228a500f730, 0x00000228a5014790,
0x00000228a50161f0, 0x00000228a50177b0, 0x00000228a5020eb0, 0x00000228a502fc90,
0x00000228a50359c0, 0x00000228a51fe710, 0x00000228a51fef30, 0x00000228a52e0580,
0x00000228a55b1000, 0x00000228a672e490, 0x00000228a6df43b0
}

Java Threads: ( => current thread )
  0x000002283e0c6350 JavaThread "main"                              [_thread_in_Java, id=18888, stack(0x000000b22bc00000,0x000000b22bd00000) (1024K)]
  0x00000228a500e170 JavaThread "Reference Handler"          daemon [_thread_blocked, id=23452, stack(0x000000b22c400000,0x000000b22c500000) (1024K)]
  0x00000228a500f730 JavaThread "Finalizer"                  daemon [_thread_blocked, id=5128, stack(0x000000b22c500000,0x000000b22c600000) (1024K)]
  0x00000228a5014790 JavaThread "Signal Dispatcher"          daemon [_thread_blocked, id=21188, stack(0x000000b22c600000,0x000000b22c700000) (1024K)]
  0x00000228a50161f0 JavaThread "Attach Listener"            daemon [_thread_blocked, id=3416, stack(0x000000b22c700000,0x000000b22c800000) (1024K)]
  0x00000228a50177b0 JavaThread "Service Thread"             daemon [_thread_blocked, id=24996, stack(0x000000b22c800000,0x000000b22c900000) (1024K)]
  0x00000228a5020eb0 JavaThread "Monitor Deflation Thread"   daemon [_thread_blocked, id=8296, stack(0x000000b22c900000,0x000000b22ca00000) (1024K)]
  0x00000228a502fc90 JavaThread "C2 CompilerThread0"         daemon [_thread_blocked, id=22736, stack(0x000000b22ca00000,0x000000b22cb00000) (1024K)]
  0x00000228a50359c0 JavaThread "C1 CompilerThread0"         daemon [_thread_blocked, id=4200, stack(0x000000b22cb00000,0x000000b22cc00000) (1024K)]
  0x00000228a51fe710 JavaThread "Notification Thread"        daemon [_thread_blocked, id=20236, stack(0x000000b22cd00000,0x000000b22ce00000) (1024K)]
  0x00000228a51fef30 JavaThread "Common-Cleaner"             daemon [_thread_blocked, id=24064, stack(0x000000b22ce00000,0x000000b22cf00000) (1024K)]
  0x00000228a52e0580 JavaThread "C2 CompilerThread1"         daemon [_thread_in_native, id=15060, stack(0x000000b22cf00000,0x000000b22d000000) (1024K)]
  0x00000228a55b1000 JavaThread "C2 CompilerThread2"         daemon [_thread_in_native, id=23212, stack(0x000000b22d200000,0x000000b22d300000) (1024K)]
  0x00000228a672e490 JavaThread "C2 CompilerThread3"         daemon [_thread_in_native, id=24552, stack(0x000000b22de00000,0x000000b22df00000) (1024K)]
=>0x00000228a6df43b0 JavaThread "C2 CompilerThread4"         daemon [_thread_in_native, id=17004, stack(0x000000b22df00000,0x000000b22e000000) (1024K)]
Total: 15

Other Threads:
  0x000002285f14a220 VMThread "VM Thread"                           [id=23516, stack(0x000000b22c300000,0x000000b22c400000) (1024K)]
  0x000002285f1325e0 WatcherThread "VM Periodic Task Thread"        [id=9428, stack(0x000000b22c200000,0x000000b22c300000) (1024K)]
  0x000002283e135000 WorkerThread "GC Thread#0"                     [id=9340, stack(0x000000b22bd00000,0x000000b22be00000) (1024K)]
  0x00000228a5f22950 WorkerThread "GC Thread#1"                     [id=24620, stack(0x000000b22d300000,0x000000b22d400000) (1024K)]
  0x00000228a5f22cf0 WorkerThread "GC Thread#2"                     [id=16960, stack(0x000000b22d400000,0x000000b22d500000) (1024K)]
  0x00000228a5e85030 WorkerThread "GC Thread#3"                     [id=21360, stack(0x000000b22d500000,0x000000b22d600000) (1024K)]
  0x00000228a5e853d0 WorkerThread "GC Thread#4"                     [id=20264, stack(0x000000b22d600000,0x000000b22d700000) (1024K)]
  0x00000228a5b22030 WorkerThread "GC Thread#5"                     [id=12428, stack(0x000000b22d700000,0x000000b22d800000) (1024K)]
  0x00000228a6508be0 WorkerThread "GC Thread#6"                     [id=12140, stack(0x000000b22d100000,0x000000b22d200000) (1024K)]
  0x00000228a63a94a0 WorkerThread "GC Thread#7"                     [id=8852, stack(0x000000b22d900000,0x000000b22da00000) (1024K)]
  0x00000228a623bc70 WorkerThread "GC Thread#8"                     [id=21464, stack(0x000000b22da00000,0x000000b22db00000) (1024K)]
  0x00000228a623c820 WorkerThread "GC Thread#9"                     [id=12068, stack(0x000000b22db00000,0x000000b22dc00000) (1024K)]
  0x00000228a623cbc0 WorkerThread "GC Thread#10"                    [id=15492, stack(0x000000b22dc00000,0x000000b22dd00000) (1024K)]
  0x00000228a622b750 WorkerThread "GC Thread#11"                    [id=12364, stack(0x000000b22dd00000,0x000000b22de00000) (1024K)]
  0x000002283e148fb0 ConcurrentGCThread "G1 Main Marker"            [id=25164, stack(0x000000b22be00000,0x000000b22bf00000) (1024K)]
  0x000002283e149ab0 WorkerThread "G1 Conc#0"                       [id=1996, stack(0x000000b22bf00000,0x000000b22c000000) (1024K)]
  0x000002285f003340 ConcurrentGCThread "G1 Refine#0"               [id=18620, stack(0x000000b22c000000,0x000000b22c100000) (1024K)]
  0x000002283d86ec60 ConcurrentGCThread "G1 Service"                [id=10492, stack(0x000000b22c100000,0x000000b22c200000) (1024K)]
Total: 18

Threads with active compile tasks:
C2 CompilerThread0     6672 2745       4       org.springframework.util.ConcurrentReferenceHashMap$Segment::findInChain (66 bytes)
C2 CompilerThread1     6673 2710   !   4       java.util.zip.InflaterInputStream::read (129 bytes)
C2 CompilerThread2     6674 2703       4       java.util.HashSet::add (20 bytes)
C2 CompilerThread3     6674 2585       4       jdk.internal.module.SystemModuleFinders$SystemModuleReader::find (59 bytes)
C2 CompilerThread4     6675 2421   !   4       java.net.URL::<init> (543 bytes)
C1 CompilerThread3     6675 2766       3       org.springframework.core.type.AnnotatedTypeMetadata::getAnnotationAttributes (40 bytes)
Total: 6

VM state: not at safepoint (normal execution)

VM Mutex/Monitor currently owned by a thread: None

Heap address: 0x000000070a400000, size: 3932 MB, Compressed Oops mode: Zero based, Oop shift amount: 3

CDS archive(s) mapped at: [0x0000022860000000-0x0000022860c90000-0x0000022860c90000), size 13172736, SharedBaseAddress: 0x0000022860000000, ArchiveRelocationMode: 1.
Compressed class space mapped at: 0x0000022861000000-0x00000228a1000000, reserved size: 1073741824
Narrow klass base: 0x0000022860000000, Narrow klass shift: 0, Narrow klass range: 0x100000000

GC Precious Log:
 CardTable entry size: 512
 Card Set container configuration: InlinePtr #cards 4 size 8 Array Of Cards #cards 16 size 48 Howl #buckets 8 coarsen threshold 3686 Howl Bitmap #cards 512 size 80 coarsen threshold 460 Card regions per heap region 1 cards per card region 4096
 CPUs: 16 total, 16 available
 Memory: 15723M
 Large Page Support: Disabled
 NUMA Support: Disabled
 Compressed Oops: Enabled (Zero based)
 Heap Region Size: 2M
 Heap Min Capacity: 8M
 Heap Initial Capacity: 246M
 Heap Max Capacity: 3932M
 Pre-touch: Disabled
 Parallel Workers: 13
 Concurrent Workers: 3
 Concurrent Refinement Workers: 13
 Periodic GC: Disabled

Heap:
 garbage-first heap   total 251904K, used 25461K [0x000000070a400000, 0x0000000800000000)
  region size 2048K, 12 young (24576K), 2 survivors (4096K)
 Metaspace       used 18249K, committed 18688K, reserved 1114112K
  class space    used 2214K, committed 2432K, reserved 1048576K

Heap Regions: E=young(eden), S=young(survivor), O=old, HS=humongous(starts), HC=humongous(continues), CS=collection set, F=free, TAMS=top-at-mark-start, PB=parsable bottom
|   0|0x000000070a400000, 0x000000070a600000, 0x000000070a600000|100%| O|  |TAMS 0x000000070a400000| PB 0x000000070a400000| Untracked 
|   1|0x000000070a600000, 0x000000070a800000, 0x000000070a800000|100%| O|  |TAMS 0x000000070a600000| PB 0x000000070a600000| Untracked 
|   2|0x000000070a800000, 0x000000070a86b700, 0x000000070aa00000| 20%| O|  |TAMS 0x000000070a800000| PB 0x000000070a800000| Untracked 
|   3|0x000000070aa00000, 0x000000070aa00000, 0x000000070ac00000|  0%| F|  |TAMS 0x000000070aa00000| PB 0x000000070aa00000| Untracked 
|   4|0x000000070ac00000, 0x000000070ac00000, 0x000000070ae00000|  0%| F|  |TAMS 0x000000070ac00000| PB 0x000000070ac00000| Untracked 
|   5|0x000000070ae00000, 0x000000070ae00000, 0x000000070b000000|  0%| F|  |TAMS 0x000000070ae00000| PB 0x000000070ae00000| Untracked 
|   6|0x000000070b000000, 0x000000070b000000, 0x000000070b200000|  0%| F|  |TAMS 0x000000070b000000| PB 0x000000070b000000| Untracked 
|   7|0x000000070b200000, 0x000000070b200000, 0x000000070b400000|  0%| F|  |TAMS 0x000000070b200000| PB 0x000000070b200000| Untracked 
|   8|0x000000070b400000, 0x000000070b400000, 0x000000070b600000|  0%| F|  |TAMS 0x000000070b400000| PB 0x000000070b400000| Untracked 
|   9|0x000000070b600000, 0x000000070b600000, 0x000000070b800000|  0%| F|  |TAMS 0x000000070b600000| PB 0x000000070b600000| Untracked 
|  10|0x000000070b800000, 0x000000070b800000, 0x000000070ba00000|  0%| F|  |TAMS 0x000000070b800000| PB 0x000000070b800000| Untracked 
|  11|0x000000070ba00000, 0x000000070ba00000, 0x000000070bc00000|  0%| F|  |TAMS 0x000000070ba00000| PB 0x000000070ba00000| Untracked 
|  12|0x000000070bc00000, 0x000000070bc00000, 0x000000070be00000|  0%| F|  |TAMS 0x000000070bc00000| PB 0x000000070bc00000| Untracked 
|  13|0x000000070be00000, 0x000000070be00000, 0x000000070c000000|  0%| F|  |TAMS 0x000000070be00000| PB 0x000000070be00000| Untracked 
|  14|0x000000070c000000, 0x000000070c000000, 0x000000070c200000|  0%| F|  |TAMS 0x000000070c000000| PB 0x000000070c000000| Untracked 
|  15|0x000000070c200000, 0x000000070c200000, 0x000000070c400000|  0%| F|  |TAMS 0x000000070c200000| PB 0x000000070c200000| Untracked 
|  16|0x000000070c400000, 0x000000070c400000, 0x000000070c600000|  0%| F|  |TAMS 0x000000070c400000| PB 0x000000070c400000| Untracked 
|  17|0x000000070c600000, 0x000000070c600000, 0x000000070c800000|  0%| F|  |TAMS 0x000000070c600000| PB 0x000000070c600000| Untracked 
|  18|0x000000070c800000, 0x000000070c800000, 0x000000070ca00000|  0%| F|  |TAMS 0x000000070c800000| PB 0x000000070c800000| Untracked 
|  19|0x000000070ca00000, 0x000000070ca00000, 0x000000070cc00000|  0%| F|  |TAMS 0x000000070ca00000| PB 0x000000070ca00000| Untracked 
|  20|0x000000070cc00000, 0x000000070cc00000, 0x000000070ce00000|  0%| F|  |TAMS 0x000000070cc00000| PB 0x000000070cc00000| Untracked 
|  21|0x000000070ce00000, 0x000000070ce00000, 0x000000070d000000|  0%| F|  |TAMS 0x000000070ce00000| PB 0x000000070ce00000| Untracked 
|  22|0x000000070d000000, 0x000000070d000000, 0x000000070d200000|  0%| F|  |TAMS 0x000000070d000000| PB 0x000000070d000000| Untracked 
|  23|0x000000070d200000, 0x000000070d200000, 0x000000070d400000|  0%| F|  |TAMS 0x000000070d200000| PB 0x000000070d200000| Untracked 
|  24|0x000000070d400000, 0x000000070d400000, 0x000000070d600000|  0%| F|  |TAMS 0x000000070d400000| PB 0x000000070d400000| Untracked 
|  25|0x000000070d600000, 0x000000070d600000, 0x000000070d800000|  0%| F|  |TAMS 0x000000070d600000| PB 0x000000070d600000| Untracked 
|  26|0x000000070d800000, 0x000000070d800000, 0x000000070da00000|  0%| F|  |TAMS 0x000000070d800000| PB 0x000000070d800000| Untracked 
|  27|0x000000070da00000, 0x000000070da00000, 0x000000070dc00000|  0%| F|  |TAMS 0x000000070da00000| PB 0x000000070da00000| Untracked 
|  28|0x000000070dc00000, 0x000000070dc00000, 0x000000070de00000|  0%| F|  |TAMS 0x000000070dc00000| PB 0x000000070dc00000| Untracked 
|  29|0x000000070de00000, 0x000000070de00000, 0x000000070e000000|  0%| F|  |TAMS 0x000000070de00000| PB 0x000000070de00000| Untracked 
|  30|0x000000070e000000, 0x000000070e000000, 0x000000070e200000|  0%| F|  |TAMS 0x000000070e000000| PB 0x000000070e000000| Untracked 
|  31|0x000000070e200000, 0x000000070e200000, 0x000000070e400000|  0%| F|  |TAMS 0x000000070e200000| PB 0x000000070e200000| Untracked 
|  32|0x000000070e400000, 0x000000070e400000, 0x000000070e600000|  0%| F|  |TAMS 0x000000070e400000| PB 0x000000070e400000| Untracked 
|  33|0x000000070e600000, 0x000000070e600000, 0x000000070e800000|  0%| F|  |TAMS 0x000000070e600000| PB 0x000000070e600000| Untracked 
|  34|0x000000070e800000, 0x000000070e800000, 0x000000070ea00000|  0%| F|  |TAMS 0x000000070e800000| PB 0x000000070e800000| Untracked 
|  35|0x000000070ea00000, 0x000000070ea00000, 0x000000070ec00000|  0%| F|  |TAMS 0x000000070ea00000| PB 0x000000070ea00000| Untracked 
|  36|0x000000070ec00000, 0x000000070ec00000, 0x000000070ee00000|  0%| F|  |TAMS 0x000000070ec00000| PB 0x000000070ec00000| Untracked 
|  37|0x000000070ee00000, 0x000000070ee00000, 0x000000070f000000|  0%| F|  |TAMS 0x000000070ee00000| PB 0x000000070ee00000| Untracked 
|  38|0x000000070f000000, 0x000000070f000000, 0x000000070f200000|  0%| F|  |TAMS 0x000000070f000000| PB 0x000000070f000000| Untracked 
|  39|0x000000070f200000, 0x000000070f200000, 0x000000070f400000|  0%| F|  |TAMS 0x000000070f200000| PB 0x000000070f200000| Untracked 
|  40|0x000000070f400000, 0x000000070f400000, 0x000000070f600000|  0%| F|  |TAMS 0x000000070f400000| PB 0x000000070f400000| Untracked 
|  41|0x000000070f600000, 0x000000070f600000, 0x000000070f800000|  0%| F|  |TAMS 0x000000070f600000| PB 0x000000070f600000| Untracked 
|  42|0x000000070f800000, 0x000000070f800000, 0x000000070fa00000|  0%| F|  |TAMS 0x000000070f800000| PB 0x000000070f800000| Untracked 
|  43|0x000000070fa00000, 0x000000070fa00000, 0x000000070fc00000|  0%| F|  |TAMS 0x000000070fa00000| PB 0x000000070fa00000| Untracked 
|  44|0x000000070fc00000, 0x000000070fc00000, 0x000000070fe00000|  0%| F|  |TAMS 0x000000070fc00000| PB 0x000000070fc00000| Untracked 
|  45|0x000000070fe00000, 0x000000070fe00000, 0x0000000710000000|  0%| F|  |TAMS 0x000000070fe00000| PB 0x000000070fe00000| Untracked 
|  46|0x0000000710000000, 0x0000000710000000, 0x0000000710200000|  0%| F|  |TAMS 0x0000000710000000| PB 0x0000000710000000| Untracked 
|  47|0x0000000710200000, 0x0000000710200000, 0x0000000710400000|  0%| F|  |TAMS 0x0000000710200000| PB 0x0000000710200000| Untracked 
|  48|0x0000000710400000, 0x0000000710400000, 0x0000000710600000|  0%| F|  |TAMS 0x0000000710400000| PB 0x0000000710400000| Untracked 
|  49|0x0000000710600000, 0x0000000710600000, 0x0000000710800000|  0%| F|  |TAMS 0x0000000710600000| PB 0x0000000710600000| Untracked 
|  50|0x0000000710800000, 0x0000000710800000, 0x0000000710a00000|  0%| F|  |TAMS 0x0000000710800000| PB 0x0000000710800000| Untracked 
|  51|0x0000000710a00000, 0x0000000710a00000, 0x0000000710c00000|  0%| F|  |TAMS 0x0000000710a00000| PB 0x0000000710a00000| Untracked 
|  52|0x0000000710c00000, 0x0000000710c00000, 0x0000000710e00000|  0%| F|  |TAMS 0x0000000710c00000| PB 0x0000000710c00000| Untracked 
|  53|0x0000000710e00000, 0x0000000710e00000, 0x0000000711000000|  0%| F|  |TAMS 0x0000000710e00000| PB 0x0000000710e00000| Untracked 
|  54|0x0000000711000000, 0x0000000711000000, 0x0000000711200000|  0%| F|  |TAMS 0x0000000711000000| PB 0x0000000711000000| Untracked 
|  55|0x0000000711200000, 0x0000000711200000, 0x0000000711400000|  0%| F|  |TAMS 0x0000000711200000| PB 0x0000000711200000| Untracked 
|  56|0x0000000711400000, 0x0000000711400000, 0x0000000711600000|  0%| F|  |TAMS 0x0000000711400000| PB 0x0000000711400000| Untracked 
|  57|0x0000000711600000, 0x0000000711600000, 0x0000000711800000|  0%| F|  |TAMS 0x0000000711600000| PB 0x0000000711600000| Untracked 
|  58|0x0000000711800000, 0x0000000711800000, 0x0000000711a00000|  0%| F|  |TAMS 0x0000000711800000| PB 0x0000000711800000| Untracked 
|  59|0x0000000711a00000, 0x0000000711a00000, 0x0000000711c00000|  0%| F|  |TAMS 0x0000000711a00000| PB 0x0000000711a00000| Untracked 
|  60|0x0000000711c00000, 0x0000000711c00000, 0x0000000711e00000|  0%| F|  |TAMS 0x0000000711c00000| PB 0x0000000711c00000| Untracked 
|  61|0x0000000711e00000, 0x0000000711e00000, 0x0000000712000000|  0%| F|  |TAMS 0x0000000711e00000| PB 0x0000000711e00000| Untracked 
|  62|0x0000000712000000, 0x0000000712000000, 0x0000000712200000|  0%| F|  |TAMS 0x0000000712000000| PB 0x0000000712000000| Untracked 
|  63|0x0000000712200000, 0x0000000712200000, 0x0000000712400000|  0%| F|  |TAMS 0x0000000712200000| PB 0x0000000712200000| Untracked 
|  64|0x0000000712400000, 0x0000000712400000, 0x0000000712600000|  0%| F|  |TAMS 0x0000000712400000| PB 0x0000000712400000| Untracked 
|  65|0x0000000712600000, 0x0000000712600000, 0x0000000712800000|  0%| F|  |TAMS 0x0000000712600000| PB 0x0000000712600000| Untracked 
|  66|0x0000000712800000, 0x0000000712800000, 0x0000000712a00000|  0%| F|  |TAMS 0x0000000712800000| PB 0x0000000712800000| Untracked 
|  67|0x0000000712a00000, 0x0000000712a00000, 0x0000000712c00000|  0%| F|  |TAMS 0x0000000712a00000| PB 0x0000000712a00000| Untracked 
|  68|0x0000000712c00000, 0x0000000712c00000, 0x0000000712e00000|  0%| F|  |TAMS 0x0000000712c00000| PB 0x0000000712c00000| Untracked 
|  69|0x0000000712e00000, 0x0000000712e00000, 0x0000000713000000|  0%| F|  |TAMS 0x0000000712e00000| PB 0x0000000712e00000| Untracked 
|  70|0x0000000713000000, 0x0000000713000000, 0x0000000713200000|  0%| F|  |TAMS 0x0000000713000000| PB 0x0000000713000000| Untracked 
|  71|0x0000000713200000, 0x0000000713200000, 0x0000000713400000|  0%| F|  |TAMS 0x0000000713200000| PB 0x0000000713200000| Untracked 
|  72|0x0000000713400000, 0x0000000713400000, 0x0000000713600000|  0%| F|  |TAMS 0x0000000713400000| PB 0x0000000713400000| Untracked 
|  73|0x0000000713600000, 0x0000000713600000, 0x0000000713800000|  0%| F|  |TAMS 0x0000000713600000| PB 0x0000000713600000| Untracked 
|  74|0x0000000713800000, 0x0000000713800000, 0x0000000713a00000|  0%| F|  |TAMS 0x0000000713800000| PB 0x0000000713800000| Untracked 
|  75|0x0000000713a00000, 0x0000000713a00000, 0x0000000713c00000|  0%| F|  |TAMS 0x0000000713a00000| PB 0x0000000713a00000| Untracked 
|  76|0x0000000713c00000, 0x0000000713c00000, 0x0000000713e00000|  0%| F|  |TAMS 0x0000000713c00000| PB 0x0000000713c00000| Untracked 
|  77|0x0000000713e00000, 0x0000000713e00000, 0x0000000714000000|  0%| F|  |TAMS 0x0000000713e00000| PB 0x0000000713e00000| Untracked 
|  78|0x0000000714000000, 0x0000000714000000, 0x0000000714200000|  0%| F|  |TAMS 0x0000000714000000| PB 0x0000000714000000| Untracked 
|  79|0x0000000714200000, 0x0000000714200000, 0x0000000714400000|  0%| F|  |TAMS 0x0000000714200000| PB 0x0000000714200000| Untracked 
|  80|0x0000000714400000, 0x0000000714400000, 0x0000000714600000|  0%| F|  |TAMS 0x0000000714400000| PB 0x0000000714400000| Untracked 
|  81|0x0000000714600000, 0x0000000714600000, 0x0000000714800000|  0%| F|  |TAMS 0x0000000714600000| PB 0x0000000714600000| Untracked 
|  82|0x0000000714800000, 0x0000000714800000, 0x0000000714a00000|  0%| F|  |TAMS 0x0000000714800000| PB 0x0000000714800000| Untracked 
|  83|0x0000000714a00000, 0x0000000714a00000, 0x0000000714c00000|  0%| F|  |TAMS 0x0000000714a00000| PB 0x0000000714a00000| Untracked 
|  84|0x0000000714c00000, 0x0000000714c00000, 0x0000000714e00000|  0%| F|  |TAMS 0x0000000714c00000| PB 0x0000000714c00000| Untracked 
|  85|0x0000000714e00000, 0x0000000714e00000, 0x0000000715000000|  0%| F|  |TAMS 0x0000000714e00000| PB 0x0000000714e00000| Untracked 
|  86|0x0000000715000000, 0x0000000715000000, 0x0000000715200000|  0%| F|  |TAMS 0x0000000715000000| PB 0x0000000715000000| Untracked 
|  87|0x0000000715200000, 0x0000000715200000, 0x0000000715400000|  0%| F|  |TAMS 0x0000000715200000| PB 0x0000000715200000| Untracked 
|  88|0x0000000715400000, 0x0000000715400000, 0x0000000715600000|  0%| F|  |TAMS 0x0000000715400000| PB 0x0000000715400000| Untracked 
|  89|0x0000000715600000, 0x0000000715600000, 0x0000000715800000|  0%| F|  |TAMS 0x0000000715600000| PB 0x0000000715600000| Untracked 
|  90|0x0000000715800000, 0x0000000715800000, 0x0000000715a00000|  0%| F|  |TAMS 0x0000000715800000| PB 0x0000000715800000| Untracked 
|  91|0x0000000715a00000, 0x0000000715a00000, 0x0000000715c00000|  0%| F|  |TAMS 0x0000000715a00000| PB 0x0000000715a00000| Untracked 
|  92|0x0000000715c00000, 0x0000000715c00000, 0x0000000715e00000|  0%| F|  |TAMS 0x0000000715c00000| PB 0x0000000715c00000| Untracked 
|  93|0x0000000715e00000, 0x0000000715e00000, 0x0000000716000000|  0%| F|  |TAMS 0x0000000715e00000| PB 0x0000000715e00000| Untracked 
|  94|0x0000000716000000, 0x0000000716000000, 0x0000000716200000|  0%| F|  |TAMS 0x0000000716000000| PB 0x0000000716000000| Untracked 
|  95|0x0000000716200000, 0x0000000716200000, 0x0000000716400000|  0%| F|  |TAMS 0x0000000716200000| PB 0x0000000716200000| Untracked 
|  96|0x0000000716400000, 0x0000000716400000, 0x0000000716600000|  0%| F|  |TAMS 0x0000000716400000| PB 0x0000000716400000| Untracked 
|  97|0x0000000716600000, 0x0000000716600000, 0x0000000716800000|  0%| F|  |TAMS 0x0000000716600000| PB 0x0000000716600000| Untracked 
|  98|0x0000000716800000, 0x0000000716800000, 0x0000000716a00000|  0%| F|  |TAMS 0x0000000716800000| PB 0x0000000716800000| Untracked 
|  99|0x0000000716a00000, 0x0000000716a00000, 0x0000000716c00000|  0%| F|  |TAMS 0x0000000716a00000| PB 0x0000000716a00000| Untracked 
| 100|0x0000000716c00000, 0x0000000716c00000, 0x0000000716e00000|  0%| F|  |TAMS 0x0000000716c00000| PB 0x0000000716c00000| Untracked 
| 101|0x0000000716e00000, 0x0000000716e00000, 0x0000000717000000|  0%| F|  |TAMS 0x0000000716e00000| PB 0x0000000716e00000| Untracked 
| 102|0x0000000717000000, 0x0000000717000000, 0x0000000717200000|  0%| F|  |TAMS 0x0000000717000000| PB 0x0000000717000000| Untracked 
| 103|0x0000000717200000, 0x0000000717200000, 0x0000000717400000|  0%| F|  |TAMS 0x0000000717200000| PB 0x0000000717200000| Untracked 
| 104|0x0000000717400000, 0x0000000717471ef0, 0x0000000717600000| 22%| S|CS|TAMS 0x0000000717400000| PB 0x0000000717400000| Complete 
| 105|0x0000000717600000, 0x0000000717800000, 0x0000000717800000|100%| S|CS|TAMS 0x0000000717600000| PB 0x0000000717600000| Complete 
| 106|0x0000000717800000, 0x0000000717800000, 0x0000000717a00000|  0%| F|  |TAMS 0x0000000717800000| PB 0x0000000717800000| Untracked 
| 107|0x0000000717a00000, 0x0000000717a00000, 0x0000000717c00000|  0%| F|  |TAMS 0x0000000717a00000| PB 0x0000000717a00000| Untracked 
| 108|0x0000000717c00000, 0x0000000717c00000, 0x0000000717e00000|  0%| F|  |TAMS 0x0000000717c00000| PB 0x0000000717c00000| Untracked 
| 109|0x0000000717e00000, 0x0000000717e00000, 0x0000000718000000|  0%| F|  |TAMS 0x0000000717e00000| PB 0x0000000717e00000| Untracked 
| 110|0x0000000718000000, 0x0000000718000000, 0x0000000718200000|  0%| F|  |TAMS 0x0000000718000000| PB 0x0000000718000000| Untracked 
| 111|0x0000000718200000, 0x0000000718200000, 0x0000000718400000|  0%| F|  |TAMS 0x0000000718200000| PB 0x0000000718200000| Untracked 
| 112|0x0000000718400000, 0x0000000718400000, 0x0000000718600000|  0%| F|  |TAMS 0x0000000718400000| PB 0x0000000718400000| Untracked 
| 113|0x0000000718600000, 0x000000071871f7a0, 0x0000000718800000| 56%| E|  |TAMS 0x0000000718600000| PB 0x0000000718600000| Complete 
| 114|0x0000000718800000, 0x0000000718a00000, 0x0000000718a00000|100%| E|CS|TAMS 0x0000000718800000| PB 0x0000000718800000| Complete 
| 115|0x0000000718a00000, 0x0000000718c00000, 0x0000000718c00000|100%| E|CS|TAMS 0x0000000718a00000| PB 0x0000000718a00000| Complete 
| 116|0x0000000718c00000, 0x0000000718e00000, 0x0000000718e00000|100%| E|CS|TAMS 0x0000000718c00000| PB 0x0000000718c00000| Complete 
| 117|0x0000000718e00000, 0x0000000719000000, 0x0000000719000000|100%| E|CS|TAMS 0x0000000718e00000| PB 0x0000000718e00000| Complete 
| 118|0x0000000719000000, 0x0000000719200000, 0x0000000719200000|100%| E|CS|TAMS 0x0000000719000000| PB 0x0000000719000000| Complete 
| 119|0x0000000719200000, 0x0000000719400000, 0x0000000719400000|100%| E|CS|TAMS 0x0000000719200000| PB 0x0000000719200000| Complete 
| 120|0x0000000719400000, 0x0000000719600000, 0x0000000719600000|100%| E|CS|TAMS 0x0000000719400000| PB 0x0000000719400000| Complete 
| 121|0x0000000719600000, 0x0000000719800000, 0x0000000719800000|100%| E|CS|TAMS 0x0000000719600000| PB 0x0000000719600000| Complete 
| 122|0x0000000719800000, 0x0000000719a00000, 0x0000000719a00000|100%| E|CS|TAMS 0x0000000719800000| PB 0x0000000719800000| Complete 

Card table byte_map: [0x0000022858640000,0x0000022858df0000] _byte_map_base: 0x0000022854dee000

Marking Bits: (CMBitMap*) 0x000002283e135700
 Bits: [0x0000022858df0000, 0x000002285cb60000)

Polling page: 0x000002283dec0000

Metaspace:

Usage:
  Non-class:     15.66 MB used.
      Class:      2.16 MB used.
       Both:     17.82 MB used.

Virtual space:
  Non-class space:       64.00 MB reserved,      15.88 MB ( 25%) committed,  1 nodes.
      Class space:        1.00 GB reserved,       2.38 MB ( <1%) committed,  1 nodes.
             Both:        1.06 GB reserved,      18.25 MB (  2%) committed. 

Chunk freelists:
   Non-Class:  15.66 MB
       Class:  13.55 MB
        Both:  29.21 MB

MaxMetaspaceSize: unlimited
CompressedClassSpaceSize: 1.00 GB
Initial GC threshold: 21.00 MB
Current GC threshold: 21.00 MB
CDS: on
 - commit_granule_bytes: 65536.
 - commit_granule_words: 8192.
 - virtual_space_node_default_size: 8388608.
 - enlarge_chunks_in_place: 1.
 - use_allocation_guard: 0.


Internal statistics:

num_allocs_failed_limit: 0.
num_arena_births: 412.
num_arena_deaths: 0.
num_vsnodes_births: 2.
num_vsnodes_deaths: 0.
num_space_committed: 292.
num_space_uncommitted: 0.
num_chunks_returned_to_freelist: 0.
num_chunks_taken_from_freelist: 1042.
num_chunk_merges: 0.
num_chunk_splits: 687.
num_chunks_enlarged: 474.
num_inconsistent_stats: 0.

CodeHeap 'non-profiled nmethods': size=119168Kb used=1086Kb max_used=1086Kb free=118082Kb
 bounds [0x000002284fb70000, 0x000002284fde0000, 0x0000022856fd0000]
CodeHeap 'profiled nmethods': size=119104Kb used=5415Kb max_used=5415Kb free=113688Kb
 bounds [0x0000022847fd0000, 0x0000022848520000, 0x000002284f420000]
CodeHeap 'non-nmethods': size=7488Kb used=3124Kb max_used=3138Kb free=4363Kb
 bounds [0x000002284f420000, 0x000002284f7c0000, 0x000002284fb70000]
 total_blobs=3290 nmethods=2765 adapters=426
 compilation: enabled
              stopped_count=0, restarted_count=0
 full_count=0

Compilation events (20 events):
Event: 3.557 Thread 0x00000228a5087fc0 2608       3       org.apache.commons.logging.LogAdapter$$Lambda/0x0000022861007360::apply (8 bytes)
Event: 3.557 Thread 0x00000228a50359c0 2609       3       org.apache.commons.logging.LogAdapter$Slf4jAdapter::createLocationAwareLog (37 bytes)
Event: 3.557 Thread 0x00000228a52e0580 nmethod 2493 0x000002284fc6a010 code [0x000002284fc6a360, 0x000002284fc6c398]
Event: 3.557 Thread 0x00000228a5087fc0 nmethod 2608 0x00000228484ab810 code [0x00000228484ab9c0, 0x00000228484abbf0]
Event: 3.557 Thread 0x00000228a5087fc0 2613       1       java.net.JarURLConnection::getJarFileURL (5 bytes)
Event: 3.557 Thread 0x00000228a5087fc0 nmethod 2613 0x000002284fc6df10 code [0x000002284fc6e0a0, 0x000002284fc6e170]
Event: 3.558 Thread 0x00000228a50359c0 nmethod 2609 0x00000228484abc90 code [0x00000228484abee0, 0x00000228484ac9e8]
Event: 3.558 Thread 0x00000228a5087fc0 2615       1       java.net.JarURLConnection::getEntryName (5 bytes)
Event: 3.558 Thread 0x00000228a5087fc0 nmethod 2615 0x000002284fc6e210 code [0x000002284fc6e3a0, 0x000002284fc6e470]
Event: 3.558 Thread 0x00000228a5087fc0 2610       3       org.slf4j.LoggerFactory::getLogger (12 bytes)
Event: 3.558 Thread 0x00000228a50359c0 2611       3       ch.qos.logback.classic.LoggerContext::getLogger (6 bytes)
Event: 3.558 Thread 0x00000228a50359c0 nmethod 2611 0x00000228484acd10 code [0x00000228484acec0, 0x00000228484ad018]
Event: 3.558 Thread 0x00000228a5087fc0 nmethod 2610 0x00000228484ad110 code [0x00000228484ad2e0, 0x00000228484ad5f0]
Event: 3.558 Thread 0x00000228a50359c0 2618   !   3       java.security.AccessController::doPrivileged (22 bytes)
Event: 3.558 Thread 0x00000228a5087fc0 2617       1       org.springframework.core.annotation.AnnotationTypeMapping::getMetaTypes (5 bytes)
Event: 3.559 Thread 0x00000228a5087fc0 nmethod 2617 0x000002284fc6e510 code [0x000002284fc6e6a0, 0x000002284fc6e770]
Event: 3.559 Thread 0x00000228a50359c0 nmethod 2618 0x00000228484ad710 code [0x00000228484ad900, 0x00000228484adda8]
Event: 3.559 Thread 0x00000228a5087fc0 2619       3       org.springframework.core.type.classreading.SimpleMethodMetadataReadingVisitor::getSource (36 bytes)
Event: 3.559 Thread 0x00000228a5087fc0 nmethod 2619 0x00000228484ae010 code [0x00000228484ae1e0, 0x00000228484ae5f8]
Event: 3.562 Thread 0x00000228a52e0580 2614       4       java.util.HashMap::get (19 bytes)

GC Heap History (4 events):
Event: 0.695 GC heap before
{Heap before GC invocations=0 (full 0):
 garbage-first heap   total 251904K, used 22528K [0x000000070a400000, 0x0000000800000000)
  region size 2048K, 11 young (22528K), 0 survivors (0K)
 Metaspace       used 6427K, committed 6656K, reserved 1114112K
  class space    used 733K, committed 832K, reserved 1048576K
}
Event: 0.698 GC heap after
{Heap after GC invocations=1 (full 0):
 garbage-first heap   total 251904K, used 4453K [0x000000070a400000, 0x0000000800000000)
  region size 2048K, 2 young (4096K), 2 survivors (4096K)
 Metaspace       used 6427K, committed 6656K, reserved 1114112K
  class space    used 733K, committed 832K, reserved 1048576K
}
Event: 2.166 GC heap before
{Heap before GC invocations=1 (full 0):
 garbage-first heap   total 251904K, used 33125K [0x000000070a400000, 0x0000000800000000)
  region size 2048K, 17 young (34816K), 2 survivors (4096K)
 Metaspace       used 14519K, committed 14848K, reserved 1114112K
  class space    used 1754K, committed 1920K, reserved 1048576K
}
Event: 2.171 GC heap after
{Heap after GC invocations=2 (full 0):
 garbage-first heap   total 251904K, used 7029K [0x000000070a400000, 0x0000000800000000)
  region size 2048K, 2 young (4096K), 2 survivors (4096K)
 Metaspace       used 14519K, committed 14848K, reserved 1114112K
  class space    used 1754K, committed 1920K, reserved 1048576K
}

Dll operation events (7 events):
Event: 0.037 Loaded shared library C:\Program Files\Java\jdk-21\bin\java.dll
Event: 0.109 Loaded shared library C:\Program Files\Java\jdk-21\bin\jsvml.dll
Event: 0.175 Loaded shared library C:\Program Files\Java\jdk-21\bin\net.dll
Event: 0.180 Loaded shared library C:\Program Files\Java\jdk-21\bin\nio.dll
Event: 0.188 Loaded shared library C:\Program Files\Java\jdk-21\bin\zip.dll
Event: 0.266 Loaded shared library C:\Program Files\Java\jdk-21\bin\jimage.dll
Event: 2.323 Loaded shared library C:\Program Files\Java\jdk-21\bin\sunmscapi.dll

Deoptimization events (20 events):
Event: 2.368 Thread 0x00000228a5f842e0 Uncommon trap: trap_request=0xffffff45 fr.pc=0x000002284fc21f6c relative=0x0000000000000dac
Event: 2.368 Thread 0x00000228a5f842e0 Uncommon trap: reason=unstable_if action=reinterpret pc=0x000002284fc21f6c method=java.util.concurrent.ConcurrentHashMap.putVal(Ljava/lang/Object;Ljava/lang/Object;Z)Ljava/lang/Object; @ 97 c2
Event: 2.368 Thread 0x00000228a5f842e0 DEOPT PACKING pc=0x000002284fc21f6c sp=0x000000b22d8fe420
Event: 2.368 Thread 0x00000228a5f842e0 DEOPT UNPACKING pc=0x000002284f4746a2 sp=0x000000b22d8fe3b8 mode 2
Event: 2.401 Thread 0x000002283e0c6350 DEOPT PACKING pc=0x00000228483e48e7 sp=0x000000b22bcfda20
Event: 2.401 Thread 0x000002283e0c6350 DEOPT UNPACKING pc=0x000002284f474e42 sp=0x000000b22bcfcef8 mode 0
Event: 2.431 Thread 0x000002283e0c6350 DEOPT PACKING pc=0x00000228483c1f5e sp=0x000000b22bcfe8b0
Event: 2.431 Thread 0x000002283e0c6350 DEOPT UNPACKING pc=0x000002284f474e42 sp=0x000000b22bcfddc0 mode 0
Event: 2.431 Thread 0x000002283e0c6350 DEOPT PACKING pc=0x00000228483c1f3d sp=0x000000b22bcfeb30
Event: 2.431 Thread 0x000002283e0c6350 DEOPT UNPACKING pc=0x000002284f474e42 sp=0x000000b22bcfe058 mode 0
Event: 2.438 Thread 0x000002283e0c6350 Uncommon trap: trap_request=0xffffff45 fr.pc=0x000002284fc34680 relative=0x00000000000003a0
Event: 2.438 Thread 0x000002283e0c6350 Uncommon trap: reason=unstable_if action=reinterpret pc=0x000002284fc34680 method=java.lang.Integer.parseInt(Ljava/lang/String;I)I @ 119 c2
Event: 2.438 Thread 0x000002283e0c6350 DEOPT PACKING pc=0x000002284fc34680 sp=0x000000b22bcfea00
Event: 2.438 Thread 0x000002283e0c6350 DEOPT UNPACKING pc=0x000002284f4746a2 sp=0x000000b22bcfe978 mode 2
Event: 3.518 Thread 0x000002283e0c6350 Uncommon trap: trap_request=0xffffff45 fr.pc=0x000002284fbe2610 relative=0x0000000000000c10
Event: 3.518 Thread 0x000002283e0c6350 Uncommon trap: reason=unstable_if action=reinterpret pc=0x000002284fbe2610 method=jdk.internal.org.objectweb.asm.SymbolTable.put(Ljdk/internal/org/objectweb/asm/SymbolTable$Entry;)Ljdk/internal/org/objectweb/asm/SymbolTable$Entry; @ 13 c2
Event: 3.518 Thread 0x000002283e0c6350 DEOPT PACKING pc=0x000002284fbe2610 sp=0x000000b22bcfd230
Event: 3.518 Thread 0x000002283e0c6350 DEOPT UNPACKING pc=0x000002284f4746a2 sp=0x000000b22bcfd168 mode 2
Event: 3.523 Thread 0x000002283e0c6350 DEOPT PACKING pc=0x00000228483e48e7 sp=0x000000b22bcfdc20
Event: 3.523 Thread 0x000002283e0c6350 DEOPT UNPACKING pc=0x000002284f474e42 sp=0x000000b22bcfd0f8 mode 0

Classes loaded (20 events):
Event: 2.332 Loading class sun/security/provider/certpath/ldap/JdkLDAP$ProviderService
Event: 2.332 Loading class sun/security/provider/certpath/ldap/JdkLDAP$ProviderService done
Event: 2.333 Loading class com/sun/security/sasl/Provider
Event: 2.333 Loading class com/sun/security/sasl/Provider done
Event: 2.333 Loading class com/sun/security/sasl/Provider$1
Event: 2.333 Loading class com/sun/security/sasl/Provider$1 done
Event: 2.333 Loading class com/sun/security/sasl/Provider$ProviderService
Event: 2.333 Loading class com/sun/security/sasl/Provider$ProviderService done
Event: 2.365 Loading class java/lang/Thread$ThreadNumbering
Event: 2.366 Loading class java/lang/Thread$ThreadNumbering done
Event: 2.379 Loading class javax/naming/ldap/LdapContext
Event: 2.379 Loading class javax/naming/directory/DirContext
Event: 2.380 Loading class javax/naming/directory/DirContext done
Event: 2.380 Loading class javax/naming/ldap/LdapContext done
Event: 3.522 Loading class java/util/stream/Streams$ConcatSpliterator$OfRef
Event: 3.522 Loading class java/util/stream/Streams$ConcatSpliterator
Event: 3.522 Loading class java/util/stream/Streams$ConcatSpliterator done
Event: 3.522 Loading class java/util/stream/Streams$ConcatSpliterator$OfRef done
Event: 3.522 Loading class java/util/stream/Streams$2
Event: 3.522 Loading class java/util/stream/Streams$2 done

Classes unloaded (0 events):
No events

Classes redefined (4 events):
Event: 0.157 Thread 0x000002285f14a220 redefined class name=java.io.FileOutputStream, count=1
Event: 0.159 Thread 0x000002285f14a220 redefined class name=java.lang.ClassLoader, count=1
Event: 0.159 Thread 0x000002285f14a220 redefined class name=java.io.File, count=1
Event: 0.160 Thread 0x000002285f14a220 redefined class name=java.net.URLStreamHandler, count=1

Internal exceptions (20 events):
Event: 0.890 Thread 0x000002283e0c6350 Exception <a 'java/lang/NoSuchMethodError'{0x000000071937a170}: 'int java.lang.invoke.DirectMethodHandle$Holder.invokeVirtual(java.lang.Object, java.lang.Object, java.lang.Object)'> (0x000000071937a170) 
thrown [s\open\src\hotspot\share\interpreter\linkResolver.cpp, line 773]
Event: 0.891 Thread 0x000002283e0c6350 Exception <a 'java/lang/NoSuchMethodError'{0x000000071937d7d0}: 'int java.lang.invoke.DirectMethodHandle$Holder.invokeVirtual(java.lang.Object, java.lang.Object)'> (0x000000071937d7d0) 
thrown [s\open\src\hotspot\share\interpreter\linkResolver.cpp, line 773]
Event: 0.891 Thread 0x000002283e0c6350 Exception <a 'java/lang/NoSuchMethodError'{0x0000000719381710}: 'int java.lang.invoke.DirectMethodHandle$Holder.invokeStaticInit(java.lang.Object, int, int)'> (0x0000000719381710) 
thrown [s\open\src\hotspot\share\interpreter\linkResolver.cpp, line 773]
Event: 0.891 Thread 0x000002283e0c6350 Exception <a 'java/lang/NoSuchMethodError'{0x0000000719388af0}: 'int java.lang.invoke.DirectMethodHandle$Holder.invokeStaticInit(java.lang.Object, long, long)'> (0x0000000719388af0) 
thrown [s\open\src\hotspot\share\interpreter\linkResolver.cpp, line 773]
Event: 0.892 Thread 0x000002283e0c6350 Exception <a 'java/lang/NoSuchMethodError'{0x000000071938f428}: 'int java.lang.invoke.DirectMethodHandle$Holder.invokeStaticInit(java.lang.Object, float, float)'> (0x000000071938f428) 
thrown [s\open\src\hotspot\share\interpreter\linkResolver.cpp, line 773]
Event: 0.892 Thread 0x000002283e0c6350 Exception <a 'java/lang/NoSuchMethodError'{0x0000000719395d58}: 'int java.lang.invoke.DirectMethodHandle$Holder.invokeStaticInit(java.lang.Object, double, double)'> (0x0000000719395d58) 
thrown [s\open\src\hotspot\share\interpreter\linkResolver.cpp, line 773]
Event: 0.893 Thread 0x000002283e0c6350 Exception <a 'java/lang/NoSuchMethodError'{0x0000000719399fd8}: 'int java.lang.invoke.DirectMethodHandle$Holder.invokeStatic(java.lang.Object, long)'> (0x0000000719399fd8) 
thrown [s\open\src\hotspot\share\interpreter\linkResolver.cpp, line 773]
Event: 0.895 Thread 0x000002283e0c6350 Exception <a 'java/lang/NoSuchMethodError'{0x00000007193bb2c8}: 'int java.lang.invoke.Invokers$Holder.linkToTargetMethod(java.lang.Object, java.lang.Object)'> (0x00000007193bb2c8) 
thrown [s\open\src\hotspot\share\interpreter\linkResolver.cpp, line 773]
Event: 0.897 Thread 0x000002283e0c6350 Exception <a 'java/lang/NoSuchMethodError'{0x0000000719010708}: 'java.lang.reflect.Field[] java.lang.Class.getDeclaredFields(java.lang.Class)'> (0x0000000719010708) 
thrown [s\open\src\hotspot\share\interpreter\linkResolver.cpp, line 773]
Event: 0.911 Thread 0x000002283e0c6350 Exception <a 'java/lang/IncompatibleClassChangeError'{0x00000007190eb708}: Found class java.lang.Object, but interface was expected> (0x00000007190eb708) 
thrown [s\open\src\hotspot\share\interpreter\linkResolver.cpp, line 840]
Event: 2.199 Thread 0x00000228a5f842e0 Exception <a 'java/lang/NoSuchMethodError'{0x00000007196841f0}: 'long java.lang.invoke.DirectMethodHandle$Holder.invokeSpecial(java.lang.Object, java.lang.Object)'> (0x00000007196841f0) 
thrown [s\open\src\hotspot\share\interpreter\linkResolver.cpp, line 773]
Event: 2.200 Thread 0x00000228a5f842e0 Exception <a 'java/lang/NoSuchMethodError'{0x000000071968dda0}: 'long java.lang.invoke.DirectMethodHandle$Holder.invokeStatic(java.lang.Object, java.lang.Object)'> (0x000000071968dda0) 
thrown [s\open\src\hotspot\share\interpreter\linkResolver.cpp, line 773]
Event: 2.201 Thread 0x00000228a5f842e0 Exception <a 'java/lang/NoSuchMethodError'{0x0000000719690e68}: 'long java.lang.invoke.DirectMethodHandle$Holder.invokeStaticInit(java.lang.Object, java.lang.Object)'> (0x0000000719690e68) 
thrown [s\open\src\hotspot\share\interpreter\linkResolver.cpp, line 773]
Event: 2.202 Thread 0x00000228a5f842e0 Exception <a 'java/lang/NoSuchMethodError'{0x0000000719713fb8}: 'long java.lang.invoke.DirectMethodHandle$Holder.invokeInterface(java.lang.Object, java.lang.Object)'> (0x0000000719713fb8) 
thrown [s\open\src\hotspot\share\interpreter\linkResolver.cpp, line 773]
Event: 2.202 Thread 0x00000228a5f842e0 Exception <a 'java/lang/IncompatibleClassChangeError'{0x0000000719716fc8}: Found class java.lang.Object, but interface was expected> (0x0000000719716fc8) 
thrown [s\open\src\hotspot\share\interpreter\linkResolver.cpp, line 840]
Event: 2.207 Thread 0x00000228a5f842e0 Exception <a 'java/lang/NoSuchMethodError'{0x000000071972c160}: 'java.lang.Object java.lang.invoke.DirectMethodHandle$Holder.invokeVirtual(java.lang.Object, java.lang.Object, java.lang.Object, java.lang.Object)'> (0x000000071972c160) 
thrown [s\open\src\hotspot\share\interpreter\linkResolver.cpp, line 773]
Event: 2.223 Thread 0x000002283e0c6350 Exception <a 'java/lang/NoSuchMethodError'{0x00000007197c38f0}: 'java.lang.Object java.lang.invoke.DirectMethodHandle$Holder.invokeVirtual(java.lang.Object, java.lang.Object, java.lang.Object)'> (0x00000007197c38f0) 
thrown [s\open\src\hotspot\share\interpreter\linkResolver.cpp, line 773]
Event: 2.230 Thread 0x000002283e0c6350 Exception <a 'java/lang/NoSuchMethodError'{0x00000007197dae28}: 'int java.lang.invoke.DirectMethodHandle$Holder.invokeSpecial(java.lang.Object, java.lang.Object, java.lang.Object, java.lang.Object, java.lang.Object)'> (0x00000007197dae28) 
thrown [s\open\src\hotspot\share\interpreter\linkResolver.cpp, line 773]
Event: 2.232 Thread 0x000002283e0c6350 Exception <a 'java/lang/NoSuchMethodError'{0x00000007197e30a8}: 'void java.lang.invoke.DirectMethodHandle$Holder.invokeVirtual(java.lang.Object, java.lang.Object)'> (0x00000007197e30a8) 
thrown [s\open\src\hotspot\share\interpreter\linkResolver.cpp, line 773]
Event: 2.428 Thread 0x000002283e0c6350 Exception <a 'java/lang/IncompatibleClassChangeError'{0x0000000718fb1d20}: Found class java.lang.Object, but interface was expected> (0x0000000718fb1d20) 
thrown [s\open\src\hotspot\share\interpreter\linkResolver.cpp, line 840]

ZGC Phase Switch (0 events):
No events

VM Operations (20 events):
Event: 1.011 Executing VM operation: HandshakeAllThreads (Deoptimize)
Event: 1.011 Executing VM operation: HandshakeAllThreads (Deoptimize) done
Event: 2.019 Executing VM operation: Cleanup
Event: 2.019 Executing VM operation: Cleanup done
Event: 2.143 Executing VM operation: HandshakeAllThreads (Deoptimize)
Event: 2.143 Executing VM operation: HandshakeAllThreads (Deoptimize) done
Event: 2.166 Executing VM operation: G1CollectForAllocation (G1 Evacuation Pause)
Event: 2.171 Executing VM operation: G1CollectForAllocation (G1 Evacuation Pause) done
Event: 2.207 Executing VM operation: HandshakeAllThreads (Deoptimize)
Event: 2.207 Executing VM operation: HandshakeAllThreads (Deoptimize) done
Event: 2.249 Executing VM operation: HandshakeAllThreads (Deoptimize)
Event: 2.249 Executing VM operation: HandshakeAllThreads (Deoptimize) done
Event: 2.284 Executing VM operation: HandshakeAllThreads (Deoptimize)
Event: 2.284 Executing VM operation: HandshakeAllThreads (Deoptimize) done
Event: 2.433 Executing VM operation: HandshakeAllThreads (Deoptimize)
Event: 2.433 Executing VM operation: HandshakeAllThreads (Deoptimize) done
Event: 3.443 Executing VM operation: Cleanup
Event: 3.475 Executing VM operation: Cleanup done
Event: 4.486 Executing VM operation: Cleanup
Event: 4.487 Executing VM operation: Cleanup done

Events (20 events):
Event: 0.103 Thread 0x00000228a50161f0 Thread added: 0x00000228a50161f0
Event: 0.103 Thread 0x00000228a50177b0 Thread added: 0x00000228a50177b0
Event: 0.103 Thread 0x00000228a5020eb0 Thread added: 0x00000228a5020eb0
Event: 0.103 Thread 0x00000228a502fc90 Thread added: 0x00000228a502fc90
Event: 0.103 Thread 0x00000228a50359c0 Thread added: 0x00000228a50359c0
Event: 0.106 Thread 0x00000228a5087fc0 Thread added: 0x00000228a5087fc0
Event: 0.160 Thread 0x00000228a51fe710 Thread added: 0x00000228a51fe710
Event: 0.164 Thread 0x00000228a51fef30 Thread added: 0x00000228a51fef30
Event: 0.213 Thread 0x00000228a52e0580 Thread added: 0x00000228a52e0580
Event: 0.332 Thread 0x00000228a55740f0 Thread added: 0x00000228a55740f0
Event: 0.333 Thread 0x00000228a5573440 Thread added: 0x00000228a5573440
Event: 0.339 Thread 0x00000228a55b1000 Thread added: 0x00000228a55b1000
Event: 0.880 Thread 0x00000228a5f842e0 Thread added: 0x00000228a5f842e0
Event: 2.035 Thread 0x00000228a5573440 Thread exited: 0x00000228a5573440
Event: 2.292 Thread 0x00000228a672e490 Thread added: 0x00000228a672e490
Event: 2.312 Thread 0x00000228a6df43b0 Thread added: 0x00000228a6df43b0
Event: 2.338 Thread 0x00000228a5f842e0 Thread exited: 0x00000228a5f842e0
Event: 2.366 Thread 0x00000228a5f842e0 Thread added: 0x00000228a5f842e0
Event: 2.386 Thread 0x00000228a5f842e0 Thread exited: 0x00000228a5f842e0
Event: 3.477 Thread 0x00000228a55740f0 Thread exited: 0x00000228a55740f0


Dynamic libraries:
0x00007ff7c0780000 - 0x00007ff7c0790000 	C:\Program Files\Java\jdk-21\bin\java.exe
0x00007ffc40760000 - 0x00007ffc409c7000 	C:\Windows\SYSTEM32\ntdll.dll
0x00007ffc40480000 - 0x00007ffc40549000 	C:\Windows\System32\KERNEL32.DLL
0x00007ffc40080000 - 0x00007ffc40471000 	C:\Windows\System32\KERNELBASE.dll
0x0000000079ed0000 - 0x0000000079f0e000 	C:\Windows\System32\cyinjct.dll
0x00007ffc3fef0000 - 0x00007ffc3ff14000 	C:\Windows\System32\cyvera.dll
0x00007ffc16170000 - 0x00007ffc16189000 	C:\Program Files\Java\jdk-21\bin\jli.dll
0x00007ffc3e000000 - 0x00007ffc3e0bb000 	C:\Windows\System32\ADVAPI32.dll
0x00007ffc3eb90000 - 0x00007ffc3ec39000 	C:\Windows\System32\msvcrt.dll
0x00007ffc3fca0000 - 0x00007ffc3fd47000 	C:\Windows\System32\sechost.dll
0x00007ffc3ff60000 - 0x00007ffc40078000 	C:\Windows\System32\RPCRT4.dll
0x000002283daf0000 - 0x000002283dcb5000 	C:\Windows\System32\USER32.dll
0x00007ffc3d140000 - 0x00007ffc3d167000 	C:\Windows\System32\win32u.dll
0x00007ffc3ed10000 - 0x00007ffc3ed3b000 	C:\Windows\System32\GDI32.dll
0x00007ffc3d220000 - 0x00007ffc3d34b000 	C:\Windows\System32\gdi32full.dll
0x00007ffc3d090000 - 0x00007ffc3d133000 	C:\Windows\System32\msvcp_win.dll
0x000002283dcc0000 - 0x000002283de0b000 	C:\Windows\System32\ucrtbase.dll
0x00007ffc15a70000 - 0x00007ffc15a8b000 	C:\Program Files\Java\jdk-21\bin\VCRUNTIME140.dll
0x00007ffc1f910000 - 0x00007ffc1fba3000 	C:\Windows\WinSxS\amd64_microsoft.windows.common-controls_6595b64144ccf1df_6.0.26100.8037_none_3e092faae333b53b\COMCTL32.dll
0x00007ffc37830000 - 0x00007ffc3783b000 	C:\Windows\SYSTEM32\VERSION.dll
0x00007ffc3fe20000 - 0x00007ffc3fee6000 	C:\Windows\System32\cyvrtrap.dll
0x00007ffc3e300000 - 0x00007ffc3e331000 	C:\Windows\System32\IMM32.DLL
0x00007ffc24960000 - 0x00007ffc2496c000 	C:\Program Files\Java\jdk-21\bin\vcruntime140_1.dll
0x00007ffbbd9d0000 - 0x00007ffbbda5e000 	C:\Program Files\Java\jdk-21\bin\msvcp140.dll
0x00007ffb6f640000 - 0x00007ffb7035d000 	C:\Program Files\Java\jdk-21\bin\server\jvm.dll
0x00007ffc3fd50000 - 0x00007ffc3fdc4000 	C:\Windows\System32\WS2_32.dll
0x00007ffc3cb50000 - 0x00007ffc3cbae000 	C:\Windows\SYSTEM32\POWRPROF.dll
0x00007ffc2ed50000 - 0x00007ffc2ed85000 	C:\Windows\SYSTEM32\WINMM.dll
0x00007ffc3ca80000 - 0x00007ffc3ca94000 	C:\Windows\SYSTEM32\UMPDC.dll
0x00007ffc3bc00000 - 0x00007ffc3bc1b000 	C:\Windows\SYSTEM32\kernel.appcore.dll
0x00007ffc1b120000 - 0x00007ffc1b12a000 	C:\Program Files\Java\jdk-21\bin\jimage.dll
0x00007ffc25850000 - 0x00007ffc25a92000 	C:\Windows\SYSTEM32\DBGHELP.DLL
0x00007ffc3f550000 - 0x00007ffc3f8d2000 	C:\Windows\System32\combase.dll
0x00007ffc3fa60000 - 0x00007ffc3fb37000 	C:\Windows\System32\OLEAUT32.dll
0x00007ffc19680000 - 0x00007ffc196bb000 	C:\Windows\SYSTEM32\dbgcore.DLL
0x00007ffc3d170000 - 0x00007ffc3d215000 	C:\Windows\System32\bcryptPrimitives.dll
0x00007ffc3fdd0000 - 0x00007ffc3fe1a000 	C:\Program Files\Palo Alto Networks\Traps\cyjagent.dll
0x00007ffc11300000 - 0x00007ffc1131f000 	C:\Program Files\Java\jdk-21\bin\java.dll
0x00007ffc3ed60000 - 0x00007ffc3f4bf000 	C:\Windows\System32\SHELL32.dll
0x00007ffc3d350000 - 0x00007ffc3d4ba000 	C:\Windows\System32\wintypes.dll
0x00007ffc3d700000 - 0x00007ffc3df64000 	C:\Windows\System32\windows.storage.dll
0x00007ffc3e3b0000 - 0x00007ffc3e4a7000 	C:\Windows\System32\SHCORE.dll
0x00007ffc3e4b0000 - 0x00007ffc3e517000 	C:\Windows\System32\shlwapi.dll
0x00007ffc3cdd0000 - 0x00007ffc3cdf9000 	C:\Windows\SYSTEM32\profapi.dll
0x00007ffbbd760000 - 0x00007ffbbd837000 	C:\Program Files\Java\jdk-21\bin\jsvml.dll
0x00007ffc1ad00000 - 0x00007ffc1ad10000 	C:\Program Files\Java\jdk-21\bin\net.dll
0x00007ffc37200000 - 0x00007ffc37327000 	C:\Windows\SYSTEM32\WINHTTP.dll
0x00007ffc3c150000 - 0x00007ffc3c1bb000 	C:\Windows\system32\mswsock.dll
0x00007ffbf9d50000 - 0x00007ffbf9d66000 	C:\Program Files\Java\jdk-21\bin\nio.dll
0x00007ffbf9d30000 - 0x00007ffbf9d48000 	C:\Program Files\Java\jdk-21\bin\zip.dll
0x00007ffc1a700000 - 0x00007ffc1a70e000 	C:\Program Files\Java\jdk-21\bin\sunmscapi.dll
0x00007ffc3d4c0000 - 0x00007ffc3d637000 	C:\Windows\System32\CRYPT32.dll
0x00007ffc3c6b0000 - 0x00007ffc3c6e0000 	C:\Windows\SYSTEM32\ncrypt.dll
0x00007ffc3c660000 - 0x00007ffc3c69f000 	C:\Windows\SYSTEM32\NTASN1.dll

dbghelp: loaded successfully - version: 4.0.5 - missing functions: none
symbol engine: initialized successfully - sym options: 0x614 - pdb path: .;C:\Program Files\Java\jdk-21\bin;C:\Windows\SYSTEM32;C:\Windows\WinSxS\amd64_microsoft.windows.common-controls_6595b64144ccf1df_6.0.26100.8037_none_3e092faae333b53b;C:\Program Files\Java\jdk-21\bin\server;C:\Program Files\Palo Alto Networks\Traps

VM Arguments:
jvm_args: -XX:+ShowCodeDetailsInExceptionMessages -agentpath:C:\Program Files\Palo Alto Networks\Traps\cyjagent.dll 
java_command: com.biblioteca.Application
java_class_path (initial): C:\workspace\biblioteca\target\classes;C:\Users\PN-Docente\.m2\repository\org\springframework\boot\spring-boot-starter-web\3.5.11\spring-boot-starter-web-3.5.11.jar;C:\Users\PN-Docente\.m2\repository\org\springframework\boot\spring-boot-starter\3.5.11\spring-boot-starter-3.5.11.jar;C:\Users\PN-Docente\.m2\repository\org\springframework\boot\spring-boot\3.5.11\spring-boot-3.5.11.jar;C:\Users\PN-Docente\.m2\repository\org\springframework\boot\spring-boot-autoconfigure\3.5.11\spring-boot-autoconfigure-3.5.11.jar;C:\Users\PN-Docente\.m2\repository\org\springframework\boot\spring-boot-starter-logging\3.5.11\spring-boot-starter-logging-3.5.11.jar;C:\Users\PN-Docente\.m2\repository\ch\qos\logback\logback-classic\1.5.32\logback-classic-1.5.32.jar;C:\Users\PN-Docente\.m2\repository\ch\qos\logback\logback-core\1.5.32\logback-core-1.5.32.jar;C:\Users\PN-Docente\.m2\repository\org\apache\logging\log4j\log4j-to-slf4j\2.24.3\log4j-to-slf4j-2.24.3.jar;C:\Users\PN-Docente\.m2\repository\org\apache\logging\log4j\log4j-api\2.24.3\log4j-api-2.24.3.jar;C:\Users\PN-Docente\.m2\repository\org\slf4j\jul-to-slf4j\2.0.17\jul-to-slf4j-2.0.17.jar;C:\Users\PN-Docente\.m2\repository\jakarta\annotation\jakarta.annotation-api\2.1.1\jakarta.annotation-api-2.1.1.jar;C:\Users\PN-Docente\.m2\repository\org\yaml\snakeyaml\2.4\snakeyaml-2.4.jar;C:\Users\PN-Docente\.m2\repository\org\springframework\boot\spring-boot-starter-json\3.5.11\spring-boot-starter-json-3.5.11.jar;C:\Users\PN-Docente\.m2\repository\com\fasterxml\jackson\core\jackson-databind\2.19.4\jackson-databind-2.19.4.jar;C:\Users\PN-Docente\.m2\repository\com\fasterxml\jackson\core\jackson-annotations\2.19.4\jackson-annotations-2.19.4.jar;C:\Users\PN-Docente\.m2\repository\com\fasterxml\jackson\core\jackson-core\2.19.4\jackson-core-2.19.4.jar;C:\Users\PN-Docente\.m2\repository\com\fasterxml\jackson\datatype\jackson-datatype-jdk8\2.19.4\jackson-datatype-jdk8-2.19.4.jar;C:\Users\PN-Docente\.m2\repository\com\fasterxml\jackson\datatype\jackson-datatype-jsr310\2.19.4\jackson-datatype-jsr310-2.19.4.jar;C:\Users\PN-Docente\.m2\repository\com\fasterxml\jackson\module\jackson-module-parameter-names\2.19.4\jackson-module-parameter-names-2.19.4.jar;C:\Users\PN-Docente\.m2\repository\org\springframework\boot\spring-boot-starter-tomcat\3.5.11\spring-boot-starter-tomcat-3.5.11.jar;C:\Users\PN-Docente\.m2\repository\org\apache\tomcat\embed\tomcat-embed-core\10.1.52\tomcat-embed-core-10.1.52.jar;C:\Users\PN-Docente\.m2\repository\org\apache\tomcat\embed\tomcat-embed-el\10.1.52\tomcat-embed-el-10.1.52.jar;C:\Users\PN-Docente\.m2\repository\org\apache\tomcat\embed\tomcat-embed-websocket\10.1.52\tomcat-embed-websocket-10.1.52.jar;C:\Users\PN-Docente\.m2\repository\org\springframework\spring-web\6.2.16\spring-web-6.2.16.jar;C:\Users\PN-Docente\.m2\repository\org\springframework\spring-beans\6.2.16\spring-beans-6.2.16.jar;C:\Users\PN-Docente\.m2\repository\io\micrometer\micrometer-observation\1.15.9\micrometer-observation-1.15.9.jar;C:\Users\PN-Docente\.m2\repository\io\micrometer\micrometer-commons\1.15.9\micrometer-commons-1.15.9.jar;C:\Users\PN-Docente\.m2\repository\org\springframework\spring-webmvc\6.2.16\spring-webmvc-6.2.16.jar;C:\Users\PN-Docente\.m2\repository\org\springframework\spring-aop\6.2.16\spring-aop-6.2.16.jar;C:\Users\PN-Docente\.m2\repository\org\springframework\spring-context\6.2.16\spring-context-6.2.16.jar;C:\Users\PN-Docente\.m2\repository\org\springframework\spring-expression\6.2.16\spring-expression-6.2.16.jar;C:\Users\PN-Docente\.m2\repository\org\projectlombok\lombok\1.18.42\lombok-1.18.42.jar;C:\Users\PN-Docente\.m2\repository\org\slf4j\slf4j-api\2.0.17\slf4j-api-2.0.17.jar;C:\Users\PN-Docente\.m2\repository\org\springframework\spring-core\6.2.16\spring-core-6.2.16.jar;C:\Users\PN-Docente\.m2\repository\org\springframework\spring-jcl\6.2.16\spring-jcl-6.2.16.jar
Launcher Type: SUN_STANDARD

[Global flags]
     intx CICompilerCount                          = 12                                        {product} {ergonomic}
     uint ConcGCThreads                            = 3                                         {product} {ergonomic}
     uint G1ConcRefinementThreads                  = 13                                        {product} {ergonomic}
   size_t G1HeapRegionSize                         = 2097152                                   {product} {ergonomic}
    uintx GCDrainStackTargetSize                   = 64                                        {product} {ergonomic}
   size_t InitialHeapSize                          = 257949696                                 {product} {ergonomic}
   size_t MarkStackSize                            = 4194304                                   {product} {ergonomic}
   size_t MaxHeapSize                              = 4123000832                                {product} {ergonomic}
   size_t MaxNewSize                               = 2472542208                                {product} {ergonomic}
   size_t MinHeapDeltaBytes                        = 2097152                                   {product} {ergonomic}
   size_t MinHeapSize                              = 8388608                                   {product} {ergonomic}
    uintx NonNMethodCodeHeapSize                   = 7602480                                {pd product} {ergonomic}
    uintx NonProfiledCodeHeapSize                  = 122027880                              {pd product} {ergonomic}
    uintx ProfiledCodeHeapSize                     = 122027880                              {pd product} {ergonomic}
    uintx ReservedCodeCacheSize                    = 251658240                              {pd product} {ergonomic}
     bool SegmentedCodeCache                       = true                                      {product} {ergonomic}
     bool ShowCodeDetailsInExceptionMessages       = true                                   {manageable} {command line}
   size_t SoftMaxHeapSize                          = 4123000832                             {manageable} {ergonomic}
     bool UseCompressedOops                        = true                           {product lp64_product} {ergonomic}
     bool UseG1GC                                  = true                                      {product} {ergonomic}
     bool UseLargePagesIndividualAllocation        = false                                  {pd product} {ergonomic}

Logging:
Log output configuration:
 #0: stdout all=warning uptime,level,tags foldmultilines=false
 #1: stderr all=off uptime,level,tags foldmultilines=false

Environment Variables:
PATH=C:\oracle\dbhomeXE\bin;C:\Program Files\Common Files\Oracle\Java\javapath;C:\Windows\system32;C:\Windows;C:\Windows\System32\Wbem;C:\Windows\System32\WindowsPowerShell\v1.0\;C:\Windows\System32\OpenSSH\;C:\Program Files\Git\cmd;C:\Program Files\Docker\Docker\resources\bin;C:\Program Files\nodejs\;C:\Program Files\Microsoft SQL Server\Client SDK\ODBC\170\Tools\Binn\;C:\Program Files (x86)\Microsoft SQL Server\150\Tools\Binn\;C:\Program Files\Microsoft SQL Server\150\Tools\Binn\;C:\Program Files\Microsoft SQL Server\150\DTS\Binn\;C:\Program Files (x86)\Microsoft SQL Server\150\DTS\Binn\;C:\Program Files\Azure Data Studio\bin;C:\Program Files\Microsoft SQL Server\130\Tools\Binn\;C:\Program Files (x86)\Microsoft SQL Server\110\DTS\Binn\;C:\Program Files (x86)\Microsoft SQL Server\120\DTS\Binn\;C:\Program Files (x86)\Microsoft SQL Server\130\DTS\Binn\;C:\Program Files (x86)\Microsoft SQL Server\140\DTS\Binn\;C:\Program Files (x86)\Microsoft SQL Server\160\DTS\Binn\;C:\Program Files\PuTTY\;C:\Program Files (x86)\Gpg4win\..\GnuPG\bin;C:\Program Files\Amazon\AWSCLI\bin\;C:\Program Files\dotnet\;C:\Program Files (x86)\dotnet\;C:\Users\PN-Docente\AppData\Local\Programs\Python\Python313\Scripts\;C:\Users\PN-Docente\AppData\Local\Programs\Python\Python313\;C:\Users\PN-Docente\AppData\Local\Microsoft\WindowsApps;C:\Users\PN-Docente\AppData\Local\Programs\Microsoft VS Code\bin;C:\Program Files\MongoDB\Server\8.0\bin;C:\Program Files\mongosh\;C:\Users\PN-Docente\AppData\Roaming\npm;C:\Program Files (x86)\Nmap;C:\Program Files\Azure Data Studio\bin;c:\Users\PN-Docente\.vscode\extensions\vscjava.vscode-java-debug-0.58.5\bundled\scripts\noConfigScripts
USERNAME=pn-docente
LANG=en_US.UTF-8
OS=Windows_NT
PROCESSOR_IDENTIFIER=AMD64 Family 25 Model 80 Stepping 0, AuthenticAMD
TMP=C:\Users\PN-DOC~1\AppData\Local\Temp
TEMP=C:\Users\PN-DOC~1\AppData\Local\Temp




Periodic native trim disabled

---------------  S Y S T E M  ---------------

OS:
 Windows 11 , 64 bit Build 26100 (10.0.26100.7920)
OS uptime: 0 days 3:21 hours
Hyper-V role detected

CPU: total 16 (initial active 16) (16 cores per cpu, 2 threads per core) family 25 model 80 stepping 0 microcode 0xa500014, cx8, cmov, fxsr, ht, mmx, 3dnowpref, sse, sse2, sse3, ssse3, sse4a, sse4.1, sse4.2, popcnt, lzcnt, tsc, tscinvbit, avx, avx2, aes, erms, clmul, bmi1, bmi2, adx, sha, fma, vzeroupper, clflush, clflushopt, hv, rdtscp, rdpid, fsrm, f16c, cet_ss
Processor Information for all 16 processors :
  Max Mhz: 3801, Current Mhz: 3801, Mhz Limit: 3801

Memory: 4k page, system-wide physical 15723M (3260M free)
TotalPageFile size 15723M (AvailPageFile size 4M)
current process WorkingSet (physical memory assigned to process): 150M, peak: 152M
current process commit charge ("private bytes"): 408M, peak: 411M

vm_info: Java HotSpot(TM) 64-Bit Server VM (21.0.8+12-LTS-250) for windows-amd64 JRE (21.0.8+12-LTS-250), built on 2025-06-27T08:11:22Z by "mach5one" with MS VC++ 17.6 (VS2022)

END.
