#
# There is insufficient memory for the Java Runtime Environment to continue.
# Native memory allocation (malloc) failed to allocate 1121616 bytes. Error detail: Chunk::new
# Possible reasons:
#   The system is out of physical RAM or swap space
#   This process is running with CompressedOops enabled, and the Java Heap may be blocking the growth of the native heap
# Possible solutions:
#   Reduce memory load on the system
#   Increase physical memory or swap space
#   Check if swap backing store is full
#   Decrease Java heap size (-Xmx/-Xms)
#   Decrease number of Java threads
#   Decrease Java thread stack sizes (-Xss)
#   Set larger code cache with -XX:ReservedCodeCacheSize=
#   JVM is running with Unscaled Compressed Oops mode in which the Java heap is
#     placed in the first 4GB address space. The Java Heap base address is the
#     maximum limit for the native heap growth. Please use -XX:HeapBaseMinAddress
#     to set the Java Heap base and to place the Java Heap above 4GB virtual address.
# This output file may be truncated or incomplete.
#
#  Out of Memory Error (arena.cpp:168), pid=7112, tid=3652
#
# JRE version: OpenJDK Runtime Environment Temurin-21.0.10+7 (21.0.10+7) (build 21.0.10+7-LTS)
# Java VM: OpenJDK 64-Bit Server VM Temurin-21.0.10+7 (21.0.10+7-LTS, mixed mode, sharing, tiered, compressed oops, compressed class ptrs, parallel gc, windows-amd64)
# No core dump will be written. Minidumps are not enabled by default on client versions of Windows
#

---------------  S U M M A R Y ------------

Command Line: --add-modules=ALL-SYSTEM --add-opens=java.base/java.util=ALL-UNNAMED --add-opens=java.base/java.lang=ALL-UNNAMED --add-opens=java.base/sun.nio.fs=ALL-UNNAMED -Declipse.application=org.eclipse.jdt.ls.core.id1 -Dosgi.bundles.defaultStartLevel=4 -Declipse.product=org.eclipse.jdt.ls.core.product -Djava.import.generatesMetadataFilesAtProjectRoot=false -DDetectVMInstallationsJob.disabled=true -Dfile.encoding=utf8 -XX:+UseParallelGC -XX:GCTimeRatio=4 -XX:AdaptiveSizePolicyWeight=90 -Dsun.zip.disableMemoryMapping=true -Xmx2G -Xms100m -Xlog:disable -javaagent:c:\Users\PN-Docente\.vscode\extensions\redhat.java-1.53.0-win32-x64\lombok\lombok-1.18.39-4050.jar -XX:+HeapDumpOnOutOfMemoryError -XX:HeapDumpPath=c:\Users\PN-Docente\AppData\Roaming\Code\User\workspaceStorage\151ac3ea226ae3aeb819f1ed2d8c3d3a\redhat.java -Daether.dependencyCollector.impl=bf -agentpath:C:\Program Files\Palo Alto Networks\Traps\cyjagent.dll c:\Users\PN-Docente\.vscode\extensions\redhat.java-1.53.0-win32-x64\server\plugins\org.eclipse.equinox.launcher_1.7.100.v20251111-0406.jar -configuration c:\Users\PN-Docente\AppData\Roaming\Code\User\globalStorage\redhat.java\1.53.0\config_win -data c:\Users\PN-Docente\AppData\Roaming\Code\User\workspaceStorage\151ac3ea226ae3aeb819f1ed2d8c3d3a\redhat.java\jdt_ws --pipe=\\.\pipe\lsp-c9dec933b0c30869face91ac7be777bc-sock

Host: AMD Ryzen 7 PRO 5750G with Radeon Graphics     , 16 cores, 15G,  Windows 11 , 64 bit Build 26100 (10.0.26100.7920)
Time: Tue Mar 24 14:27:40 2026 Hora verano Sudamérica Pacífico elapsed time: 9.952349 seconds (0d 0h 0m 9s)

---------------  T H R E A D  ---------------

Current thread (0x0000023c7bf1f5c0):  JavaThread "C2 CompilerThread0" daemon [_thread_in_native, id=3652, stack(0x000000858dc00000,0x000000858dd00000) (1024K)]


Current CompileTask:
C2:9953 5096       4       org.eclipse.osgi.internal.loader.ModuleClassLoader::toString (80 bytes)

Stack: [0x000000858dc00000,0x000000858dd00000]
Native frames: (J=compiled Java code, j=interpreted, Vv=VM code, C=native code)
V  [jvm.dll+0x6d7a39]
V  [jvm.dll+0x8b4b26]
V  [jvm.dll+0x8b70de]
V  [jvm.dll+0x8b77c3]
V  [jvm.dll+0x284346]
V  [jvm.dll+0xc66ed]
V  [jvm.dll+0xc6c31]
V  [jvm.dll+0x3bec01]
V  [jvm.dll+0x38b162]
V  [jvm.dll+0x38a5aa]
V  [jvm.dll+0x24c560]
V  [jvm.dll+0x24bb40]
V  [jvm.dll+0x1cb34e]
V  [jvm.dll+0x25b85d]
V  [jvm.dll+0x259dea]
V  [jvm.dll+0x3f857e]
V  [jvm.dll+0x85f59d]
V  [jvm.dll+0x6d626d]
C  [ucrtbase.dll+0x37b0]
C  [cyinjct.dll+0x11e7]
C  [KERNEL32.DLL+0x2e8d7]
C  [ntdll.dll+0x8c48c]


---------------  P R O C E S S  ---------------

Threads class SMR info:
_java_thread_list=0x0000023c5758b940, length=70, elements={
0x0000023c731c68b0, 0x0000023c7ac3d520, 0x0000023c7ac42ed0, 0x0000023c7ac47ac0,
0x0000023c7ac46f20, 0x0000023c7bf0e1f0, 0x0000023c7bf1a050, 0x0000023c7bf1f5c0,
0x0000023c7bf21ad0, 0x0000023c7c033600, 0x0000023c7c034fc0, 0x0000023c7c253640,
0x0000023c7db1d740, 0x0000023c7e28f3a0, 0x0000023c7e256fb0, 0x0000023c7e219870,
0x0000023c7e219ee0, 0x0000023c7e691ae0, 0x0000023c7ea46ce0, 0x0000023c7e9188d0,
0x0000023c7df35e30, 0x0000023c7df364c0, 0x0000023c7df38590, 0x0000023c7ef11860,
0x0000023c7ed423f0, 0x0000023c7e653280, 0x0000023c7df36b50, 0x0000023c7df37f00,
0x0000023c7df371e0, 0x0000023c7df37870, 0x0000023c7df357a0, 0x0000023c7df35110,
0x0000023c54ef5d10, 0x0000023c54ef4960, 0x0000023c54ef6a30, 0x0000023c54ef5680,
0x0000023c54ef70c0, 0x0000023c54ef7750, 0x0000023c54ef63a0, 0x0000023c54ef7de0,
0x0000023c54ef8470, 0x0000023c54ef4ff0, 0x0000023c54ef9190, 0x0000023c54ef9820,
0x0000023c558aeeb0, 0x0000023c54efbf80, 0x0000023c54ef9eb0, 0x0000023c543260e0,
0x0000023c55052e20, 0x0000023c54efa540, 0x0000023c55cee8b0, 0x0000023c7ee9ab50,
0x0000023c54ef8b00, 0x0000023c54efb8f0, 0x0000023c54efabd0, 0x0000023c54efb260,
0x0000023c563de600, 0x0000023c563dcbc0, 0x0000023c563db810, 0x0000023c563dd250,
0x0000023c563dc530, 0x0000023c563dd8e0, 0x0000023c563db180, 0x0000023c563ddf70,
0x0000023c563dec90, 0x0000023c563df320, 0x0000023c563dbea0, 0x0000023c563e1a80,
0x0000023c563e2110, 0x0000023c563df9b0
}

Java Threads: ( => current thread )
  0x0000023c731c68b0 JavaThread "main"                              [_thread_blocked, id=15408, stack(0x000000858d200000,0x000000858d300000) (1024K)]
  0x0000023c7ac3d520 JavaThread "Reference Handler"          daemon [_thread_blocked, id=18056, stack(0x000000858d600000,0x000000858d700000) (1024K)]
  0x0000023c7ac42ed0 JavaThread "Finalizer"                  daemon [_thread_blocked, id=20628, stack(0x000000858d700000,0x000000858d800000) (1024K)]
  0x0000023c7ac47ac0 JavaThread "Signal Dispatcher"          daemon [_thread_blocked, id=8744, stack(0x000000858d800000,0x000000858d900000) (1024K)]
  0x0000023c7ac46f20 JavaThread "Attach Listener"            daemon [_thread_blocked, id=8024, stack(0x000000858d900000,0x000000858da00000) (1024K)]
  0x0000023c7bf0e1f0 JavaThread "Service Thread"             daemon [_thread_blocked, id=1032, stack(0x000000858da00000,0x000000858db00000) (1024K)]
  0x0000023c7bf1a050 JavaThread "Monitor Deflation Thread"   daemon [_thread_blocked, id=2260, stack(0x000000858db00000,0x000000858dc00000) (1024K)]
=>0x0000023c7bf1f5c0 JavaThread "C2 CompilerThread0"         daemon [_thread_in_native, id=3652, stack(0x000000858dc00000,0x000000858dd00000) (1024K)]
  0x0000023c7bf21ad0 JavaThread "C1 CompilerThread0"         daemon [_thread_blocked, id=19392, stack(0x000000858dd00000,0x000000858de00000) (1024K)]
  0x0000023c7c033600 JavaThread "C1 CompilerThread1"         daemon [_thread_blocked, id=19524, stack(0x000000858de00000,0x000000858df00000) (1024K)]
  0x0000023c7c034fc0 JavaThread "C1 CompilerThread2"         daemon [_thread_blocked, id=22248, stack(0x000000858df00000,0x000000858e000000) (1024K)]
  0x0000023c7c253640 JavaThread "Common-Cleaner"             daemon [_thread_blocked, id=25348, stack(0x000000858e200000,0x000000858e300000) (1024K)]
  0x0000023c7db1d740 JavaThread "Notification Thread"        daemon [_thread_blocked, id=7692, stack(0x000000858e400000,0x000000858e500000) (1024K)]
  0x0000023c7e28f3a0 JavaThread "Active Thread: Equinox Container: 7fa2fefc-bc7b-4229-a9bf-1849c2ea3b41"        [_thread_blocked, id=25396, stack(0x000000858ed00000,0x000000858ee00000) (1024K)]
  0x0000023c7e256fb0 JavaThread "Refresh Thread: Equinox Container: 7fa2fefc-bc7b-4229-a9bf-1849c2ea3b41" daemon [_thread_blocked, id=25328, stack(0x000000858ef00000,0x000000858f000000) (1024K)]
  0x0000023c7e219870 JavaThread "Framework Event Dispatcher: Equinox Container: 7fa2fefc-bc7b-4229-a9bf-1849c2ea3b41" daemon [_thread_blocked, id=22656, stack(0x000000858e300000,0x000000858e400000) (1024K)]
  0x0000023c7e219ee0 JavaThread "Start Level: Equinox Container: 7fa2fefc-bc7b-4229-a9bf-1849c2ea3b41" daemon [_thread_blocked, id=6196, stack(0x000000858e900000,0x000000858ea00000) (1024K)]
  0x0000023c7e691ae0 JavaThread "Bundle File Closer"         daemon [_thread_blocked, id=14188, stack(0x000000858f300000,0x000000858f400000) (1024K)]
  0x0000023c7ea46ce0 JavaThread "SCR Component Actor"        daemon [_thread_blocked, id=8692, stack(0x000000858eb00000,0x000000858ec00000) (1024K)]
  0x0000023c7e9188d0 JavaThread "Worker-JM"                         [_thread_blocked, id=9424, stack(0x000000858f700000,0x000000858f800000) (1024K)]
  0x0000023c7df35e30 JavaThread "JNA Cleaner"                daemon [_thread_blocked, id=17964, stack(0x000000858f400000,0x000000858f500000) (1024K)]
  0x0000023c7df364c0 JavaThread "Worker-0"                          [_thread_blocked, id=20572, stack(0x000000858f500000,0x000000858f600000) (1024K)]
  0x0000023c7df38590 JavaThread "Worker-1: Repository registry initialization"        [_thread_in_vm, id=12668, stack(0x000000858f600000,0x000000858f700000) (1024K)]
  0x0000023c7ef11860 JavaThread "C2 CompilerThread1"         daemon [_thread_in_native, id=15424, stack(0x000000858f800000,0x000000858f900000) (1024K)]
  0x0000023c7ed423f0 JavaThread "C2 CompilerThread2"         daemon [_thread_in_native, id=5148, stack(0x000000858f900000,0x000000858fa00000) (1024K)]
  0x0000023c7e653280 JavaThread "C1 CompilerThread3"         daemon [_thread_blocked, id=5780, stack(0x000000858fa00000,0x000000858fb00000) (1024K)]
  0x0000023c7df36b50 JavaThread "Java indexing"              daemon [_thread_blocked, id=18644, stack(0x000000858fb00000,0x000000858fc00000) (1024K)]
  0x0000023c7df37f00 JavaThread "Worker-2"                          [_thread_blocked, id=16424, stack(0x000000858ff00000,0x0000008590000000) (1024K)]
  0x0000023c7df371e0 JavaThread "Worker-3"                          [_thread_blocked, id=18064, stack(0x0000008590000000,0x0000008590100000) (1024K)]
  0x0000023c7df37870 JavaThread "Thread-1"                   daemon [_thread_in_native, id=7044, stack(0x0000008590100000,0x0000008590200000) (1024K)]
  0x0000023c7df357a0 JavaThread "Thread-2"                   daemon [_thread_in_native, id=7004, stack(0x0000008590200000,0x0000008590300000) (1024K)]
  0x0000023c7df35110 JavaThread "Thread-3"                   daemon [_thread_in_native, id=17848, stack(0x0000008590300000,0x0000008590400000) (1024K)]
  0x0000023c54ef5d10 JavaThread "Thread-4"                   daemon [_thread_in_native, id=15804, stack(0x0000008590400000,0x0000008590500000) (1024K)]
  0x0000023c54ef4960 JavaThread "Thread-5"                   daemon [_thread_in_native, id=6344, stack(0x0000008590500000,0x0000008590600000) (1024K)]
  0x0000023c54ef6a30 JavaThread "Thread-6"                   daemon [_thread_in_native, id=12364, stack(0x0000008590600000,0x0000008590700000) (1024K)]
  0x0000023c54ef5680 JavaThread "Thread-7"                   daemon [_thread_in_native, id=1104, stack(0x0000008590700000,0x0000008590800000) (1024K)]
  0x0000023c54ef70c0 JavaThread "Thread-8"                   daemon [_thread_in_native, id=5864, stack(0x0000008590800000,0x0000008590900000) (1024K)]
  0x0000023c54ef7750 JavaThread "Thread-9"                   daemon [_thread_in_native, id=10532, stack(0x0000008590900000,0x0000008590a00000) (1024K)]
  0x0000023c54ef63a0 JavaThread "Thread-10"                  daemon [_thread_in_native, id=19204, stack(0x0000008590a00000,0x0000008590b00000) (1024K)]
  0x0000023c54ef7de0 JavaThread "Thread-11"                  daemon [_thread_in_native, id=9128, stack(0x0000008590b00000,0x0000008590c00000) (1024K)]
  0x0000023c54ef8470 JavaThread "Thread-12"                  daemon [_thread_in_native, id=23636, stack(0x0000008590c00000,0x0000008590d00000) (1024K)]
  0x0000023c54ef4ff0 JavaThread "Thread-13"                  daemon [_thread_in_native, id=13648, stack(0x0000008590d00000,0x0000008590e00000) (1024K)]
  0x0000023c54ef9190 JavaThread "Thread-14"                  daemon [_thread_in_native, id=22228, stack(0x0000008590e00000,0x0000008590f00000) (1024K)]
  0x0000023c54ef9820 JavaThread "Thread-15"                  daemon [_thread_in_native, id=5760, stack(0x0000008591000000,0x0000008591100000) (1024K)]
  0x0000023c558aeeb0 JavaThread "C2 CompilerThread3"         daemon [_thread_in_native, id=11272, stack(0x0000008590f00000,0x0000008591000000) (1024K)]
  0x0000023c54efbf80 JavaThread "Thread-16"                  daemon [_thread_in_native, id=21692, stack(0x0000008591100000,0x0000008591200000) (1024K)]
  0x0000023c54ef9eb0 JavaThread "Thread-17"                  daemon [_thread_in_native, id=14888, stack(0x0000008591200000,0x0000008591300000) (1024K)]
  0x0000023c543260e0 JavaThread "C2 CompilerThread4"         daemon [_thread_in_native, id=7592, stack(0x0000008591300000,0x0000008591400000) (1024K)]
  0x0000023c55052e20 JavaThread "C2 CompilerThread5"         daemon [_thread_in_native, id=18596, stack(0x0000008591400000,0x0000008591500000) (1024K)]
  0x0000023c54efa540 JavaThread "pool-2-thread-1"                   [_thread_blocked, id=15356, stack(0x0000008591500000,0x0000008591600000) (1024K)]
  0x0000023c55cee8b0 JavaThread "C2 CompilerThread6"         daemon [_thread_in_native, id=2528, stack(0x0000008591600000,0x0000008591700000) (1024K)]
  0x0000023c7ee9ab50 JavaThread "C2 CompilerThread7"         daemon [_thread_in_native, id=18336, stack(0x0000008591700000,0x0000008591800000) (1024K)]
  0x0000023c54ef8b00 JavaThread "Worker-4"                          [_thread_blocked, id=20376, stack(0x0000008591800000,0x0000008591900000) (1024K)]
  0x0000023c54efb8f0 JavaThread "ForkJoinPool.commonPool-worker-1" daemon [_thread_blocked, id=4148, stack(0x0000008591900000,0x0000008591a00000) (1024K)]
  0x0000023c54efabd0 JavaThread "ForkJoinPool.commonPool-worker-2" daemon [_thread_blocked, id=3140, stack(0x0000008591a00000,0x0000008591b00000) (1024K)]
  0x0000023c54efb260 JavaThread "ForkJoinPool.commonPool-worker-3" daemon [_thread_blocked, id=14240, stack(0x0000008591b00000,0x0000008591c00000) (1024K)]
  0x0000023c563de600 JavaThread "ForkJoinPool.commonPool-worker-4" daemon [_thread_blocked, id=10672, stack(0x0000008591c00000,0x0000008591d00000) (1024K)]
  0x0000023c563dcbc0 JavaThread "ForkJoinPool.commonPool-worker-5" daemon [_thread_blocked, id=25268, stack(0x0000008591d00000,0x0000008591e00000) (1024K)]
  0x0000023c563db810 JavaThread "ForkJoinPool.commonPool-worker-6" daemon [_thread_blocked, id=20208, stack(0x0000008591e00000,0x0000008591f00000) (1024K)]
  0x0000023c563dd250 JavaThread "ForkJoinPool.commonPool-worker-7" daemon [_thread_blocked, id=20168, stack(0x0000008591f00000,0x0000008592000000) (1024K)]
  0x0000023c563dc530 JavaThread "ForkJoinPool.commonPool-worker-8" daemon [_thread_blocked, id=13948, stack(0x0000008592000000,0x0000008592100000) (1024K)]
  0x0000023c563dd8e0 JavaThread "ForkJoinPool.commonPool-worker-9" daemon [_thread_blocked, id=3912, stack(0x0000008592100000,0x0000008592200000) (1024K)]
  0x0000023c563db180 JavaThread "ForkJoinPool.commonPool-worker-10" daemon [_thread_blocked, id=6104, stack(0x0000008592200000,0x0000008592300000) (1024K)]
  0x0000023c563ddf70 JavaThread "ForkJoinPool.commonPool-worker-11" daemon [_thread_blocked, id=2512, stack(0x0000008592300000,0x0000008592400000) (1024K)]
  0x0000023c563dec90 JavaThread "ForkJoinPool.commonPool-worker-12" daemon [_thread_blocked, id=10492, stack(0x0000008592400000,0x0000008592500000) (1024K)]
  0x0000023c563df320 JavaThread "ForkJoinPool.commonPool-worker-13" daemon [_thread_blocked, id=16088, stack(0x0000008592500000,0x0000008592600000) (1024K)]
  0x0000023c563dbea0 JavaThread "ForkJoinPool.commonPool-worker-14" daemon [_thread_blocked, id=5296, stack(0x0000008592600000,0x0000008592700000) (1024K)]
  0x0000023c563e1a80 JavaThread "ForkJoinPool.commonPool-worker-15" daemon [_thread_blocked, id=22468, stack(0x0000008592700000,0x0000008592800000) (1024K)]
  0x0000023c563e2110 JavaThread "WorkspaceEventsHandler"            [_thread_blocked, id=19032, stack(0x0000008592800000,0x0000008592900000) (1024K)]
  0x0000023c563df9b0 JavaThread "pool-1-thread-1"                   [_thread_in_vm, id=984, stack(0x0000008592900000,0x0000008592a00000) (1024K)]
Total: 70

Other Threads:
  0x0000023c7bf05460 VMThread "VM Thread"                           [id=23684, stack(0x000000858d500000,0x000000858d600000) (1024K)]
  0x0000023c7ab2bf20 WatcherThread "VM Periodic Task Thread"        [id=17076, stack(0x000000858d400000,0x000000858d500000) (1024K)]
  0x0000023c731e7040 WorkerThread "GC Thread#0"                     [id=12388, stack(0x000000858d300000,0x000000858d400000) (1024K)]
  0x0000023c7c058fc0 WorkerThread "GC Thread#1"                     [id=4368, stack(0x000000858e000000,0x000000858e100000) (1024K)]
  0x0000023c7dcd02f0 WorkerThread "GC Thread#2"                     [id=5288, stack(0x000000858e100000,0x000000858e200000) (1024K)]
  0x0000023c7dcd06a0 WorkerThread "GC Thread#3"                     [id=20584, stack(0x000000858e500000,0x000000858e600000) (1024K)]
  0x0000023c7dcd0a50 WorkerThread "GC Thread#4"                     [id=19248, stack(0x000000858e600000,0x000000858e700000) (1024K)]
  0x0000023c7dccfb90 WorkerThread "GC Thread#5"                     [id=3548, stack(0x000000858e700000,0x000000858e800000) (1024K)]
  0x0000023c7dccf430 WorkerThread "GC Thread#6"                     [id=9720, stack(0x000000858e800000,0x000000858e900000) (1024K)]
  0x0000023c7dccf7e0 WorkerThread "GC Thread#7"                     [id=25304, stack(0x000000858ee00000,0x000000858ef00000) (1024K)]
  0x0000023c7dccff40 WorkerThread "GC Thread#8"                     [id=8364, stack(0x000000858f000000,0x000000858f100000) (1024K)]
  0x0000023c7e7417a0 WorkerThread "GC Thread#9"                     [id=21080, stack(0x000000858f100000,0x000000858f200000) (1024K)]
  0x0000023c7e73fdd0 WorkerThread "GC Thread#10"                    [id=10548, stack(0x000000858f200000,0x000000858f300000) (1024K)]
  0x0000023c7e7413f0 WorkerThread "GC Thread#11"                    [id=25020, stack(0x000000858ea00000,0x000000858eb00000) (1024K)]
  0x0000023c7e741f00 WorkerThread "GC Thread#12"                    [id=10412, stack(0x000000858ec00000,0x000000858ed00000) (1024K)]
Total: 15

Threads with active compile tasks:
C2 CompilerThread0  10134 5096       4       org.eclipse.osgi.internal.loader.ModuleClassLoader::toString (80 bytes)
C2 CompilerThread1  10135 4997   !   4       org.eclipse.osgi.internal.loader.classpath.ClasspathManager::findClassImpl (328 bytes)
C2 CompilerThread2  10136 5422       4       java.time.format.DateTimeParseContext::setParsedField (54 bytes)
C2 CompilerThread3  10138 5423       4       java.util.StringTokenizer::nextToken (92 bytes)
C2 CompilerThread4  10139 4975   !   4       org.eclipse.osgi.internal.loader.classpath.ClasspathManager::findLocalClass (210 bytes)
C2 CompilerThread5  10140 5449   !   4       org.eclipse.jdt.ls.core.internal.LogReader$LogEntry::processEntry (219 bytes)
C2 CompilerThread6  10141 5009       4       org.eclipse.osgi.internal.loader.BundleLoader::addExportedProvidersFor (167 bytes)
C2 CompilerThread7  10142 5149       4       java.lang.invoke.MemberName::getMethodOrFieldType (72 bytes)
Total: 8

VM state: not at safepoint (normal execution)

VM Mutex/Monitor currently owned by a thread: None

Heap address: 0x0000000080000000, size: 2048 MB, Compressed Oops mode: 32-bit

CDS archive(s) mapped at: [0x0000023c0f000000-0x0000023c0fba0000-0x0000023c0fba0000), size 12189696, SharedBaseAddress: 0x0000023c0f000000, ArchiveRelocationMode: 1.
Compressed class space mapped at: 0x0000023c10000000-0x0000023c50000000, reserved size: 1073741824
Narrow klass base: 0x0000023c0f000000, Narrow klass shift: 0, Narrow klass range: 0x100000000

GC Precious Log:
 CardTable entry size: 512
 CPUs: 16 total, 16 available
 Memory: 15723M
 Large Page Support: Disabled
 NUMA Support: Disabled
 Compressed Oops: Enabled (32-bit)
 Alignments: Space 512K, Generation 512K, Heap 2M
 Heap Min Capacity: 100M
 Heap Initial Capacity: 100M
 Heap Max Capacity: 2G
 Pre-touch: Disabled
 Parallel Workers: 13

Heap:
 PSYoungGen      total 25088K, used 11041K [0x00000000d5580000, 0x00000000d7300000, 0x0000000100000000)
  eden space 19968K, 32% used [0x00000000d5580000,0x00000000d5bc46d0,0x00000000d6900000)
  from space 5120K, 90% used [0x00000000d6900000,0x00000000d6d84010,0x00000000d6e00000)
  to   space 5120K, 0% used [0x00000000d6e00000,0x00000000d6e00000,0x00000000d7300000)
 ParOldGen       total 68608K, used 25024K [0x0000000080000000, 0x0000000084300000, 0x00000000d5580000)
  object space 68608K, 36% used [0x0000000080000000,0x0000000081870278,0x0000000084300000)
 Metaspace       used 38082K, committed 39232K, reserved 1114112K
  class space    used 3939K, committed 4416K, reserved 1048576K

Card table byte_map: [0x0000023c72d30000,0x0000023c73140000] _byte_map_base: 0x0000023c72930000

Marking Bits: (ParMarkBitMap*) 0x00007ffb71023450
 Begin Bits: [0x0000023c76650000, 0x0000023c78650000)
 End Bits:   [0x0000023c78650000, 0x0000023c7a650000)

Polling page: 0x0000023c70dc0000

Metaspace:

Usage:
  Non-class:     33.35 MB used.
      Class:      3.85 MB used.
       Both:     37.19 MB used.

Virtual space:
  Non-class space:       64.00 MB reserved,      34.00 MB ( 53%) committed,  1 nodes.
      Class space:        1.00 GB reserved,       4.31 MB ( <1%) committed,  1 nodes.
             Both:        1.06 GB reserved,      38.31 MB (  4%) committed. 

Chunk freelists:
   Non-Class:  13.75 MB
       Class:  11.69 MB
        Both:  25.44 MB

MaxMetaspaceSize: unlimited
CompressedClassSpaceSize: 1.00 GB
Initial GC threshold: 21.00 MB
Current GC threshold: 58.38 MB
CDS: on
 - commit_granule_bytes: 65536.
 - commit_granule_words: 8192.
 - virtual_space_node_default_size: 8388608.
 - enlarge_chunks_in_place: 1.
 - use_allocation_guard: 0.


Internal statistics:

num_allocs_failed_limit: 6.
num_arena_births: 906.
num_arena_deaths: 14.
num_vsnodes_births: 2.
num_vsnodes_deaths: 0.
num_space_committed: 614.
num_space_uncommitted: 0.
num_chunks_returned_to_freelist: 20.
num_chunks_taken_from_freelist: 2595.
num_chunk_merges: 7.
num_chunk_splits: 1588.
num_chunks_enlarged: 876.
num_inconsistent_stats: 0.

CodeHeap 'non-profiled nmethods': size=119168Kb used=2304Kb max_used=2440Kb free=116863Kb
 bounds [0x0000023c07ba0000, 0x0000023c07e10000, 0x0000023c0f000000]
CodeHeap 'profiled nmethods': size=119104Kb used=10416Kb max_used=11019Kb free=108687Kb
 bounds [0x0000023c00000000, 0x0000023c00ad0000, 0x0000023c07450000]
CodeHeap 'non-nmethods': size=7488Kb used=3051Kb max_used=3110Kb free=4436Kb
 bounds [0x0000023c07450000, 0x0000023c077c0000, 0x0000023c07ba0000]
CodeCache: size=245760Kb, used=15771Kb, max_used=16569Kb, free=229986Kb
 total_blobs=5574, nmethods=4911, adapters=566, full_count=0
Compilation: enabled, stopped_count=0, restarted_count=0

Compilation events (20 events):
Event: 8.923 Thread 0x0000023c7c033600 5342       3       org.eclipse.jdt.ls.core.internal.LogReader::setData (103 bytes)
Event: 8.924 Thread 0x0000023c7c034fc0 5361       3       java.time.ZonedDateTime::toLocalDate (5 bytes)
Event: 8.925 Thread 0x0000023c7c034fc0 nmethod 5361 0x0000023c003e4f90 code [0x0000023c003e5140, 0x0000023c003e52c8]
Event: 8.925 Thread 0x0000023c7e653280 5284       1       java.text.ParsePosition::getErrorIndex (5 bytes)
Event: 8.925 Thread 0x0000023c7c034fc0 5363   !   3       java.io.PrintWriter::close (63 bytes)
Event: 8.926 Thread 0x0000023c7e653280 nmethod 5284 0x0000023c07bb0110 code [0x0000023c07bb02a0, 0x0000023c07bb0368]
Event: 8.926 Thread 0x0000023c7c033600 nmethod 5342 0x0000023c00412890 code [0x0000023c00412b40, 0x0000023c00413618]
Event: 8.926 Thread 0x0000023c7e653280 5285       1       java.time.format.DateTimeFormatter::getChronology (5 bytes)
Event: 8.927 Thread 0x0000023c7e653280 nmethod 5285 0x0000023c07bafe10 code [0x0000023c07baffa0, 0x0000023c07bb0068]
Event: 8.927 Thread 0x0000023c7e653280 5286       1       java.time.format.DateTimeFormatter::getZone (5 bytes)
Event: 8.927 Thread 0x0000023c7c033600 5362       3       java.time.ZonedDateTime::toLocalDate (8 bytes)
Event: 8.928 Thread 0x0000023c7e653280 nmethod 5286 0x0000023c07bafb10 code [0x0000023c07bafca0, 0x0000023c07bafd68]
Event: 8.928 Thread 0x0000023c7c033600 nmethod 5362 0x0000023c006eb790 code [0x0000023c006eb920, 0x0000023c006eba50]
Event: 8.928 Thread 0x0000023c7e653280 5290       1       org.eclipse.jdt.ls.core.internal.LogReader$LogEntry::getDate (5 bytes)
Event: 8.928 Thread 0x0000023c7c034fc0 nmethod 5363 0x0000023c0024d890 code [0x0000023c0024db60, 0x0000023c0024ec98]
Event: 8.928 Thread 0x0000023c7c033600 5318       3       java.time.LocalTime::getLong (50 bytes)
Event: 8.928 Thread 0x0000023c7bf21ad0 nmethod 5396 0x0000023c0012dc90 code [0x0000023c0012e4a0, 0x0000023c00132e58]
Event: 8.928 Thread 0x0000023c7e653280 nmethod 5290 0x0000023c07c96b10 code [0x0000023c07c96ca0, 0x0000023c07c96d68]
Event: 8.929 Thread 0x0000023c7e653280 5364   !   3       java.io.PrintWriter::implClose (29 bytes)
Event: 8.929 Thread 0x0000023c7c033600 nmethod 5318 0x0000023c0043af90 code [0x0000023c0043b1a0, 0x0000023c0043b650]

GC Heap History (20 events):
Event: 6.995 GC heap before
{Heap before GC invocations=7 (full 0):
 PSYoungGen      total 30208K, used 24927K [0x00000000d5580000, 0x00000000d7980000, 0x0000000100000000)
  eden space 24576K, 80% used [0x00000000d5580000,0x00000000d68d2680,0x00000000d6d80000)
  from space 5632K, 91% used [0x00000000d7400000,0x00000000d79056e8,0x00000000d7980000)
  to   space 5632K, 0% used [0x00000000d6e80000,0x00000000d6e80000,0x00000000d7400000)
 ParOldGen       total 68608K, used 7892K [0x0000000080000000, 0x0000000084300000, 0x00000000d5580000)
  object space 68608K, 11% used [0x0000000080000000,0x00000000807b5168,0x0000000084300000)
 Metaspace       used 20699K, committed 21504K, reserved 1114112K
  class space    used 2157K, committed 2496K, reserved 1048576K
}
Event: 7.000 GC heap after
{Heap after GC invocations=7 (full 0):
 PSYoungGen      total 29184K, used 4284K [0x00000000d5580000, 0x00000000d7780000, 0x0000000100000000)
  eden space 24576K, 0% used [0x00000000d5580000,0x00000000d5580000,0x00000000d6d80000)
  from space 4608K, 92% used [0x00000000d6e80000,0x00000000d72af160,0x00000000d7300000)
  to   space 4608K, 0% used [0x00000000d7300000,0x00000000d7300000,0x00000000d7780000)
 ParOldGen       total 68608K, used 9816K [0x0000000080000000, 0x0000000084300000, 0x00000000d5580000)
  object space 68608K, 14% used [0x0000000080000000,0x0000000080996110,0x0000000084300000)
 Metaspace       used 20699K, committed 21504K, reserved 1114112K
  class space    used 2157K, committed 2496K, reserved 1048576K
}
Event: 7.000 GC heap before
{Heap before GC invocations=8 (full 1):
 PSYoungGen      total 29184K, used 4284K [0x00000000d5580000, 0x00000000d7780000, 0x0000000100000000)
  eden space 24576K, 0% used [0x00000000d5580000,0x00000000d5580000,0x00000000d6d80000)
  from space 4608K, 92% used [0x00000000d6e80000,0x00000000d72af160,0x00000000d7300000)
  to   space 4608K, 0% used [0x00000000d7300000,0x00000000d7300000,0x00000000d7780000)
 ParOldGen       total 68608K, used 9816K [0x0000000080000000, 0x0000000084300000, 0x00000000d5580000)
  object space 68608K, 14% used [0x0000000080000000,0x0000000080996110,0x0000000084300000)
 Metaspace       used 20699K, committed 21504K, reserved 1114112K
  class space    used 2157K, committed 2496K, reserved 1048576K
}
Event: 7.034 GC heap after
{Heap after GC invocations=8 (full 1):
 PSYoungGen      total 29184K, used 0K [0x00000000d5580000, 0x00000000d7780000, 0x0000000100000000)
  eden space 24576K, 0% used [0x00000000d5580000,0x00000000d5580000,0x00000000d6d80000)
  from space 4608K, 0% used [0x00000000d6e80000,0x00000000d6e80000,0x00000000d7300000)
  to   space 4608K, 0% used [0x00000000d7300000,0x00000000d7300000,0x00000000d7780000)
 ParOldGen       total 68608K, used 13183K [0x0000000080000000, 0x0000000084300000, 0x00000000d5580000)
  object space 68608K, 19% used [0x0000000080000000,0x0000000080cdfc18,0x0000000084300000)
 Metaspace       used 20686K, committed 21504K, reserved 1114112K
  class space    used 2154K, committed 2496K, reserved 1048576K
}
Event: 7.336 GC heap before
{Heap before GC invocations=9 (full 1):
 PSYoungGen      total 29184K, used 24576K [0x00000000d5580000, 0x00000000d7780000, 0x0000000100000000)
  eden space 24576K, 100% used [0x00000000d5580000,0x00000000d6d80000,0x00000000d6d80000)
  from space 4608K, 0% used [0x00000000d6e80000,0x00000000d6e80000,0x00000000d7300000)
  to   space 4608K, 0% used [0x00000000d7300000,0x00000000d7300000,0x00000000d7780000)
 ParOldGen       total 68608K, used 13183K [0x0000000080000000, 0x0000000084300000, 0x00000000d5580000)
  object space 68608K, 19% used [0x0000000080000000,0x0000000080cdfc18,0x0000000084300000)
 Metaspace       used 22802K, committed 23744K, reserved 1114112K
  class space    used 2368K, committed 2752K, reserved 1048576K
}
Event: 7.338 GC heap after
{Heap after GC invocations=9 (full 1):
 PSYoungGen      total 27136K, used 2862K [0x00000000d5580000, 0x00000000d7600000, 0x0000000100000000)
  eden space 24064K, 0% used [0x00000000d5580000,0x00000000d5580000,0x00000000d6d00000)
  from space 3072K, 93% used [0x00000000d7300000,0x00000000d75cbae0,0x00000000d7600000)
  to   space 3584K, 0% used [0x00000000d6f00000,0x00000000d6f00000,0x00000000d7280000)
 ParOldGen       total 68608K, used 13191K [0x0000000080000000, 0x0000000084300000, 0x00000000d5580000)
  object space 68608K, 19% used [0x0000000080000000,0x0000000080ce1c18,0x0000000084300000)
 Metaspace       used 22802K, committed 23744K, reserved 1114112K
  class space    used 2368K, committed 2752K, reserved 1048576K
}
Event: 7.524 GC heap before
{Heap before GC invocations=10 (full 1):
 PSYoungGen      total 27136K, used 26926K [0x00000000d5580000, 0x00000000d7600000, 0x0000000100000000)
  eden space 24064K, 100% used [0x00000000d5580000,0x00000000d6d00000,0x00000000d6d00000)
  from space 3072K, 93% used [0x00000000d7300000,0x00000000d75cbae0,0x00000000d7600000)
  to   space 3584K, 0% used [0x00000000d6f00000,0x00000000d6f00000,0x00000000d7280000)
 ParOldGen       total 68608K, used 13191K [0x0000000080000000, 0x0000000084300000, 0x00000000d5580000)
  object space 68608K, 19% used [0x0000000080000000,0x0000000080ce1c18,0x0000000084300000)
 Metaspace       used 26164K, committed 27136K, reserved 1114112K
  class space    used 2618K, committed 3072K, reserved 1048576K
}
Event: 7.526 GC heap after
{Heap after GC invocations=10 (full 1):
 PSYoungGen      total 27136K, used 3386K [0x00000000d5580000, 0x00000000d7380000, 0x0000000100000000)
  eden space 23552K, 0% used [0x00000000d5580000,0x00000000d5580000,0x00000000d6c80000)
  from space 3584K, 94% used [0x00000000d6f00000,0x00000000d724eac8,0x00000000d7280000)
  to   space 1024K, 0% used [0x00000000d7280000,0x00000000d7280000,0x00000000d7380000)
 ParOldGen       total 68608K, used 13199K [0x0000000080000000, 0x0000000084300000, 0x00000000d5580000)
  object space 68608K, 19% used [0x0000000080000000,0x0000000080ce3c18,0x0000000084300000)
 Metaspace       used 26164K, committed 27136K, reserved 1114112K
  class space    used 2618K, committed 3072K, reserved 1048576K
}
Event: 7.722 GC heap before
{Heap before GC invocations=11 (full 1):
 PSYoungGen      total 27136K, used 26938K [0x00000000d5580000, 0x00000000d7380000, 0x0000000100000000)
  eden space 23552K, 100% used [0x00000000d5580000,0x00000000d6c80000,0x00000000d6c80000)
  from space 3584K, 94% used [0x00000000d6f00000,0x00000000d724eac8,0x00000000d7280000)
  to   space 1024K, 0% used [0x00000000d7280000,0x00000000d7280000,0x00000000d7380000)
 ParOldGen       total 68608K, used 13199K [0x0000000080000000, 0x0000000084300000, 0x00000000d5580000)
  object space 68608K, 19% used [0x0000000080000000,0x0000000080ce3c18,0x0000000084300000)
 Metaspace       used 27854K, committed 28928K, reserved 1114112K
  class space    used 2724K, committed 3200K, reserved 1048576K
}
Event: 7.724 GC heap after
{Heap after GC invocations=11 (full 1):
 PSYoungGen      total 24064K, used 996K [0x00000000d5580000, 0x00000000d7400000, 0x0000000100000000)
  eden space 23040K, 0% used [0x00000000d5580000,0x00000000d5580000,0x00000000d6c00000)
  from space 1024K, 97% used [0x00000000d7280000,0x00000000d7379148,0x00000000d7380000)
  to   space 4096K, 0% used [0x00000000d6c00000,0x00000000d6c00000,0x00000000d7000000)
 ParOldGen       total 68608K, used 15879K [0x0000000080000000, 0x0000000084300000, 0x00000000d5580000)
  object space 68608K, 23% used [0x0000000080000000,0x0000000080f81d60,0x0000000084300000)
 Metaspace       used 27854K, committed 28928K, reserved 1114112K
  class space    used 2724K, committed 3200K, reserved 1048576K
}
Event: 8.064 GC heap before
{Heap before GC invocations=12 (full 1):
 PSYoungGen      total 24064K, used 24036K [0x00000000d5580000, 0x00000000d7400000, 0x0000000100000000)
  eden space 23040K, 100% used [0x00000000d5580000,0x00000000d6c00000,0x00000000d6c00000)
  from space 1024K, 97% used [0x00000000d7280000,0x00000000d7379148,0x00000000d7380000)
  to   space 4096K, 0% used [0x00000000d6c00000,0x00000000d6c00000,0x00000000d7000000)
 ParOldGen       total 68608K, used 15879K [0x0000000080000000, 0x0000000084300000, 0x00000000d5580000)
  object space 68608K, 23% used [0x0000000080000000,0x0000000080f81d60,0x0000000084300000)
 Metaspace       used 31402K, committed 32512K, reserved 1114112K
  class space    used 3092K, committed 3584K, reserved 1048576K
}
Event: 8.065 GC heap after
{Heap after GC invocations=12 (full 1):
 PSYoungGen      total 26624K, used 2644K [0x00000000d5580000, 0x00000000d7300000, 0x0000000100000000)
  eden space 22528K, 0% used [0x00000000d5580000,0x00000000d5580000,0x00000000d6b80000)
  from space 4096K, 64% used [0x00000000d6c00000,0x00000000d6e95028,0x00000000d7000000)
  to   space 3072K, 0% used [0x00000000d7000000,0x00000000d7000000,0x00000000d7300000)
 ParOldGen       total 68608K, used 16651K [0x0000000080000000, 0x0000000084300000, 0x00000000d5580000)
  object space 68608K, 24% used [0x0000000080000000,0x0000000081042e38,0x0000000084300000)
 Metaspace       used 31402K, committed 32512K, reserved 1114112K
  class space    used 3092K, committed 3584K, reserved 1048576K
}
Event: 8.347 GC heap before
{Heap before GC invocations=13 (full 1):
 PSYoungGen      total 26624K, used 25172K [0x00000000d5580000, 0x00000000d7300000, 0x0000000100000000)
  eden space 22528K, 100% used [0x00000000d5580000,0x00000000d6b80000,0x00000000d6b80000)
  from space 4096K, 64% used [0x00000000d6c00000,0x00000000d6e95028,0x00000000d7000000)
  to   space 3072K, 0% used [0x00000000d7000000,0x00000000d7000000,0x00000000d7300000)
 ParOldGen       total 68608K, used 16651K [0x0000000080000000, 0x0000000084300000, 0x00000000d5580000)
  object space 68608K, 24% used [0x0000000080000000,0x0000000081042e38,0x0000000084300000)
 Metaspace       used 34118K, committed 35328K, reserved 1114112K
  class space    used 3420K, committed 3904K, reserved 1048576K
}
Event: 8.351 GC heap after
{Heap after GC invocations=13 (full 1):
 PSYoungGen      total 24576K, used 2176K [0x00000000d5580000, 0x00000000d7280000, 0x0000000100000000)
  eden space 22016K, 0% used [0x00000000d5580000,0x00000000d5580000,0x00000000d6b00000)
  from space 2560K, 85% used [0x00000000d7000000,0x00000000d7220020,0x00000000d7280000)
  to   space 2560K, 0% used [0x00000000d6d80000,0x00000000d6d80000,0x00000000d7000000)
 ParOldGen       total 68608K, used 18940K [0x0000000080000000, 0x0000000084300000, 0x00000000d5580000)
  object space 68608K, 27% used [0x0000000080000000,0x000000008127f288,0x0000000084300000)
 Metaspace       used 34118K, committed 35328K, reserved 1114112K
  class space    used 3420K, committed 3904K, reserved 1048576K
}
Event: 8.457 GC heap before
{Heap before GC invocations=14 (full 1):
 PSYoungGen      total 24576K, used 6851K [0x00000000d5580000, 0x00000000d7280000, 0x0000000100000000)
  eden space 22016K, 21% used [0x00000000d5580000,0x00000000d5a10f70,0x00000000d6b00000)
  from space 2560K, 85% used [0x00000000d7000000,0x00000000d7220020,0x00000000d7280000)
  to   space 2560K, 0% used [0x00000000d6d80000,0x00000000d6d80000,0x00000000d7000000)
 ParOldGen       total 68608K, used 18940K [0x0000000080000000, 0x0000000084300000, 0x00000000d5580000)
  object space 68608K, 27% used [0x0000000080000000,0x000000008127f288,0x0000000084300000)
 Metaspace       used 34623K, committed 35840K, reserved 1114112K
  class space    used 3496K, committed 4032K, reserved 1048576K
}
Event: 8.460 GC heap after
{Heap after GC invocations=14 (full 1):
 PSYoungGen      total 22528K, used 448K [0x00000000d5580000, 0x00000000d7080000, 0x0000000100000000)
  eden space 22016K, 0% used [0x00000000d5580000,0x00000000d5580000,0x00000000d6b00000)
  from space 512K, 87% used [0x00000000d6d80000,0x00000000d6df0000,0x00000000d6e00000)
  to   space 1536K, 0% used [0x00000000d6f00000,0x00000000d6f00000,0x00000000d7080000)
 ParOldGen       total 68608K, used 20804K [0x0000000080000000, 0x0000000084300000, 0x00000000d5580000)
  object space 68608K, 30% used [0x0000000080000000,0x0000000081451230,0x0000000084300000)
 Metaspace       used 34623K, committed 35840K, reserved 1114112K
  class space    used 3496K, committed 4032K, reserved 1048576K
}
Event: 8.460 GC heap before
{Heap before GC invocations=15 (full 2):
 PSYoungGen      total 22528K, used 448K [0x00000000d5580000, 0x00000000d7080000, 0x0000000100000000)
  eden space 22016K, 0% used [0x00000000d5580000,0x00000000d5580000,0x00000000d6b00000)
  from space 512K, 87% used [0x00000000d6d80000,0x00000000d6df0000,0x00000000d6e00000)
  to   space 1536K, 0% used [0x00000000d6f00000,0x00000000d6f00000,0x00000000d7080000)
 ParOldGen       total 68608K, used 20804K [0x0000000080000000, 0x0000000084300000, 0x00000000d5580000)
  object space 68608K, 30% used [0x0000000080000000,0x0000000081451230,0x0000000084300000)
 Metaspace       used 34623K, committed 35840K, reserved 1114112K
  class space    used 3496K, committed 4032K, reserved 1048576K
}
Event: 8.495 GC heap after
{Heap after GC invocations=15 (full 2):
 PSYoungGen      total 22528K, used 0K [0x00000000d5580000, 0x00000000d7080000, 0x0000000100000000)
  eden space 22016K, 0% used [0x00000000d5580000,0x00000000d5580000,0x00000000d6b00000)
  from space 512K, 0% used [0x00000000d6d80000,0x00000000d6d80000,0x00000000d6e00000)
  to   space 1536K, 0% used [0x00000000d6f00000,0x00000000d6f00000,0x00000000d7080000)
 ParOldGen       total 68608K, used 20147K [0x0000000080000000, 0x0000000084300000, 0x00000000d5580000)
  object space 68608K, 29% used [0x0000000080000000,0x00000000813acc10,0x0000000084300000)
 Metaspace       used 34623K, committed 35840K, reserved 1114112K
  class space    used 3496K, committed 4032K, reserved 1048576K
}
Event: 8.800 GC heap before
{Heap before GC invocations=16 (full 2):
 PSYoungGen      total 22528K, used 22016K [0x00000000d5580000, 0x00000000d7080000, 0x0000000100000000)
  eden space 22016K, 100% used [0x00000000d5580000,0x00000000d6b00000,0x00000000d6b00000)
  from space 512K, 0% used [0x00000000d6d80000,0x00000000d6d80000,0x00000000d6e00000)
  to   space 1536K, 0% used [0x00000000d6f00000,0x00000000d6f00000,0x00000000d7080000)
 ParOldGen       total 68608K, used 20147K [0x0000000080000000, 0x0000000084300000, 0x00000000d5580000)
  object space 68608K, 29% used [0x0000000080000000,0x00000000813acc10,0x0000000084300000)
 Metaspace       used 36676K, committed 37888K, reserved 1114112K
  class space    used 3762K, committed 4288K, reserved 1048576K
}
Event: 8.802 GC heap after
{Heap after GC invocations=16 (full 2):
 PSYoungGen      total 21504K, used 1536K [0x00000000d5580000, 0x00000000d7700000, 0x0000000100000000)
  eden space 19968K, 0% used [0x00000000d5580000,0x00000000d5580000,0x00000000d6900000)
  from space 1536K, 100% used [0x00000000d6f00000,0x00000000d7080000,0x00000000d7080000)
  to   space 6144K, 0% used [0x00000000d6900000,0x00000000d6900000,0x00000000d6f00000)
 ParOldGen       total 68608K, used 23532K [0x0000000080000000, 0x0000000084300000, 0x00000000d5580000)
  object space 68608K, 34% used [0x0000000080000000,0x00000000816fb1b8,0x0000000084300000)
 Metaspace       used 36676K, committed 37888K, reserved 1114112K
  class space    used 3762K, committed 4288K, reserved 1048576K
}

Dll operation events (10 events):
Event: 0.044 Loaded shared library c:\Users\PN-Docente\.vscode\extensions\redhat.java-1.53.0-win32-x64\jre\21.0.10-win32-x86_64\bin\java.dll
Event: 0.065 Loaded shared library c:\Users\PN-Docente\.vscode\extensions\redhat.java-1.53.0-win32-x64\jre\21.0.10-win32-x86_64\bin\zip.dll
Event: 0.214 Loaded shared library C:\Users\PN-Docente\.vscode\extensions\redhat.java-1.53.0-win32-x64\jre\21.0.10-win32-x86_64\bin\instrument.dll
Event: 0.230 Loaded shared library C:\Users\PN-Docente\.vscode\extensions\redhat.java-1.53.0-win32-x64\jre\21.0.10-win32-x86_64\bin\net.dll
Event: 0.241 Loaded shared library C:\Users\PN-Docente\.vscode\extensions\redhat.java-1.53.0-win32-x64\jre\21.0.10-win32-x86_64\bin\nio.dll
Event: 0.246 Loaded shared library C:\Users\PN-Docente\.vscode\extensions\redhat.java-1.53.0-win32-x64\jre\21.0.10-win32-x86_64\bin\zip.dll
Event: 0.273 Loaded shared library C:\Users\PN-Docente\.vscode\extensions\redhat.java-1.53.0-win32-x64\jre\21.0.10-win32-x86_64\bin\jimage.dll
Event: 0.376 Loaded shared library c:\Users\PN-Docente\.vscode\extensions\redhat.java-1.53.0-win32-x64\jre\21.0.10-win32-x86_64\bin\verify.dll
Event: 4.214 Loaded shared library C:\Users\PN-Docente\AppData\Roaming\Code\User\globalStorage\redhat.java\1.53.0\config_win\org.eclipse.equinox.launcher\org.eclipse.equinox.launcher.win32.win32.x86_64_1.3.0.v20260203-2149\eclipse_11919.dll
Event: 6.390 Loaded shared library C:\Users\PN-Docente\AppData\Local\Temp\jna-1159319875\jna12960990025485404576.dll

Deoptimization events (20 events):
Event: 8.858 Thread 0x0000023c563df9b0 Uncommon trap: trap_request=0xffffff45 fr.pc=0x0000023c07dd7770 relative=0x00000000000001b0
Event: 8.858 Thread 0x0000023c563df9b0 Uncommon trap: reason=unstable_if action=reinterpret pc=0x0000023c07dd7770 method=com.google.gson.stream.JsonReader.doPeek()I @ 731 c2
Event: 8.858 Thread 0x0000023c563df9b0 DEOPT PACKING pc=0x0000023c07dd7770 sp=0x00000085929feb70
Event: 8.858 Thread 0x0000023c563df9b0 DEOPT UNPACKING pc=0x0000023c074a3aa2 sp=0x00000085929feaf0 mode 2
Event: 8.858 Thread 0x0000023c563df9b0 Uncommon trap: trap_request=0xffffff45 fr.pc=0x0000023c07dd4c58 relative=0x00000000000000b8
Event: 8.858 Thread 0x0000023c563df9b0 Uncommon trap: reason=unstable_if action=reinterpret pc=0x0000023c07dd4c58 method=com.google.gson.stream.JsonReader.peek()Lcom/google/gson/stream/JsonToken; @ 15 c2
Event: 8.859 Thread 0x0000023c563df9b0 DEOPT PACKING pc=0x0000023c07dd4c58 sp=0x00000085929feba0
Event: 8.859 Thread 0x0000023c563df9b0 DEOPT UNPACKING pc=0x0000023c074a3aa2 sp=0x00000085929feb28 mode 2
Event: 8.859 Thread 0x0000023c731c68b0 Uncommon trap: trap_request=0xffffff45 fr.pc=0x0000023c07cc57a4 relative=0x00000000000000e4
Event: 8.859 Thread 0x0000023c731c68b0 Uncommon trap: reason=unstable_if action=reinterpret pc=0x0000023c07cc57a4 method=java.lang.CharacterDataLatin1.digit(II)I @ 7 c2
Event: 8.859 Thread 0x0000023c731c68b0 DEOPT PACKING pc=0x0000023c07cc57a4 sp=0x000000858d2fe860
Event: 8.859 Thread 0x0000023c731c68b0 DEOPT UNPACKING pc=0x0000023c074a3aa2 sp=0x000000858d2fe720 mode 2
Event: 8.859 Thread 0x0000023c731c68b0 Uncommon trap: trap_request=0xffffff45 fr.pc=0x0000023c07bdd7c8 relative=0x00000000000000a8
Event: 8.859 Thread 0x0000023c731c68b0 Uncommon trap: reason=unstable_if action=reinterpret pc=0x0000023c07bdd7c8 method=java.lang.CharacterDataLatin1.digit(II)I @ 7 c2
Event: 8.860 Thread 0x0000023c731c68b0 DEOPT PACKING pc=0x0000023c07bdd7c8 sp=0x000000858d2fe7c0
Event: 8.860 Thread 0x0000023c731c68b0 DEOPT UNPACKING pc=0x0000023c074a3aa2 sp=0x000000858d2fe740 mode 2
Event: 8.885 Thread 0x0000023c563df9b0 Uncommon trap: trap_request=0xffffff45 fr.pc=0x0000023c07dee4bc relative=0x00000000000014bc
Event: 8.886 Thread 0x0000023c563df9b0 Uncommon trap: reason=unstable_if action=reinterpret pc=0x0000023c07dee4bc method=com.google.gson.stream.JsonReader.nextQuotedValue(C)Ljava/lang/String; @ 121 c2
Event: 8.886 Thread 0x0000023c563df9b0 DEOPT PACKING pc=0x0000023c07dee4bc sp=0x00000085929fe5b0
Event: 8.886 Thread 0x0000023c563df9b0 DEOPT UNPACKING pc=0x0000023c074a3aa2 sp=0x00000085929fe470 mode 2

Classes loaded (20 events):
Event: 8.853 Loading class sun/nio/ch/PendingFuture
Event: 8.853 Loading class sun/reflect/annotation/TypeAnnotation$LocationInfo$Location
Event: 8.853 Loading class sun/nio/ch/PendingFuture done
Event: 8.853 Loading class sun/reflect/annotation/TypeAnnotation$LocationInfo$Location done
Event: 8.853 Loading class sun/reflect/annotation/AnnotatedTypeFactory
Event: 8.853 Loading class sun/reflect/annotation/AnnotatedTypeFactory done
Event: 8.853 Loading class sun/nio/ch/WindowsAsynchronousFileChannelImpl$ReadTask
Event: 8.853 Loading class sun/nio/ch/Iocp$ResultHandler
Event: 8.853 Loading class sun/nio/ch/Iocp$ResultHandler done
Event: 8.853 Loading class sun/reflect/annotation/AnnotatedTypeFactory$AnnotatedTypeBaseImpl
Event: 8.853 Loading class sun/nio/ch/WindowsAsynchronousFileChannelImpl$ReadTask done
Event: 8.854 Loading class sun/reflect/annotation/AnnotatedTypeFactory$AnnotatedTypeBaseImpl done
Event: 8.858 Loading class java/text/ParsePosition
Event: 8.858 Loading class java/text/ParsePosition done
Event: 8.858 Loading class java/text/CalendarBuilder
Event: 8.858 Loading class java/text/CalendarBuilder done
Event: 8.868 Loading class java/time/format/DateTimeParseContext
Event: 8.868 Loading class java/time/format/DateTimeParseContext done
Event: 8.868 Loading class java/time/format/Parsed
Event: 8.869 Loading class java/time/format/Parsed done

Classes unloaded (7 events):
Event: 7.005 Thread 0x0000023c7bf05460 Unloading class 0x0000023c101a9000 'java/lang/invoke/LambdaForm$MH+0x0000023c101a9000'
Event: 7.005 Thread 0x0000023c7bf05460 Unloading class 0x0000023c101a8c00 'java/lang/invoke/LambdaForm$MH+0x0000023c101a8c00'
Event: 7.005 Thread 0x0000023c7bf05460 Unloading class 0x0000023c101a8800 'java/lang/invoke/LambdaForm$MH+0x0000023c101a8800'
Event: 7.005 Thread 0x0000023c7bf05460 Unloading class 0x0000023c101a8400 'java/lang/invoke/LambdaForm$MH+0x0000023c101a8400'
Event: 7.005 Thread 0x0000023c7bf05460 Unloading class 0x0000023c101a8000 'java/lang/invoke/LambdaForm$BMH+0x0000023c101a8000'
Event: 7.005 Thread 0x0000023c7bf05460 Unloading class 0x0000023c101a7c00 'java/lang/invoke/LambdaForm$DMH+0x0000023c101a7c00'
Event: 7.005 Thread 0x0000023c7bf05460 Unloading class 0x0000023c101a6c00 'java/lang/invoke/LambdaForm$DMH+0x0000023c101a6c00'

Classes redefined (5 events):
Event: 0.483 Thread 0x0000023c7bf05460 redefined class name=java.io.FileOutputStream, count=1
Event: 0.486 Thread 0x0000023c7bf05460 redefined class name=java.lang.ClassLoader, count=1
Event: 0.488 Thread 0x0000023c7bf05460 redefined class name=java.nio.file.Files, count=1
Event: 0.490 Thread 0x0000023c7bf05460 redefined class name=java.io.File, count=1
Event: 0.492 Thread 0x0000023c7bf05460 redefined class name=java.net.URLStreamHandler, count=1

Internal exceptions (20 events):
Event: 8.279 Thread 0x0000023c7df364c0 Exception <a 'sun/nio/fs/WindowsException'{0x00000000d6887c18}> (0x00000000d6887c18) 
thrown [s\src\hotspot\share\prims\jni.cpp, line 520]
Event: 8.279 Thread 0x0000023c7df364c0 Exception <a 'sun/nio/fs/WindowsException'{0x00000000d6888248}> (0x00000000d6888248) 
thrown [s\src\hotspot\share\prims\jni.cpp, line 520]
Event: 8.279 Thread 0x0000023c7df364c0 Exception <a 'sun/nio/fs/WindowsException'{0x00000000d68923c0}> (0x00000000d68923c0) 
thrown [s\src\hotspot\share\prims\jni.cpp, line 520]
Event: 8.279 Thread 0x0000023c7df364c0 Exception <a 'sun/nio/fs/WindowsException'{0x00000000d68929f0}> (0x00000000d68929f0) 
thrown [s\src\hotspot\share\prims\jni.cpp, line 520]
Event: 8.295 Thread 0x0000023c7df364c0 Exception <a 'java/io/FileNotFoundException'{0x00000000d696a2f0}> (0x00000000d696a2f0) 
thrown [s\src\hotspot\share\prims\jni.cpp, line 520]
Event: 8.377 Thread 0x0000023c7df38590 Exception <a 'java/lang/NoSuchMethodError'{0x00000000d56b3270}: 'java.lang.Object java.lang.invoke.DirectMethodHandle$Holder.invokeSpecialIFC(java.lang.Object, java.lang.Object, java.lang.Object, java.lang.Object)'> (0x00000000d56b3270) 
thrown [s\src\hotspot\share\interpreter\linkResolver.cpp, line 773]
Event: 8.432 Thread 0x0000023c7df364c0 Exception <a 'sun/nio/fs/WindowsException'{0x00000000d59873f0}> (0x00000000d59873f0) 
thrown [s\src\hotspot\share\prims\jni.cpp, line 520]
Event: 8.433 Thread 0x0000023c7df364c0 Exception <a 'sun/nio/fs/WindowsException'{0x00000000d5987a20}> (0x00000000d5987a20) 
thrown [s\src\hotspot\share\prims\jni.cpp, line 520]
Event: 8.626 Thread 0x0000023c7df364c0 Exception <a 'sun/nio/fs/WindowsException'{0x00000000d5e6a5c8}> (0x00000000d5e6a5c8) 
thrown [s\src\hotspot\share\prims\jni.cpp, line 520]
Event: 8.661 Thread 0x0000023c7df364c0 Exception <a 'java/io/FileNotFoundException'{0x00000000d6034688}> (0x00000000d6034688) 
thrown [s\src\hotspot\share\prims\jni.cpp, line 520]
Event: 8.661 Thread 0x0000023c7df364c0 Exception <a 'java/io/FileNotFoundException'{0x00000000d6035cb0}> (0x00000000d6035cb0) 
thrown [s\src\hotspot\share\prims\jni.cpp, line 520]
Event: 8.665 Thread 0x0000023c7df364c0 Exception <a 'java/lang/NoSuchMethodError'{0x00000000d6073518}: 'java.lang.Object java.lang.invoke.DirectMethodHandle$Holder.newInvokeSpecial(java.lang.Object, java.lang.Object, java.lang.Object, int)'> (0x00000000d6073518) 
thrown [s\src\hotspot\share\interpreter\linkResolver.cpp, line 773]
Event: 8.666 Thread 0x0000023c7df364c0 Exception <a 'java/lang/NoSuchMethodError'{0x00000000d6077190}: 'java.lang.Object java.lang.invoke.DirectMethodHandle$Holder.invokeSpecial(java.lang.Object, java.lang.Object, java.lang.Object, java.lang.Object, int)'> (0x00000000d6077190) 
thrown [s\src\hotspot\share\interpreter\linkResolver.cpp, line 773]
Event: 8.666 Thread 0x0000023c7df364c0 Exception <a 'java/lang/NoSuchMethodError'{0x00000000d60991b0}: 'java.lang.Object java.lang.invoke.Invokers$Holder.linkToTargetMethod(java.lang.Object, java.lang.Object, int, java.lang.Object)'> (0x00000000d60991b0) 
thrown [s\src\hotspot\share\interpreter\linkResolver.cpp, line 773]
Event: 8.669 Thread 0x0000023c7df364c0 Exception <a 'java/lang/NoSuchMethodError'{0x00000000d60a5120}: 'void java.lang.invoke.DirectMethodHandle$Holder.invokeStaticInit(java.lang.Object, java.lang.Object, java.lang.Object)'> (0x00000000d60a5120) 
thrown [s\src\hotspot\share\interpreter\linkResolver.cpp, line 773]
Event: 8.760 Thread 0x0000023c7df364c0 Exception <a 'java/io/FileNotFoundException'{0x00000000d65660c0}> (0x00000000d65660c0) 
thrown [s\src\hotspot\share\prims\jni.cpp, line 520]
Event: 8.760 Thread 0x0000023c7df364c0 Exception <a 'java/io/FileNotFoundException'{0x00000000d6566e70}> (0x00000000d6566e70) 
thrown [s\src\hotspot\share\prims\jni.cpp, line 520]
Event: 8.777 Thread 0x0000023c731c68b0 Exception <a 'java/lang/NoSuchMethodError'{0x00000000d67f4bf8}: 'void java.lang.invoke.DirectMethodHandle$Holder.invokeSpecial(java.lang.Object, java.lang.Object, java.lang.Object, java.lang.Object, java.lang.Object, java.lang.Object)'> (0x00000000d67f4bf8) 
thrown [s\src\hotspot\share\interpreter\linkResolver.cpp, line 773]
Event: 8.779 Thread 0x0000023c731c68b0 Exception <a 'java/lang/IncompatibleClassChangeError'{0x00000000d67fce98}: Found class java.lang.Object, but interface was expected> (0x00000000d67fce98) 
thrown [s\src\hotspot\share\interpreter\linkResolver.cpp, line 840]
Event: 8.780 Thread 0x0000023c731c68b0 Exception <a 'java/lang/IncompatibleClassChangeError'{0x00000000d6867878}: Found class java.lang.Object, but interface was expected> (0x00000000d6867878) 
thrown [s\src\hotspot\share\interpreter\linkResolver.cpp, line 840]

ZGC Phase Switch (0 events):
No events

VM Operations (20 events):
Event: 7.338 Executing safepoint VM operation: ParallelGCFailedAllocation (Allocation Failure) done
Event: 7.524 Executing safepoint VM operation: ParallelGCFailedAllocation (Allocation Failure)
Event: 7.526 Executing safepoint VM operation: ParallelGCFailedAllocation (Allocation Failure) done
Event: 7.722 Executing safepoint VM operation: ParallelGCFailedAllocation (Allocation Failure)
Event: 7.724 Executing safepoint VM operation: ParallelGCFailedAllocation (Allocation Failure) done
Event: 7.799 Executing non-safepoint VM operation: HandshakeAllThreads (Deoptimize)
Event: 7.799 Executing non-safepoint VM operation: HandshakeAllThreads (Deoptimize) done
Event: 7.904 Executing non-safepoint VM operation: HandshakeAllThreads (Deoptimize)
Event: 7.904 Executing non-safepoint VM operation: HandshakeAllThreads (Deoptimize) done
Event: 8.063 Executing safepoint VM operation: ParallelGCFailedAllocation (Allocation Failure)
Event: 8.065 Executing safepoint VM operation: ParallelGCFailedAllocation (Allocation Failure) done
Event: 8.267 Executing non-safepoint VM operation: HandshakeAllThreads (Deoptimize)
Event: 8.284 Executing non-safepoint VM operation: HandshakeAllThreads (Deoptimize) done
Event: 8.341 Executing safepoint VM operation: ParallelGCFailedAllocation (Allocation Failure)
Event: 8.351 Executing safepoint VM operation: ParallelGCFailedAllocation (Allocation Failure) done
Event: 8.456 Executing safepoint VM operation: CollectForMetadataAllocation (Metadata GC Threshold)
Event: 8.495 Executing safepoint VM operation: CollectForMetadataAllocation (Metadata GC Threshold) done
Event: 8.794 Executing safepoint VM operation: ParallelGCFailedAllocation (Allocation Failure)
Event: 8.802 Executing safepoint VM operation: ParallelGCFailedAllocation (Allocation Failure) done
Event: 9.816 Executing safepoint VM operation: Cleanup

Memory protections (0 events):
No events

Nmethod flushes (20 events):
Event: 8.481 Thread 0x0000023c7bf05460 flushing  nmethod 0x0000023c006ae890
Event: 8.481 Thread 0x0000023c7bf05460 flushing  nmethod 0x0000023c006b3490
Event: 8.481 Thread 0x0000023c7bf05460 flushing  nmethod 0x0000023c006e5710
Event: 8.481 Thread 0x0000023c7bf05460 flushing  nmethod 0x0000023c006e7190
Event: 8.481 Thread 0x0000023c7bf05460 flushing  nmethod 0x0000023c006e7a90
Event: 8.481 Thread 0x0000023c7bf05460 flushing  nmethod 0x0000023c006e8c90
Event: 8.481 Thread 0x0000023c7bf05460 flushing  nmethod 0x0000023c006e9490
Event: 8.481 Thread 0x0000023c7bf05460 flushing  nmethod 0x0000023c006eb190
Event: 8.481 Thread 0x0000023c7bf05460 flushing  nmethod 0x0000023c006eb690
Event: 8.481 Thread 0x0000023c7bf05460 flushing  nmethod 0x0000023c006ebb90
Event: 8.481 Thread 0x0000023c7bf05460 flushing  nmethod 0x0000023c006ebf90
Event: 8.481 Thread 0x0000023c7bf05460 flushing  nmethod 0x0000023c006ed390
Event: 8.481 Thread 0x0000023c7bf05460 flushing  nmethod 0x0000023c006eee10
Event: 8.481 Thread 0x0000023c7bf05460 flushing  nmethod 0x0000023c006f0890
Event: 8.481 Thread 0x0000023c7bf05460 flushing  nmethod 0x0000023c00734c90
Event: 8.481 Thread 0x0000023c7bf05460 flushing  nmethod 0x0000023c0073b890
Event: 8.481 Thread 0x0000023c7bf05460 flushing  nmethod 0x0000023c0073fc90
Event: 8.481 Thread 0x0000023c7bf05460 flushing  nmethod 0x0000023c0074c590
Event: 8.481 Thread 0x0000023c7bf05460 flushing  nmethod 0x0000023c007ee190
Event: 8.481 Thread 0x0000023c7bf05460 flushing  nmethod 0x0000023c007ef690

Events (20 events):
Event: 8.200 Thread 0x0000023c7e653280 Thread added: 0x0000023c55cee8b0
Event: 8.202 Thread 0x0000023c7c034fc0 Thread added: 0x0000023c7ee9ab50
Event: 8.238 Thread 0x0000023c7df38590 Thread added: 0x0000023c54ef8b00
Event: 8.766 Thread 0x0000023c7df364c0 Thread added: 0x0000023c54efb8f0
Event: 8.767 Thread 0x0000023c7df364c0 Thread added: 0x0000023c54efabd0
Event: 8.767 Thread 0x0000023c54efb8f0 Thread added: 0x0000023c54efb260
Event: 8.768 Thread 0x0000023c54efabd0 Thread added: 0x0000023c563de600
Event: 8.768 Thread 0x0000023c54efb260 Thread added: 0x0000023c563dcbc0
Event: 8.769 Thread 0x0000023c563de600 Thread added: 0x0000023c563db810
Event: 8.769 Thread 0x0000023c563dcbc0 Thread added: 0x0000023c563dd250
Event: 8.769 Thread 0x0000023c563db810 Thread added: 0x0000023c563dc530
Event: 8.770 Thread 0x0000023c563dd250 Thread added: 0x0000023c563dd8e0
Event: 8.770 Thread 0x0000023c563dc530 Thread added: 0x0000023c563db180
Event: 8.771 Thread 0x0000023c563dd8e0 Thread added: 0x0000023c563ddf70
Event: 8.771 Thread 0x0000023c563db180 Thread added: 0x0000023c563dec90
Event: 8.772 Thread 0x0000023c563ddf70 Thread added: 0x0000023c563df320
Event: 8.772 Thread 0x0000023c563dec90 Thread added: 0x0000023c563dbea0
Event: 8.773 Thread 0x0000023c563df320 Thread added: 0x0000023c563e1a80
Event: 8.851 Thread 0x0000023c731c68b0 Thread added: 0x0000023c563e2110
Event: 8.852 Thread 0x0000023c731c68b0 Thread added: 0x0000023c563df9b0


Dynamic libraries:
0x00007ff7acdf0000 - 0x00007ff7acdfe000 	c:\Users\PN-Docente\.vscode\extensions\redhat.java-1.53.0-win32-x64\jre\21.0.10-win32-x86_64\bin\java.exe
0x00007ffc40760000 - 0x00007ffc409c7000 	C:\Windows\SYSTEM32\ntdll.dll
0x00007ffc40480000 - 0x00007ffc40549000 	C:\Windows\System32\KERNEL32.DLL
0x00007ffc40080000 - 0x00007ffc40471000 	C:\Windows\System32\KERNELBASE.dll
0x0000000075d80000 - 0x0000000075dbe000 	C:\Windows\System32\cyinjct.dll
0x00007ffc3fef0000 - 0x00007ffc3ff14000 	C:\Windows\System32\cyvera.dll
0x00007ffc1ca00000 - 0x00007ffc1ca18000 	c:\Users\PN-Docente\.vscode\extensions\redhat.java-1.53.0-win32-x64\jre\21.0.10-win32-x86_64\bin\jli.dll
0x0000023c70a80000 - 0x0000023c70c45000 	C:\Windows\System32\USER32.dll
0x00007ffc3d140000 - 0x00007ffc3d167000 	C:\Windows\System32\win32u.dll
0x00007ffc3ed10000 - 0x00007ffc3ed3b000 	C:\Windows\System32\GDI32.dll
0x00007ffc3d220000 - 0x00007ffc3d34b000 	C:\Windows\System32\gdi32full.dll
0x00007ffc3d090000 - 0x00007ffc3d133000 	C:\Windows\System32\msvcp_win.dll
0x0000023c70c50000 - 0x0000023c70d9b000 	C:\Windows\System32\ucrtbase.dll
0x00007ffc15a70000 - 0x00007ffc15a8e000 	c:\Users\PN-Docente\.vscode\extensions\redhat.java-1.53.0-win32-x64\jre\21.0.10-win32-x86_64\bin\VCRUNTIME140.dll
0x00007ffc1f910000 - 0x00007ffc1fba3000 	C:\Windows\WinSxS\amd64_microsoft.windows.common-controls_6595b64144ccf1df_6.0.26100.8037_none_3e092faae333b53b\COMCTL32.dll
0x00007ffc3eb90000 - 0x00007ffc3ec39000 	C:\Windows\System32\msvcrt.dll
0x00007ffc3fe20000 - 0x00007ffc3fee6000 	C:\Windows\System32\cyvrtrap.dll
0x00007ffc3e300000 - 0x00007ffc3e331000 	C:\Windows\System32\IMM32.DLL
0x00007ffc39830000 - 0x00007ffc3983c000 	c:\Users\PN-Docente\.vscode\extensions\redhat.java-1.53.0-win32-x64\jre\21.0.10-win32-x86_64\bin\vcruntime140_1.dll
0x00007ffbed1e0000 - 0x00007ffbed26d000 	c:\Users\PN-Docente\.vscode\extensions\redhat.java-1.53.0-win32-x64\jre\21.0.10-win32-x86_64\bin\msvcp140.dll
0x00007ffb70360000 - 0x00007ffb71101000 	c:\Users\PN-Docente\.vscode\extensions\redhat.java-1.53.0-win32-x64\jre\21.0.10-win32-x86_64\bin\server\jvm.dll
0x00007ffc3e000000 - 0x00007ffc3e0bb000 	C:\Windows\System32\ADVAPI32.dll
0x00007ffc3fca0000 - 0x00007ffc3fd47000 	C:\Windows\System32\sechost.dll
0x00007ffc3ff60000 - 0x00007ffc40078000 	C:\Windows\System32\RPCRT4.dll
0x00007ffc3fd50000 - 0x00007ffc3fdc4000 	C:\Windows\System32\WS2_32.dll
0x00007ffc3cb50000 - 0x00007ffc3cbae000 	C:\Windows\SYSTEM32\POWRPROF.dll
0x00007ffc2ed50000 - 0x00007ffc2ed85000 	C:\Windows\SYSTEM32\WINMM.dll
0x00007ffc37830000 - 0x00007ffc3783b000 	C:\Windows\SYSTEM32\VERSION.dll
0x00007ffc3ca80000 - 0x00007ffc3ca94000 	C:\Windows\SYSTEM32\UMPDC.dll
0x00007ffc3bc00000 - 0x00007ffc3bc1b000 	C:\Windows\SYSTEM32\kernel.appcore.dll
0x00007ffc24960000 - 0x00007ffc2496a000 	c:\Users\PN-Docente\.vscode\extensions\redhat.java-1.53.0-win32-x64\jre\21.0.10-win32-x86_64\bin\jimage.dll
0x00007ffc25850000 - 0x00007ffc25a92000 	C:\Windows\SYSTEM32\DBGHELP.DLL
0x00007ffc3f550000 - 0x00007ffc3f8d2000 	C:\Windows\System32\combase.dll
0x00007ffc3fa60000 - 0x00007ffc3fb37000 	C:\Windows\System32\OLEAUT32.dll
0x00007ffc19680000 - 0x00007ffc196bb000 	C:\Windows\SYSTEM32\dbgcore.DLL
0x00007ffc3d170000 - 0x00007ffc3d215000 	C:\Windows\System32\bcryptPrimitives.dll
0x00007ffc22b50000 - 0x00007ffc22b5f000 	c:\Users\PN-Docente\.vscode\extensions\redhat.java-1.53.0-win32-x64\jre\21.0.10-win32-x86_64\bin\instrument.dll
0x00007ffbf9cc0000 - 0x00007ffbf9ce0000 	c:\Users\PN-Docente\.vscode\extensions\redhat.java-1.53.0-win32-x64\jre\21.0.10-win32-x86_64\bin\java.dll
0x00007ffc3fdd0000 - 0x00007ffc3fe1a000 	C:\Program Files\Palo Alto Networks\Traps\cyjagent.dll
0x00007ffbf5680000 - 0x00007ffbf5698000 	c:\Users\PN-Docente\.vscode\extensions\redhat.java-1.53.0-win32-x64\jre\21.0.10-win32-x86_64\bin\zip.dll
0x00007ffc3ed60000 - 0x00007ffc3f4bf000 	C:\Windows\System32\SHELL32.dll
0x00007ffc3d350000 - 0x00007ffc3d4ba000 	C:\Windows\System32\wintypes.dll
0x00007ffc3d700000 - 0x00007ffc3df64000 	C:\Windows\System32\windows.storage.dll
0x00007ffc3e3b0000 - 0x00007ffc3e4a7000 	C:\Windows\System32\SHCORE.dll
0x00007ffc3e4b0000 - 0x00007ffc3e517000 	C:\Windows\System32\shlwapi.dll
0x00007ffc3cdd0000 - 0x00007ffc3cdf9000 	C:\Windows\SYSTEM32\profapi.dll
0x00007ffc1b2b0000 - 0x00007ffc1b2c0000 	C:\Users\PN-Docente\.vscode\extensions\redhat.java-1.53.0-win32-x64\jre\21.0.10-win32-x86_64\bin\net.dll
0x00007ffc37200000 - 0x00007ffc37327000 	C:\Windows\SYSTEM32\WINHTTP.dll
0x00007ffc3c150000 - 0x00007ffc3c1bb000 	C:\Windows\system32\mswsock.dll
0x00007ffbf0890000 - 0x00007ffbf08a6000 	C:\Users\PN-Docente\.vscode\extensions\redhat.java-1.53.0-win32-x64\jre\21.0.10-win32-x86_64\bin\nio.dll
0x00007ffc1b120000 - 0x00007ffc1b130000 	c:\Users\PN-Docente\.vscode\extensions\redhat.java-1.53.0-win32-x64\jre\21.0.10-win32-x86_64\bin\verify.dll
0x00007ffbc9e40000 - 0x00007ffbc9e85000 	C:\Users\PN-Docente\AppData\Roaming\Code\User\globalStorage\redhat.java\1.53.0\config_win\org.eclipse.equinox.launcher\org.eclipse.equinox.launcher.win32.win32.x86_64_1.3.0.v20260203-2149\eclipse_11919.dll
0x00007ffc3e9f0000 - 0x00007ffc3eb85000 	C:\Windows\System32\ole32.dll
0x00007ffc3c550000 - 0x00007ffc3c56b000 	C:\Windows\SYSTEM32\CRYPTSP.dll
0x00007ffc3bb60000 - 0x00007ffc3bb99000 	C:\Windows\system32\rsaenh.dll
0x00007ffc3c200000 - 0x00007ffc3c232000 	C:\Windows\SYSTEM32\USERENV.dll
0x00007ffc3cda0000 - 0x00007ffc3cdca000 	C:\Windows\SYSTEM32\bcrypt.dll
0x00007ffc3c530000 - 0x00007ffc3c53c000 	C:\Windows\SYSTEM32\CRYPTBASE.dll
0x00007ffc3b390000 - 0x00007ffc3b3c3000 	C:\Windows\SYSTEM32\IPHLPAPI.DLL
0x00007ffc3ed00000 - 0x00007ffc3ed0a000 	C:\Windows\System32\NSI.dll
0x00007ffba6460000 - 0x00007ffba64a9000 	C:\Users\PN-Docente\AppData\Local\Temp\jna-1159319875\jna12960990025485404576.dll
0x00007ffc3e340000 - 0x00007ffc3e348000 	C:\Windows\System32\PSAPI.DLL
0x00007ffc38060000 - 0x00007ffc3807d000 	C:\Windows\SYSTEM32\dhcpcsvc6.DLL
0x00007ffc38030000 - 0x00007ffc38053000 	C:\Windows\SYSTEM32\dhcpcsvc.DLL

JVMTI agents:
c:\Users\PN-Docente\.vscode\extensions\redhat.java-1.53.0-win32-x64\lombok\lombok-1.18.39-4050.jar path:c:\Users\PN-Docente\.vscode\extensions\redhat.java-1.53.0-win32-x64\jre\21.0.10-win32-x86_64\bin\instrument.dll, loaded, initialized, instrumentlib options:none
C:\Program Files\Palo Alto Networks\Traps\cyjagent.dll path:C:\Program Files\Palo Alto Networks\Traps\cyjagent.dll, loaded, initialized, options:none

dbghelp: loaded successfully - version: 4.0.5 - missing functions: none
symbol engine: initialized successfully - sym options: 0x614 - pdb path: .;c:\Users\PN-Docente\.vscode\extensions\redhat.java-1.53.0-win32-x64\jre\21.0.10-win32-x86_64\bin;C:\Windows\SYSTEM32;C:\Windows\WinSxS\amd64_microsoft.windows.common-controls_6595b64144ccf1df_6.0.26100.8037_none_3e092faae333b53b;c:\Users\PN-Docente\.vscode\extensions\redhat.java-1.53.0-win32-x64\jre\21.0.10-win32-x86_64\bin\server;C:\Program Files\Palo Alto Networks\Traps;C:\Users\PN-Docente\AppData\Roaming\Code\User\globalStorage\redhat.java\1.53.0\config_win\org.eclipse.equinox.launcher\org.eclipse.equinox.launcher.win32.win32.x86_64_1.3.0.v20260203-2149;C:\Users\PN-Docente\AppData\Local\Temp\jna-1159319875

VM Arguments:
jvm_args: --add-modules=ALL-SYSTEM --add-opens=java.base/java.util=ALL-UNNAMED --add-opens=java.base/java.lang=ALL-UNNAMED --add-opens=java.base/sun.nio.fs=ALL-UNNAMED -Declipse.application=org.eclipse.jdt.ls.core.id1 -Dosgi.bundles.defaultStartLevel=4 -Declipse.product=org.eclipse.jdt.ls.core.product -Djava.import.generatesMetadataFilesAtProjectRoot=false -DDetectVMInstallationsJob.disabled=true -Dfile.encoding=utf8 -XX:+UseParallelGC -XX:GCTimeRatio=4 -XX:AdaptiveSizePolicyWeight=90 -Dsun.zip.disableMemoryMapping=true -Xmx2G -Xms100m -Xlog:disable -javaagent:c:\Users\PN-Docente\.vscode\extensions\redhat.java-1.53.0-win32-x64\lombok\lombok-1.18.39-4050.jar -XX:+HeapDumpOnOutOfMemoryError -XX:HeapDumpPath=c:\Users\PN-Docente\AppData\Roaming\Code\User\workspaceStorage\151ac3ea226ae3aeb819f1ed2d8c3d3a\redhat.java -Daether.dependencyCollector.impl=bf -agentpath:C:\Program Files\Palo Alto Networks\Traps\cyjagent.dll 
java_command: c:\Users\PN-Docente\.vscode\extensions\redhat.java-1.53.0-win32-x64\server\plugins\org.eclipse.equinox.launcher_1.7.100.v20251111-0406.jar -configuration c:\Users\PN-Docente\AppData\Roaming\Code\User\globalStorage\redhat.java\1.53.0\config_win -data c:\Users\PN-Docente\AppData\Roaming\Code\User\workspaceStorage\151ac3ea226ae3aeb819f1ed2d8c3d3a\redhat.java\jdt_ws --pipe=\\.\pipe\lsp-c9dec933b0c30869face91ac7be777bc-sock
java_class_path (initial): c:\Users\PN-Docente\.vscode\extensions\redhat.java-1.53.0-win32-x64\server\plugins\org.eclipse.equinox.launcher_1.7.100.v20251111-0406.jar
Launcher Type: SUN_STANDARD

[Global flags]
    uintx AdaptiveSizePolicyWeight                 = 90                                        {product} {command line}
     intx CICompilerCount                          = 12                                        {product} {ergonomic}
    uintx GCTimeRatio                              = 4                                         {product} {command line}
     bool HeapDumpOnOutOfMemoryError               = true                                   {manageable} {command line}
    ccstr HeapDumpPath                             = c:\Users\PN-Docente\AppData\Roaming\Code\User\workspaceStorage\151ac3ea226ae3aeb819f1ed2d8c3d3a\redhat.java         {manageable} {command line}
   size_t InitialHeapSize                          = 104857600                                 {product} {command line}
   size_t MaxHeapSize                              = 2147483648                                {product} {command line}
   size_t MaxNewSize                               = 715653120                                 {product} {ergonomic}
   size_t MinHeapDeltaBytes                        = 524288                                    {product} {ergonomic}
   size_t MinHeapSize                              = 104857600                                 {product} {command line}
   size_t NewSize                                  = 34603008                                  {product} {ergonomic}
    uintx NonNMethodCodeHeapSize                   = 7602480                                {pd product} {ergonomic}
    uintx NonProfiledCodeHeapSize                  = 122027880                              {pd product} {ergonomic}
   size_t OldSize                                  = 70254592                                  {product} {ergonomic}
    uintx ProfiledCodeHeapSize                     = 122027880                              {pd product} {ergonomic}
    uintx ReservedCodeCacheSize                    = 251658240                              {pd product} {ergonomic}
     bool SegmentedCodeCache                       = true                                      {product} {ergonomic}
   size_t SoftMaxHeapSize                          = 2147483648                             {manageable} {ergonomic}
     bool UseCompressedOops                        = true                           {product lp64_product} {ergonomic}
     bool UseLargePagesIndividualAllocation        = false                                  {pd product} {ergonomic}
     bool UseParallelGC                            = true                                      {product} {command line}

Logging:
Log output configuration:
 #0: stdout all=off uptime,level,tags foldmultilines=false
 #1: stderr all=off uptime,level,tags foldmultilines=false

Release file:
JAVA_VERSION="21.0.10" 
MODULES="java.base java.compiler java.datatransfer java.xml java.prefs java.desktop java.instrument java.logging java.management java.security.sasl java.naming java.rmi java.management.rmi java.net.http java.scripting java.security.jgss java.transaction.xa java.sql java.sql.rowset java.xml.crypto java.se java.smartcardio jdk.accessibility jdk.internal.jvmstat jdk.attach jdk.charsets jdk.internal.opt jdk.zipfs jdk.compiler jdk.crypto.ec jdk.crypto.cryptoki jdk.crypto.mscapi jdk.dynalink jdk.internal.ed jdk.editpad jdk.hotspot.agent jdk.httpserver jdk.internal.le jdk.internal.vm.ci jdk.internal.vm.compiler jdk.internal.vm.compiler.management jdk.jartool jdk.javadoc jdk.jcmd jdk.management jdk.management.agent jdk.jconsole jdk.jdeps jdk.jdwp.agent jdk.jdi jdk.jfr jdk.jshell jdk.jsobject jdk.jstatd jdk.localedata jdk.management.jfr jdk.naming.dns jdk.naming.rmi jdk.net jdk.nio.mapmode jdk.random jdk.sctp jdk.security.auth jdk.security.jgss jdk.unsupported jdk.unsupported.desktop jdk.xml.dom" 

Environment Variables:
PATH=C:\oracle\dbhomeXE\bin;C:\Program Files\Common Files\Oracle\Java\javapath;C:\Windows\system32;C:\Windows;C:\Windows\System32\Wbem;C:\Windows\System32\WindowsPowerShell\v1.0\;C:\Windows\System32\OpenSSH\;C:\Program Files\Git\cmd;C:\Program Files\Docker\Docker\resources\bin;C:\Program Files\nodejs\;C:\Program Files\Microsoft SQL Server\Client SDK\ODBC\170\Tools\Binn\;C:\Program Files (x86)\Microsoft SQL Server\150\Tools\Binn\;C:\Program Files\Microsoft SQL Server\150\Tools\Binn\;C:\Program Files\Microsoft SQL Server\150\DTS\Binn\;C:\Program Files (x86)\Microsoft SQL Server\150\DTS\Binn\;C:\Program Files\Azure Data Studio\bin;C:\Program Files\Microsoft SQL Server\130\Tools\Binn\;C:\Program Files (x86)\Microsoft SQL Server\110\DTS\Binn\;C:\Program Files (x86)\Microsoft SQL Server\120\DTS\Binn\;C:\Program Files (x86)\Microsoft SQL Server\130\DTS\Binn\;C:\Program Files (x86)\Microsoft SQL Server\140\DTS\Binn\;C:\Program Files (x86)\Microsoft SQL Server\160\DTS\Binn\;C:\Program Files\PuTTY\;C:\Program Files (x86)\Gpg4win\..\GnuPG\bin;C:\Program Files\Amazon\AWSCLI\bin\;C:\Program Files\dotnet\;C:\Program Files (x86)\dotnet\;C:\Users\PN-Docente\AppData\Local\Programs\Python\Python313\Scripts\;C:\Users\PN-Docente\AppData\Local\Programs\Python\Python313\;C:\Users\PN-Docente\AppData\Local\Microsoft\WindowsApps;C:\Users\PN-Docente\AppData\Local\Programs\Microsoft VS Code\bin;C:\Program Files\MongoDB\Server\8.0\bin;C:\Program Files\mongosh\;C:\Users\PN-Docente\AppData\Roaming\npm;C:\Program Files (x86)\Nmap;C:\Program Files\Azure Data Studio\bin
USERNAME=pn-docente
OS=Windows_NT
PROCESSOR_IDENTIFIER=AMD64 Family 25 Model 80 Stepping 0, AuthenticAMD
TMP=C:\Users\PN-DOC~1\AppData\Local\Temp
TEMP=C:\Users\PN-DOC~1\AppData\Local\Temp




Periodic native trim disabled

---------------  S Y S T E M  ---------------

OS:
 Windows 11 , 64 bit Build 26100 (10.0.26100.7920)
OS uptime: 0 days 2:49 hours
Hyper-V role detected

CPU: total 16 (initial active 16) (16 cores per cpu, 2 threads per core) family 25 model 80 stepping 0 microcode 0xa500014, cx8, cmov, fxsr, ht, mmx, 3dnowpref, sse, sse2, sse3, ssse3, sse4a, sse4.1, sse4.2, popcnt, lzcnt, tsc, tscinvbit, avx, avx2, aes, erms, clmul, bmi1, bmi2, adx, sha, fma, vzeroupper, clflush, clflushopt, hv, rdtscp, rdpid, fsrm, f16c, cet_ss
Processor Information for the first 16 processors :
  Max Mhz: 3801, Current Mhz: 3801, Mhz Limit: 3801

Memory: 4k page, system-wide physical 15723M (3323M free)
TotalPageFile size 15723M (AvailPageFile size 197M)
current process WorkingSet (physical memory assigned to process): 252M, peak: 255M
current process commit charge ("private bytes"): 386M, peak: 389M

vm_info: OpenJDK 64-Bit Server VM (21.0.10+7-LTS) for windows-amd64 JRE (21.0.10+7-LTS), built on 2026-01-20T00:00:00Z by "admin" with MS VC++ 17.12 (VS2022)

END.
