#
# There is insufficient memory for the Java Runtime Environment to continue.
# Native memory allocation (malloc) failed to allocate 585856 bytes. Error detail: Chunk::new
# Possible reasons:
#   The system is out of physical RAM or swap space
#   This process is running with CompressedOops enabled, and the Java Heap may be blocking the growth of the native heap
# Possible solutions:
#   Reduce memory load on the system
#   Increase physical memory or swap space
#   Check if swap backing store is full
#   Decrease Java heap size (-Xmx/-Xms)
#   Decrease number of Java threads
#   Decrease Java thread stack sizes (-Xss)
#   Set larger code cache with -XX:ReservedCodeCacheSize=
#   JVM is running with Unscaled Compressed Oops mode in which the Java heap is
#     placed in the first 4GB address space. The Java Heap base address is the
#     maximum limit for the native heap growth. Please use -XX:HeapBaseMinAddress
#     to set the Java Heap base and to place the Java Heap above 4GB virtual address.
# This output file may be truncated or incomplete.
#
#  Out of Memory Error (arena.cpp:168), pid=20384, tid=15552
#
# JRE version: OpenJDK Runtime Environment Temurin-21.0.10+7 (21.0.10+7) (build 21.0.10+7-LTS)
# Java VM: OpenJDK 64-Bit Server VM Temurin-21.0.10+7 (21.0.10+7-LTS, mixed mode, sharing, tiered, compressed oops, compressed class ptrs, parallel gc, windows-amd64)
# No core dump will be written. Minidumps are not enabled by default on client versions of Windows
#

---------------  S U M M A R Y ------------

Command Line: --add-modules=ALL-SYSTEM --add-opens=java.base/java.util=ALL-UNNAMED --add-opens=java.base/java.lang=ALL-UNNAMED --add-opens=java.base/sun.nio.fs=ALL-UNNAMED -Declipse.application=org.eclipse.jdt.ls.core.id1 -Dosgi.bundles.defaultStartLevel=4 -Declipse.product=org.eclipse.jdt.ls.core.product -Djava.import.generatesMetadataFilesAtProjectRoot=false -DDetectVMInstallationsJob.disabled=true -Dfile.encoding=utf8 -XX:+UseParallelGC -XX:GCTimeRatio=4 -XX:AdaptiveSizePolicyWeight=90 -Dsun.zip.disableMemoryMapping=true -Xmx2G -Xms100m -Xlog:disable -javaagent:c:\Users\PN-Docente\.vscode\extensions\redhat.java-1.53.0-win32-x64\lombok\lombok-1.18.39-4050.jar -XX:+HeapDumpOnOutOfMemoryError -XX:HeapDumpPath=c:\Users\PN-Docente\AppData\Roaming\Code\User\workspaceStorage\151ac3ea226ae3aeb819f1ed2d8c3d3a\redhat.java -Daether.dependencyCollector.impl=bf -agentpath:C:\Program Files\Palo Alto Networks\Traps\cyjagent.dll c:\Users\PN-Docente\.vscode\extensions\redhat.java-1.53.0-win32-x64\server\plugins\org.eclipse.equinox.launcher_1.7.100.v20251111-0406.jar -configuration c:\Users\PN-Docente\AppData\Roaming\Code\User\globalStorage\redhat.java\1.53.0\config_win -data c:\Users\PN-Docente\AppData\Roaming\Code\User\workspaceStorage\151ac3ea226ae3aeb819f1ed2d8c3d3a\redhat.java\jdt_ws --pipe=\\.\pipe\lsp-78ef9df10459a42c66e3811f158fb97b-sock

Host: AMD Ryzen 7 PRO 5750G with Radeon Graphics     , 16 cores, 15G,  Windows 11 , 64 bit Build 26100 (10.0.26100.7920)
Time: Tue Mar 24 14:59:07 2026 Hora verano Sudamérica Pacífico elapsed time: 34.260581 seconds (0d 0h 0m 34s)

---------------  T H R E A D  ---------------

Current thread (0x0000016776617f40):  JavaThread "C2 CompilerThread0" daemon [_thread_in_native, id=15552, stack(0x000000136a600000,0x000000136a700000) (1024K)]


Current CompileTask:
C2:34261 14161       4       org.eclipse.jdt.internal.compiler.lookup.BinaryTypeBinding::createMethod (1666 bytes)

Stack: [0x000000136a600000,0x000000136a700000]
Native frames: (J=compiled Java code, j=interpreted, Vv=VM code, C=native code)
V  [jvm.dll+0x6d7a39]
V  [jvm.dll+0x8b4b26]
V  [jvm.dll+0x8b70de]
V  [jvm.dll+0x8b77c3]
V  [jvm.dll+0x284346]
V  [jvm.dll+0xc66ed]
V  [jvm.dll+0xc6c31]
V  [jvm.dll+0x2fb29e]
V  [jvm.dll+0x5fe884]
V  [jvm.dll+0x255b17]
V  [jvm.dll+0x24e21f]
V  [jvm.dll+0x24ba42]
V  [jvm.dll+0x1cb34e]
V  [jvm.dll+0x25b85d]
V  [jvm.dll+0x259dea]
V  [jvm.dll+0x3f857e]
V  [jvm.dll+0x85f59d]
V  [jvm.dll+0x6d626d]
C  [ucrtbase.dll+0x37b0]
C  [cyinjct.dll+0x11e7]
C  [KERNEL32.DLL+0x2e8d7]
C  [ntdll.dll+0x8c48c]


---------------  P R O C E S S  ---------------

Threads class SMR info:
_java_thread_list=0x000001677f006100, length=77, elements={
0x000001675cc568b0, 0x000001677532d520, 0x00000167753332a0, 0x0000016775336630,
0x0000016775337090, 0x0000016776608e00, 0x00000167766020e0, 0x0000016776617f40,
0x000001677661bec0, 0x000001677684fc80, 0x000001677817dd80, 0x000001677d4825a0,
0x000001677d27dda0, 0x0000016778375470, 0x0000016778375ae0, 0x000001677dcca010,
0x000001677d96b030, 0x000001677d76de80, 0x000001677dc3d750, 0x000001677dc3dde0,
0x000001677dc3c3a0, 0x000001677dc3ca30, 0x000001677dc3e470, 0x000001677dc3eb00,
0x000001677dc3f190, 0x000001677dc3d0c0, 0x000001677dc3bd10, 0x000001677ed484d0,
0x000001677ed456e0, 0x000001677ed45d70, 0x000001677ed45050, 0x000001677ed46400,
0x000001677ed46a90, 0x000001677ed47e40, 0x000001677ed47120, 0x000001677ed477b0,
0x000001677f7a67b0, 0x000001677f7a6e40, 0x000001677f7a39c0, 0x000001677f7a4050,
0x000001677f7a46e0, 0x000001677f7a81f0, 0x000001677f7a4d70, 0x000001677f7a8880,
0x000001677f7a74d0, 0x000001677f7a5400, 0x000001677f7a7b60, 0x000001677f7a8f10,
0x000001677f7a5a90, 0x000001677f7a95a0, 0x000001677f7a6120, 0x000001677f7aa950,
0x000001677f7a9c30, 0x000001677f7aafe0, 0x000001677f7aa2c0, 0x0000016741ad1920,
0x0000016741ad3360, 0x0000016741ad0570, 0x0000016741ad1290, 0x0000016741ad39f0,
0x0000016741ad5ac0, 0x0000016741ad67e0, 0x0000016741ad4710, 0x0000016741ad5430,
0x0000016744274dc0, 0x0000016744276e90, 0x0000016744274730, 0x0000016744275450,
0x0000016741c850f0, 0x0000016741c82ee0, 0x0000016741c857c0, 0x0000016741c84350,
0x0000016741c82140, 0x0000016741c85e90, 0x0000016741c82810, 0x0000016741c86c30,
0x0000016741c87300
}

Java Threads: ( => current thread )
  0x000001675cc568b0 JavaThread "main"                              [_thread_blocked, id=5372, stack(0x0000001369c00000,0x0000001369d00000) (1024K)]
  0x000001677532d520 JavaThread "Reference Handler"          daemon [_thread_blocked, id=14520, stack(0x000000136a000000,0x000000136a100000) (1024K)]
  0x00000167753332a0 JavaThread "Finalizer"                  daemon [_thread_blocked, id=15936, stack(0x000000136a100000,0x000000136a200000) (1024K)]
  0x0000016775336630 JavaThread "Signal Dispatcher"          daemon [_thread_blocked, id=8524, stack(0x000000136a200000,0x000000136a300000) (1024K)]
  0x0000016775337090 JavaThread "Attach Listener"            daemon [_thread_blocked, id=23568, stack(0x000000136a300000,0x000000136a400000) (1024K)]
  0x0000016776608e00 JavaThread "Service Thread"             daemon [_thread_blocked, id=2824, stack(0x000000136a400000,0x000000136a500000) (1024K)]
  0x00000167766020e0 JavaThread "Monitor Deflation Thread"   daemon [_thread_blocked, id=21132, stack(0x000000136a500000,0x000000136a600000) (1024K)]
=>0x0000016776617f40 JavaThread "C2 CompilerThread0"         daemon [_thread_in_native, id=15552, stack(0x000000136a600000,0x000000136a700000) (1024K)]
  0x000001677661bec0 JavaThread "C1 CompilerThread0"         daemon [_thread_blocked, id=4948, stack(0x000000136a700000,0x000000136a800000) (1024K)]
  0x000001677684fc80 JavaThread "Common-Cleaner"             daemon [_thread_blocked, id=25220, stack(0x000000136ac00000,0x000000136ad00000) (1024K)]
  0x000001677817dd80 JavaThread "Notification Thread"        daemon [_thread_blocked, id=24856, stack(0x000000136ae00000,0x000000136af00000) (1024K)]
  0x000001677d4825a0 JavaThread "Active Thread: Equinox Container: 0e18ad0a-960d-4365-81d3-9255d733a0c1"        [_thread_blocked, id=18460, stack(0x000000136b700000,0x000000136b800000) (1024K)]
  0x000001677d27dda0 JavaThread "Refresh Thread: Equinox Container: 0e18ad0a-960d-4365-81d3-9255d733a0c1" daemon [_thread_blocked, id=18848, stack(0x000000136b900000,0x000000136ba00000) (1024K)]
  0x0000016778375470 JavaThread "Framework Event Dispatcher: Equinox Container: 0e18ad0a-960d-4365-81d3-9255d733a0c1" daemon [_thread_blocked, id=10516, stack(0x000000136ba00000,0x000000136bb00000) (1024K)]
  0x0000016778375ae0 JavaThread "Start Level: Equinox Container: 0e18ad0a-960d-4365-81d3-9255d733a0c1" daemon [_thread_blocked, id=19248, stack(0x000000136bb00000,0x000000136bc00000) (1024K)]
  0x000001677dcca010 JavaThread "Bundle File Closer"         daemon [_thread_blocked, id=7612, stack(0x000000136bf00000,0x000000136c000000) (1024K)]
  0x000001677d96b030 JavaThread "SCR Component Actor"        daemon [_thread_blocked, id=11232, stack(0x000000136c000000,0x000000136c100000) (1024K)]
  0x000001677d76de80 JavaThread "Worker-JM"                         [_thread_blocked, id=17156, stack(0x000000136c100000,0x000000136c200000) (1024K)]
  0x000001677dc3d750 JavaThread "JNA Cleaner"                daemon [_thread_blocked, id=9728, stack(0x000000136c300000,0x000000136c400000) (1024K)]
  0x000001677dc3dde0 JavaThread "Worker-0"                          [_thread_blocked, id=15948, stack(0x000000136c400000,0x000000136c500000) (1024K)]
  0x000001677dc3c3a0 JavaThread "Worker-1"                          [_thread_blocked, id=19204, stack(0x000000136c500000,0x000000136c600000) (1024K)]
  0x000001677dc3ca30 JavaThread "Java indexing"              daemon [_thread_blocked, id=10620, stack(0x000000136c600000,0x000000136c700000) (1024K)]
  0x000001677dc3e470 JavaThread "Worker-2"                          [_thread_blocked, id=20536, stack(0x000000136ca00000,0x000000136cb00000) (1024K)]
  0x000001677dc3eb00 JavaThread "Worker-3"                          [_thread_blocked, id=25084, stack(0x000000136cb00000,0x000000136cc00000) (1024K)]
  0x000001677dc3f190 JavaThread "Thread-1"                   daemon [_thread_in_native, id=18816, stack(0x000000136cc00000,0x000000136cd00000) (1024K)]
  0x000001677dc3d0c0 JavaThread "Thread-2"                   daemon [_thread_in_native, id=18060, stack(0x000000136cd00000,0x000000136ce00000) (1024K)]
  0x000001677dc3bd10 JavaThread "Thread-3"                   daemon [_thread_in_native, id=16720, stack(0x000000136ce00000,0x000000136cf00000) (1024K)]
  0x000001677ed484d0 JavaThread "Thread-4"                   daemon [_thread_in_native, id=23360, stack(0x000000136cf00000,0x000000136d000000) (1024K)]
  0x000001677ed456e0 JavaThread "Thread-5"                   daemon [_thread_in_native, id=20272, stack(0x000000136d000000,0x000000136d100000) (1024K)]
  0x000001677ed45d70 JavaThread "Thread-6"                   daemon [_thread_in_native, id=24844, stack(0x000000136d100000,0x000000136d200000) (1024K)]
  0x000001677ed45050 JavaThread "Thread-7"                   daemon [_thread_in_native, id=22840, stack(0x000000136d200000,0x000000136d300000) (1024K)]
  0x000001677ed46400 JavaThread "Thread-8"                   daemon [_thread_in_native, id=20564, stack(0x000000136d300000,0x000000136d400000) (1024K)]
  0x000001677ed46a90 JavaThread "Thread-9"                   daemon [_thread_in_native, id=11456, stack(0x000000136d400000,0x000000136d500000) (1024K)]
  0x000001677ed47e40 JavaThread "Thread-10"                  daemon [_thread_in_native, id=25508, stack(0x000000136d500000,0x000000136d600000) (1024K)]
  0x000001677ed47120 JavaThread "Thread-11"                  daemon [_thread_in_native, id=15928, stack(0x000000136d600000,0x000000136d700000) (1024K)]
  0x000001677ed477b0 JavaThread "Thread-12"                  daemon [_thread_in_native, id=19476, stack(0x000000136d700000,0x000000136d800000) (1024K)]
  0x000001677f7a67b0 JavaThread "Thread-13"                  daemon [_thread_in_native, id=10364, stack(0x000000136d800000,0x000000136d900000) (1024K)]
  0x000001677f7a6e40 JavaThread "Thread-14"                  daemon [_thread_in_native, id=25200, stack(0x000000136d900000,0x000000136da00000) (1024K)]
  0x000001677f7a39c0 JavaThread "Thread-15"                  daemon [_thread_in_native, id=18616, stack(0x000000136da00000,0x000000136db00000) (1024K)]
  0x000001677f7a4050 JavaThread "Thread-16"                  daemon [_thread_in_native, id=11396, stack(0x000000136db00000,0x000000136dc00000) (1024K)]
  0x000001677f7a46e0 JavaThread "Thread-17"                  daemon [_thread_in_native, id=3376, stack(0x000000136dc00000,0x000000136dd00000) (1024K)]
  0x000001677f7a81f0 JavaThread "pool-2-thread-1"                   [_thread_blocked, id=22784, stack(0x000000136e000000,0x000000136e100000) (1024K)]
  0x000001677f7a4d70 JavaThread "ForkJoinPool.commonPool-worker-1" daemon [_thread_blocked, id=23928, stack(0x000000136e100000,0x000000136e200000) (1024K)]
  0x000001677f7a8880 JavaThread "ForkJoinPool.commonPool-worker-2" daemon [_thread_blocked, id=2128, stack(0x000000136e200000,0x000000136e300000) (1024K)]
  0x000001677f7a74d0 JavaThread "ForkJoinPool.commonPool-worker-3" daemon [_thread_blocked, id=1964, stack(0x000000136e300000,0x000000136e400000) (1024K)]
  0x000001677f7a5400 JavaThread "ForkJoinPool.commonPool-worker-4" daemon [_thread_blocked, id=20984, stack(0x000000136e400000,0x000000136e500000) (1024K)]
  0x000001677f7a7b60 JavaThread "ForkJoinPool.commonPool-worker-5" daemon [_thread_blocked, id=5144, stack(0x000000136e500000,0x000000136e600000) (1024K)]
  0x000001677f7a8f10 JavaThread "ForkJoinPool.commonPool-worker-6" daemon [_thread_blocked, id=7912, stack(0x000000136e600000,0x000000136e700000) (1024K)]
  0x000001677f7a5a90 JavaThread "ForkJoinPool.commonPool-worker-7" daemon [_thread_blocked, id=2232, stack(0x000000136e700000,0x000000136e800000) (1024K)]
  0x000001677f7a95a0 JavaThread "ForkJoinPool.commonPool-worker-8" daemon [_thread_blocked, id=14696, stack(0x000000136e800000,0x000000136e900000) (1024K)]
  0x000001677f7a6120 JavaThread "ForkJoinPool.commonPool-worker-9" daemon [_thread_blocked, id=20200, stack(0x000000136e900000,0x000000136ea00000) (1024K)]
  0x000001677f7aa950 JavaThread "ForkJoinPool.commonPool-worker-10" daemon [_thread_blocked, id=4216, stack(0x000000136ea00000,0x000000136eb00000) (1024K)]
  0x000001677f7a9c30 JavaThread "ForkJoinPool.commonPool-worker-11" daemon [_thread_blocked, id=18812, stack(0x000000136eb00000,0x000000136ec00000) (1024K)]
  0x000001677f7aafe0 JavaThread "ForkJoinPool.commonPool-worker-12" daemon [_thread_blocked, id=14752, stack(0x000000136ec00000,0x000000136ed00000) (1024K)]
  0x000001677f7aa2c0 JavaThread "ForkJoinPool.commonPool-worker-13" daemon [_thread_blocked, id=8220, stack(0x000000136ed00000,0x000000136ee00000) (1024K)]
  0x0000016741ad1920 JavaThread "ForkJoinPool.commonPool-worker-14" daemon [_thread_blocked, id=25184, stack(0x000000136ee00000,0x000000136ef00000) (1024K)]
  0x0000016741ad3360 JavaThread "ForkJoinPool.commonPool-worker-15" daemon [_thread_blocked, id=18540, stack(0x000000136ef00000,0x000000136f000000) (1024K)]
  0x0000016741ad0570 JavaThread "WorkspaceEventsHandler"            [_thread_blocked, id=16900, stack(0x000000136f000000,0x000000136f100000) (1024K)]
  0x0000016741ad1290 JavaThread "pool-1-thread-1"                   [_thread_blocked, id=18380, stack(0x000000136f100000,0x000000136f200000) (1024K)]
  0x0000016741ad39f0 JavaThread "Cleaner-0"                  daemon [_thread_blocked, id=17236, stack(0x000000136f300000,0x000000136f400000) (1024K)]
  0x0000016741ad5ac0 JavaThread "Compiler Source File Reader" daemon [_thread_blocked, id=16592, stack(0x000000136de00000,0x000000136df00000) (1024K)]
  0x0000016741ad67e0 JavaThread "Compiler Processing Task"   daemon [_thread_blocked, id=25168, stack(0x000000136df00000,0x000000136e000000) (1024K)]
  0x0000016741ad4710 JavaThread "Java Debug Server"          daemon [_thread_in_native, id=11240, stack(0x000000136a900000,0x000000136aa00000) (1024K)]
  0x0000016741ad5430 JavaThread "pool-5-thread-1"                   [_thread_in_native, id=4808, stack(0x000000136aa00000,0x000000136ab00000) (1024K)]
  0x0000016744274dc0 JavaThread "RxSchedulerPurge-1"         daemon [_thread_blocked, id=4132, stack(0x000000136ab00000,0x000000136ac00000) (1024K)]
  0x0000016744276e90 JavaThread "RxCachedWorkerPoolEvictor-1" daemon [_thread_blocked, id=25408, stack(0x000000136ad00000,0x000000136ae00000) (1024K)]
  0x0000016744274730 JavaThread "RxNewThreadScheduler-1"     daemon [_thread_blocked, id=18032, stack(0x000000136a800000,0x000000136a900000) (1024K)]
  0x0000016744275450 JavaThread "process reaper (pid 8408)"  daemon [_thread_in_native, id=5756, stack(0x0000001369720000,0x0000001369740000) (128K)]
  0x0000016741c850f0 JavaThread "C2 CompilerThread1"         daemon [_thread_in_native, id=18860, stack(0x000000136af00000,0x000000136b000000) (1024K)]
  0x0000016741c82ee0 JavaThread "C2 CompilerThread2"         daemon [_thread_in_native, id=21488, stack(0x000000136dd00000,0x000000136de00000) (1024K)]
  0x0000016741c857c0 JavaThread "C1 CompilerThread1"         daemon [_thread_blocked, id=25260, stack(0x000000136f200000,0x000000136f300000) (1024K)]
  0x0000016741c84350 JavaThread "C1 CompilerThread2"         daemon [_thread_blocked, id=3464, stack(0x000000136f400000,0x000000136f500000) (1024K)]
  0x0000016741c82140 JavaThread "C2 CompilerThread3"         daemon [_thread_blocked, id=20712, stack(0x000000136f500000,0x000000136f600000) (1024K)]
  0x0000016741c85e90 JavaThread "C2 CompilerThread4"         daemon [_thread_in_native, id=24640, stack(0x000000136f600000,0x000000136f700000) (1024K)]
  0x0000016741c82810 JavaThread "C2 CompilerThread5"         daemon [_thread_in_native, id=5812, stack(0x000000136f700000,0x000000136f800000) (1024K)]
  0x0000016741c86c30 JavaThread "C2 CompilerThread6"         daemon [_thread_blocked, id=23036, stack(0x000000136f800000,0x000000136f900000) (1024K)]
  0x0000016741c87300 JavaThread "C2 CompilerThread7"         daemon [_thread_in_native, id=24548, stack(0x000000136f900000,0x000000136fa00000) (1024K)]
Total: 77

Other Threads:
  0x00000167765f5460 VMThread "VM Thread"                           [id=20800, stack(0x0000001369f00000,0x000000136a000000) (1024K)]
  0x000001677521bf20 WatcherThread "VM Periodic Task Thread"        [id=24716, stack(0x0000001369e00000,0x0000001369f00000) (1024K)]
  0x000001675cc77040 WorkerThread "GC Thread#0"                     [id=25448, stack(0x0000001369d00000,0x0000001369e00000) (1024K)]
  0x000001677d1bb380 WorkerThread "GC Thread#1"                     [id=12524, stack(0x000000136b000000,0x000000136b100000) (1024K)]
  0x00000167787b1fd0 WorkerThread "GC Thread#2"                     [id=17140, stack(0x000000136b100000,0x000000136b200000) (1024K)]
  0x00000167787b2380 WorkerThread "GC Thread#3"                     [id=3656, stack(0x000000136b200000,0x000000136b300000) (1024K)]
  0x00000167787b2730 WorkerThread "GC Thread#4"                     [id=23348, stack(0x000000136b300000,0x000000136b400000) (1024K)]
  0x00000167783bf600 WorkerThread "GC Thread#5"                     [id=25180, stack(0x000000136b400000,0x000000136b500000) (1024K)]
  0x00000167783bf9b0 WorkerThread "GC Thread#6"                     [id=4332, stack(0x000000136b500000,0x000000136b600000) (1024K)]
  0x000001677d1b2620 WorkerThread "GC Thread#7"                     [id=12572, stack(0x000000136b800000,0x000000136b900000) (1024K)]
  0x000001677d6c4940 WorkerThread "GC Thread#8"                     [id=18372, stack(0x000000136bc00000,0x000000136bd00000) (1024K)]
  0x000001677d184e40 WorkerThread "GC Thread#9"                     [id=22384, stack(0x000000136bd00000,0x000000136be00000) (1024K)]
  0x000001677d1851f0 WorkerThread "GC Thread#10"                    [id=19092, stack(0x000000136be00000,0x000000136bf00000) (1024K)]
  0x000001677d948140 WorkerThread "GC Thread#11"                    [id=20128, stack(0x000000136b600000,0x000000136b700000) (1024K)]
  0x000001677da19b20 WorkerThread "GC Thread#12"                    [id=16712, stack(0x000000136c200000,0x000000136c300000) (1024K)]
Total: 15

Threads with active compile tasks:
C2 CompilerThread0  36396 14161       4       org.eclipse.jdt.internal.compiler.lookup.BinaryTypeBinding::createMethod (1666 bytes)
C2 CompilerThread1  36396 14267       4       org.eclipse.osgi.container.ModuleDatabase$Persistence::writeString (99 bytes)
C2 CompilerThread2  36397 14244       4       org.eclipse.osgi.container.ModuleDatabase$Persistence::addMap (289 bytes)
C2 CompilerThread4  36398 14273       4       org.eclipse.osgi.container.ModuleDatabase$Persistence::addToWriteTable (77 bytes)
C2 CompilerThread5  36398 14274       4       java.util.Collections$UnmodifiableMap::hashCode (10 bytes)
C2 CompilerThread7  36399 14166       4       org.eclipse.core.internal.preferences.EclipsePreferences::node (8 bytes)
Total: 6

VM state: not at safepoint (normal execution)

VM Mutex/Monitor currently owned by a thread: None

Heap address: 0x0000000080000000, size: 2048 MB, Compressed Oops mode: 32-bit

CDS archive(s) mapped at: [0x0000016700000000-0x0000016700ba0000-0x0000016700ba0000), size 12189696, SharedBaseAddress: 0x0000016700000000, ArchiveRelocationMode: 1.
Compressed class space mapped at: 0x0000016701000000-0x0000016741000000, reserved size: 1073741824
Narrow klass base: 0x0000016700000000, Narrow klass shift: 0, Narrow klass range: 0x100000000

GC Precious Log:
 CardTable entry size: 512
 CPUs: 16 total, 16 available
 Memory: 15723M
 Large Page Support: Disabled
 NUMA Support: Disabled
 Compressed Oops: Enabled (32-bit)
 Alignments: Space 512K, Generation 512K, Heap 2M
 Heap Min Capacity: 100M
 Heap Initial Capacity: 100M
 Heap Max Capacity: 2G
 Pre-touch: Disabled
 Parallel Workers: 13

Heap:
 PSYoungGen      total 11264K, used 10537K [0x00000000d5580000, 0x00000000d6380000, 0x0000000100000000)
  eden space 9728K, 97% used [0x00000000d5580000,0x00000000d5ebe930,0x00000000d5f00000)
  from space 1536K, 69% used [0x00000000d6200000,0x00000000d630bdb0,0x00000000d6380000)
  to   space 1536K, 0% used [0x00000000d6080000,0x00000000d6080000,0x00000000d6200000)
 ParOldGen       total 146432K, used 146125K [0x0000000080000000, 0x0000000088f00000, 0x00000000d5580000)
  object space 146432K, 99% used [0x0000000080000000,0x0000000088eb3590,0x0000000088f00000)
 Metaspace       used 77891K, committed 79552K, reserved 1179648K
  class space    used 8329K, committed 9024K, reserved 1048576K

Card table byte_map: [0x0000016770680000,0x0000016770a90000] _byte_map_base: 0x0000016770280000

Marking Bits: (ParMarkBitMap*) 0x00007ffb71023450
 Begin Bits: [0x0000016770d40000, 0x0000016772d40000)
 End Bits:   [0x0000016772d40000, 0x0000016774d40000)

Polling page: 0x000001675c4d0000

Metaspace:

Usage:
  Non-class:     67.93 MB used.
      Class:      8.13 MB used.
       Both:     76.07 MB used.

Virtual space:
  Non-class space:      128.00 MB reserved,      68.88 MB ( 54%) committed,  2 nodes.
      Class space:        1.00 GB reserved,       8.81 MB ( <1%) committed,  1 nodes.
             Both:        1.12 GB reserved,      77.69 MB (  7%) committed. 

Chunk freelists:
   Non-Class:  10.23 MB
       Class:  7.07 MB
        Both:  17.30 MB

MaxMetaspaceSize: unlimited
CompressedClassSpaceSize: 1.00 GB
Initial GC threshold: 21.00 MB
Current GC threshold: 97.31 MB
CDS: on
 - commit_granule_bytes: 65536.
 - commit_granule_words: 8192.
 - virtual_space_node_default_size: 8388608.
 - enlarge_chunks_in_place: 1.
 - use_allocation_guard: 0.


Internal statistics:

num_allocs_failed_limit: 9.
num_arena_births: 1442.
num_arena_deaths: 14.
num_vsnodes_births: 3.
num_vsnodes_deaths: 0.
num_space_committed: 1243.
num_space_uncommitted: 0.
num_chunks_returned_to_freelist: 23.
num_chunks_taken_from_freelist: 5157.
num_chunk_merges: 13.
num_chunk_splits: 3179.
num_chunks_enlarged: 1790.
num_inconsistent_stats: 0.

CodeHeap 'non-profiled nmethods': size=119168Kb used=11417Kb max_used=11417Kb free=107750Kb
 bounds [0x0000016769040000, 0x0000016769b70000, 0x00000167704a0000]
CodeHeap 'profiled nmethods': size=119104Kb used=31640Kb max_used=31640Kb free=87463Kb
 bounds [0x00000167614a0000, 0x0000016763390000, 0x00000167688f0000]
CodeHeap 'non-nmethods': size=7488Kb used=2622Kb max_used=3282Kb free=4865Kb
 bounds [0x00000167688f0000, 0x0000016768c30000, 0x0000016769040000]
CodeCache: size=245760Kb, used=45679Kb, max_used=46339Kb, free=200078Kb
 total_blobs=14271, nmethods=13449, adapters=722, full_count=0
Compilation: enabled, stopped_count=0, restarted_count=0

Compilation events (20 events):
Event: 32.231 Thread 0x0000016741c857c0 14243       3       java.util.RegularEnumSet$EnumSetIterator::hasNext (15 bytes)
Event: 32.232 Thread 0x0000016741c857c0 nmethod 14243 0x0000016763352f90 code [0x0000016763353120, 0x0000016763353288]
Event: 32.232 Thread 0x0000016741c857c0 14245       3       java.util.HashSet::add (20 bytes)
Event: 32.232 Thread 0x0000016741c84350 nmethod 14242 0x0000016763353310 code [0x00000167633536e0, 0x0000016763355410]
Event: 32.232 Thread 0x0000016741c857c0 nmethod 14245 0x0000016763355d10 code [0x0000016763355ec0, 0x00000167633560f8]
Event: 32.232 Thread 0x000001677661bec0 14246       3       java.io.DataOutputStream::writeInt (28 bytes)
Event: 32.232 Thread 0x0000016741c857c0 14247       3       jdk.internal.util.ByteArray::setInt (10 bytes)
Event: 32.232 Thread 0x0000016741c850f0 nmethod 14158 0x0000016769b54290 code [0x0000016769b54640, 0x0000016769b56e80]
Event: 32.233 Thread 0x0000016741c857c0 nmethod 14247 0x0000016763356190 code [0x0000016763356380, 0x00000167633568c8]
Event: 32.233 Thread 0x000001677661bec0 nmethod 14246 0x0000016763356b10 code [0x0000016763356d40, 0x00000167633574a8]
Event: 32.233 Thread 0x0000016741c84350 14248       3       java.io.DataOutputStream::writeByte (14 bytes)
Event: 32.233 Thread 0x0000016741c857c0 14249       3       org.eclipse.osgi.container.ModuleDatabase$Persistence::writeString (99 bytes)
Event: 32.233 Thread 0x0000016741c84350 nmethod 14248 0x0000016763357810 code [0x00000167633579c0, 0x0000016763357c40]
Event: 32.233 Thread 0x000001677661bec0 14250       3       org.eclipse.osgi.container.ModuleDatabase$Persistence::addToWriteTable (77 bytes)
Event: 32.234 Thread 0x000001677661bec0 nmethod 14250 0x0000016763357d90 code [0x0000016763358060, 0x0000016763358f18]
Event: 32.235 Thread 0x0000016741c857c0 nmethod 14249 0x0000016763359410 code [0x0000016763359840, 0x000001676335b780]
Event: 32.235 Thread 0x0000016741c850f0 14187       4       org.eclipse.jdt.internal.core.util.MementoTokenizer::nextToken (647 bytes)
Event: 32.241 Thread 0x0000016741c857c0 14254       1       org.osgi.framework.Version::getMicro (5 bytes)
Event: 32.241 Thread 0x000001677661bec0 14255       3       org.osgi.framework.Version::equals (72 bytes)
Event: 32.241 Thread 0x0000016741c84350 14256       2       java.util.Collections$SingletonMap::get (20 bytes)

GC Heap History (20 events):
Event: 22.109 GC heap before
{Heap before GC invocations=148 (full 3):
 PSYoungGen      total 10752K, used 10464K [0x00000000d5580000, 0x00000000d6180000, 0x0000000100000000)
  eden space 9728K, 100% used [0x00000000d5580000,0x00000000d5f00000,0x00000000d5f00000)
  from space 1024K, 71% used [0x00000000d6080000,0x00000000d6138000,0x00000000d6180000)
  to   space 1024K, 0% used [0x00000000d5f80000,0x00000000d5f80000,0x00000000d6080000)
 ParOldGen       total 136704K, used 135636K [0x0000000080000000, 0x0000000088580000, 0x00000000d5580000)
  object space 136704K, 99% used [0x0000000080000000,0x0000000088475330,0x0000000088580000)
 Metaspace       used 73578K, committed 75200K, reserved 1179648K
  class space    used 7775K, committed 8512K, reserved 1048576K
}
Event: 22.110 GC heap after
{Heap after GC invocations=148 (full 3):
 PSYoungGen      total 10752K, used 901K [0x00000000d5580000, 0x00000000d6100000, 0x0000000100000000)
  eden space 9728K, 0% used [0x00000000d5580000,0x00000000d5580000,0x00000000d5f00000)
  from space 1024K, 87% used [0x00000000d5f80000,0x00000000d6061420,0x00000000d6080000)
  to   space 512K, 0% used [0x00000000d6080000,0x00000000d6080000,0x00000000d6100000)
 ParOldGen       total 136704K, used 136108K [0x0000000080000000, 0x0000000088580000, 0x00000000d5580000)
  object space 136704K, 99% used [0x0000000080000000,0x00000000884eb330,0x0000000088580000)
 Metaspace       used 73578K, committed 75200K, reserved 1179648K
  class space    used 7775K, committed 8512K, reserved 1048576K
}
Event: 22.140 GC heap before
{Heap before GC invocations=149 (full 3):
 PSYoungGen      total 10752K, used 10629K [0x00000000d5580000, 0x00000000d6100000, 0x0000000100000000)
  eden space 9728K, 100% used [0x00000000d5580000,0x00000000d5f00000,0x00000000d5f00000)
  from space 1024K, 87% used [0x00000000d5f80000,0x00000000d6061420,0x00000000d6080000)
  to   space 512K, 0% used [0x00000000d6080000,0x00000000d6080000,0x00000000d6100000)
 ParOldGen       total 136704K, used 136108K [0x0000000080000000, 0x0000000088580000, 0x00000000d5580000)
  object space 136704K, 99% used [0x0000000080000000,0x00000000884eb330,0x0000000088580000)
 Metaspace       used 73648K, committed 75264K, reserved 1179648K
  class space    used 7776K, committed 8512K, reserved 1048576K
}
Event: 22.141 GC heap after
{Heap after GC invocations=149 (full 3):
 PSYoungGen      total 10240K, used 512K [0x00000000d5580000, 0x00000000d6200000, 0x0000000100000000)
  eden space 9728K, 0% used [0x00000000d5580000,0x00000000d5580000,0x00000000d5f00000)
  from space 512K, 100% used [0x00000000d6080000,0x00000000d6100000,0x00000000d6100000)
  to   space 1536K, 0% used [0x00000000d5f00000,0x00000000d5f00000,0x00000000d6080000)
 ParOldGen       total 137216K, used 136897K [0x0000000080000000, 0x0000000088600000, 0x00000000d5580000)
  object space 137216K, 99% used [0x0000000080000000,0x00000000885b06e0,0x0000000088600000)
 Metaspace       used 73648K, committed 75264K, reserved 1179648K
  class space    used 7776K, committed 8512K, reserved 1048576K
}
Event: 23.400 GC heap before
{Heap before GC invocations=150 (full 3):
 PSYoungGen      total 10240K, used 10240K [0x00000000d5580000, 0x00000000d6200000, 0x0000000100000000)
  eden space 9728K, 100% used [0x00000000d5580000,0x00000000d5f00000,0x00000000d5f00000)
  from space 512K, 100% used [0x00000000d6080000,0x00000000d6100000,0x00000000d6100000)
  to   space 1536K, 0% used [0x00000000d5f00000,0x00000000d5f00000,0x00000000d6080000)
 ParOldGen       total 137216K, used 136897K [0x0000000080000000, 0x0000000088600000, 0x00000000d5580000)
  object space 137216K, 99% used [0x0000000080000000,0x00000000885b06e0,0x0000000088600000)
 Metaspace       used 74043K, committed 75776K, reserved 1179648K
  class space    used 7811K, committed 8576K, reserved 1048576K
}
Event: 23.402 GC heap after
{Heap after GC invocations=150 (full 3):
 PSYoungGen      total 11264K, used 1528K [0x00000000d5580000, 0x00000000d6a00000, 0x0000000100000000)
  eden space 9728K, 0% used [0x00000000d5580000,0x00000000d5580000,0x00000000d5f00000)
  from space 1536K, 99% used [0x00000000d5f00000,0x00000000d607e3c0,0x00000000d6080000)
  to   space 5632K, 0% used [0x00000000d6480000,0x00000000d6480000,0x00000000d6a00000)
 ParOldGen       total 140288K, used 140262K [0x0000000080000000, 0x0000000088900000, 0x00000000d5580000)
  object space 140288K, 99% used [0x0000000080000000,0x00000000888f9b88,0x0000000088900000)
 Metaspace       used 74043K, committed 75776K, reserved 1179648K
  class space    used 7811K, committed 8576K, reserved 1048576K
}
Event: 24.726 GC heap before
{Heap before GC invocations=151 (full 3):
 PSYoungGen      total 11264K, used 11201K [0x00000000d5580000, 0x00000000d6a00000, 0x0000000100000000)
  eden space 9728K, 99% used [0x00000000d5580000,0x00000000d5ef20c8,0x00000000d5f00000)
  from space 1536K, 99% used [0x00000000d5f00000,0x00000000d607e3c0,0x00000000d6080000)
  to   space 5632K, 0% used [0x00000000d6480000,0x00000000d6480000,0x00000000d6a00000)
 ParOldGen       total 140288K, used 140262K [0x0000000080000000, 0x0000000088900000, 0x00000000d5580000)
  object space 140288K, 99% used [0x0000000080000000,0x00000000888f9b88,0x0000000088900000)
 Metaspace       used 74307K, committed 76032K, reserved 1179648K
  class space    used 7861K, committed 8640K, reserved 1048576K
}
Event: 24.727 GC heap after
{Heap after GC invocations=151 (full 3):
 PSYoungGen      total 10752K, used 592K [0x00000000d5580000, 0x00000000d6580000, 0x0000000100000000)
  eden space 9728K, 0% used [0x00000000d5580000,0x00000000d5580000,0x00000000d5f00000)
  from space 1024K, 57% used [0x00000000d6480000,0x00000000d6514010,0x00000000d6580000)
  to   space 2560K, 0% used [0x00000000d6080000,0x00000000d6080000,0x00000000d6300000)
 ParOldGen       total 140800K, used 140486K [0x0000000080000000, 0x0000000088980000, 0x00000000d5580000)
  object space 140800K, 99% used [0x0000000080000000,0x0000000088931b88,0x0000000088980000)
 Metaspace       used 74307K, committed 76032K, reserved 1179648K
  class space    used 7861K, committed 8640K, reserved 1048576K
}
Event: 24.914 GC heap before
{Heap before GC invocations=152 (full 3):
 PSYoungGen      total 10752K, used 10320K [0x00000000d5580000, 0x00000000d6580000, 0x0000000100000000)
  eden space 9728K, 100% used [0x00000000d5580000,0x00000000d5f00000,0x00000000d5f00000)
  from space 1024K, 57% used [0x00000000d6480000,0x00000000d6514010,0x00000000d6580000)
  to   space 2560K, 0% used [0x00000000d6080000,0x00000000d6080000,0x00000000d6300000)
 ParOldGen       total 140800K, used 140486K [0x0000000080000000, 0x0000000088980000, 0x00000000d5580000)
  object space 140800K, 99% used [0x0000000080000000,0x0000000088931b88,0x0000000088980000)
 Metaspace       used 75311K, committed 76992K, reserved 1179648K
  class space    used 7947K, committed 8704K, reserved 1048576K
}
Event: 24.915 GC heap after
{Heap after GC invocations=152 (full 3):
 PSYoungGen      total 12288K, used 529K [0x00000000d5580000, 0x00000000d6500000, 0x0000000100000000)
  eden space 9728K, 0% used [0x00000000d5580000,0x00000000d5580000,0x00000000d5f00000)
  from space 2560K, 20% used [0x00000000d6080000,0x00000000d61045c8,0x00000000d6300000)
  to   space 1024K, 0% used [0x00000000d6400000,0x00000000d6400000,0x00000000d6500000)
 ParOldGen       total 141312K, used 140814K [0x0000000080000000, 0x0000000088a00000, 0x00000000d5580000)
  object space 141312K, 99% used [0x0000000080000000,0x0000000088983b98,0x0000000088a00000)
 Metaspace       used 75311K, committed 76992K, reserved 1179648K
  class space    used 7947K, committed 8704K, reserved 1048576K
}
Event: 24.984 GC heap before
{Heap before GC invocations=153 (full 3):
 PSYoungGen      total 12288K, used 10257K [0x00000000d5580000, 0x00000000d6500000, 0x0000000100000000)
  eden space 9728K, 100% used [0x00000000d5580000,0x00000000d5f00000,0x00000000d5f00000)
  from space 2560K, 20% used [0x00000000d6080000,0x00000000d61045c8,0x00000000d6300000)
  to   space 1024K, 0% used [0x00000000d6400000,0x00000000d6400000,0x00000000d6500000)
 ParOldGen       total 141312K, used 140814K [0x0000000080000000, 0x0000000088a00000, 0x00000000d5580000)
  object space 141312K, 99% used [0x0000000080000000,0x0000000088983b98,0x0000000088a00000)
 Metaspace       used 76339K, committed 78016K, reserved 1179648K
  class space    used 8111K, committed 8832K, reserved 1048576K
}
Event: 24.984 GC heap after
{Heap after GC invocations=153 (full 3):
 PSYoungGen      total 10240K, used 416K [0x00000000d5580000, 0x00000000d6480000, 0x0000000100000000)
  eden space 9728K, 0% used [0x00000000d5580000,0x00000000d5580000,0x00000000d5f00000)
  from space 512K, 81% used [0x00000000d6400000,0x00000000d6468000,0x00000000d6480000)
  to   space 512K, 0% used [0x00000000d6380000,0x00000000d6380000,0x00000000d6400000)
 ParOldGen       total 141312K, used 141093K [0x0000000080000000, 0x0000000088a00000, 0x00000000d5580000)
  object space 141312K, 99% used [0x0000000080000000,0x00000000889c9778,0x0000000088a00000)
 Metaspace       used 76339K, committed 78016K, reserved 1179648K
  class space    used 8111K, committed 8832K, reserved 1048576K
}
Event: 25.320 GC heap before
{Heap before GC invocations=154 (full 3):
 PSYoungGen      total 10240K, used 10144K [0x00000000d5580000, 0x00000000d6480000, 0x0000000100000000)
  eden space 9728K, 100% used [0x00000000d5580000,0x00000000d5f00000,0x00000000d5f00000)
  from space 512K, 81% used [0x00000000d6400000,0x00000000d6468000,0x00000000d6480000)
  to   space 512K, 0% used [0x00000000d6380000,0x00000000d6380000,0x00000000d6400000)
 ParOldGen       total 141312K, used 141093K [0x0000000080000000, 0x0000000088a00000, 0x00000000d5580000)
  object space 141312K, 99% used [0x0000000080000000,0x00000000889c9778,0x0000000088a00000)
 Metaspace       used 77346K, committed 79104K, reserved 1179648K
  class space    used 8275K, committed 9024K, reserved 1048576K
}
Event: 25.321 GC heap after
{Heap after GC invocations=154 (full 3):
 PSYoungGen      total 10240K, used 500K [0x00000000d5580000, 0x00000000d6480000, 0x0000000100000000)
  eden space 9728K, 0% used [0x00000000d5580000,0x00000000d5580000,0x00000000d5f00000)
  from space 512K, 97% used [0x00000000d6380000,0x00000000d63fd200,0x00000000d6400000)
  to   space 512K, 0% used [0x00000000d6400000,0x00000000d6400000,0x00000000d6480000)
 ParOldGen       total 141312K, used 141309K [0x0000000080000000, 0x0000000088a00000, 0x00000000d5580000)
  object space 141312K, 99% used [0x0000000080000000,0x00000000889ff7b8,0x0000000088a00000)
 Metaspace       used 77346K, committed 79104K, reserved 1179648K
  class space    used 8275K, committed 9024K, reserved 1048576K
}
Event: 25.363 GC heap before
{Heap before GC invocations=155 (full 3):
 PSYoungGen      total 10240K, used 10228K [0x00000000d5580000, 0x00000000d6480000, 0x0000000100000000)
  eden space 9728K, 99% used [0x00000000d5580000,0x00000000d5efffc8,0x00000000d5f00000)
  from space 512K, 97% used [0x00000000d6380000,0x00000000d63fd200,0x00000000d6400000)
  to   space 512K, 0% used [0x00000000d6400000,0x00000000d6400000,0x00000000d6480000)
 ParOldGen       total 141312K, used 141309K [0x0000000080000000, 0x0000000088a00000, 0x00000000d5580000)
  object space 141312K, 99% used [0x0000000080000000,0x00000000889ff7b8,0x0000000088a00000)
 Metaspace       used 77354K, committed 79104K, reserved 1179648K
  class space    used 8275K, committed 9024K, reserved 1048576K
}
Event: 25.366 GC heap after
{Heap after GC invocations=155 (full 3):
 PSYoungGen      total 10240K, used 487K [0x00000000d5580000, 0x00000000d6900000, 0x0000000100000000)
  eden space 9728K, 0% used [0x00000000d5580000,0x00000000d5580000,0x00000000d5f00000)
  from space 512K, 95% used [0x00000000d6400000,0x00000000d6479ed8,0x00000000d6480000)
  to   space 5120K, 0% used [0x00000000d5f00000,0x00000000d5f00000,0x00000000d6400000)
 ParOldGen       total 145408K, used 145082K [0x0000000080000000, 0x0000000088e00000, 0x00000000d5580000)
  object space 145408K, 99% used [0x0000000080000000,0x0000000088dae8c0,0x0000000088e00000)
 Metaspace       used 77354K, committed 79104K, reserved 1179648K
  class space    used 8275K, committed 9024K, reserved 1048576K
}
Event: 25.409 GC heap before
{Heap before GC invocations=156 (full 3):
 PSYoungGen      total 10240K, used 10215K [0x00000000d5580000, 0x00000000d6900000, 0x0000000100000000)
  eden space 9728K, 100% used [0x00000000d5580000,0x00000000d5f00000,0x00000000d5f00000)
  from space 512K, 95% used [0x00000000d6400000,0x00000000d6479ed8,0x00000000d6480000)
  to   space 5120K, 0% used [0x00000000d5f00000,0x00000000d5f00000,0x00000000d6400000)
 ParOldGen       total 145408K, used 145082K [0x0000000080000000, 0x0000000088e00000, 0x00000000d5580000)
  object space 145408K, 99% used [0x0000000080000000,0x0000000088dae8c0,0x0000000088e00000)
 Metaspace       used 77405K, committed 79104K, reserved 1179648K
  class space    used 8278K, committed 9024K, reserved 1048576K
}
Event: 25.410 GC heap after
{Heap after GC invocations=156 (full 3):
 PSYoungGen      total 10752K, used 884K [0x00000000d5580000, 0x00000000d6480000, 0x0000000100000000)
  eden space 9728K, 0% used [0x00000000d5580000,0x00000000d5580000,0x00000000d5f00000)
  from space 1024K, 86% used [0x00000000d5f00000,0x00000000d5fdd200,0x00000000d6000000)
  to   space 2560K, 0% used [0x00000000d6200000,0x00000000d6200000,0x00000000d6480000)
 ParOldGen       total 145408K, used 145375K [0x0000000080000000, 0x0000000088e00000, 0x00000000d5580000)
  object space 145408K, 99% used [0x0000000080000000,0x0000000088df7c50,0x0000000088e00000)
 Metaspace       used 77405K, committed 79104K, reserved 1179648K
  class space    used 8278K, committed 9024K, reserved 1048576K
}
Event: 25.435 GC heap before
{Heap before GC invocations=157 (full 3):
 PSYoungGen      total 10752K, used 10612K [0x00000000d5580000, 0x00000000d6480000, 0x0000000100000000)
  eden space 9728K, 100% used [0x00000000d5580000,0x00000000d5f00000,0x00000000d5f00000)
  from space 1024K, 86% used [0x00000000d5f00000,0x00000000d5fdd200,0x00000000d6000000)
  to   space 2560K, 0% used [0x00000000d6200000,0x00000000d6200000,0x00000000d6480000)
 ParOldGen       total 145408K, used 145375K [0x0000000080000000, 0x0000000088e00000, 0x00000000d5580000)
  object space 145408K, 99% used [0x0000000080000000,0x0000000088df7c50,0x0000000088e00000)
 Metaspace       used 77479K, committed 79168K, reserved 1179648K
  class space    used 8278K, committed 9024K, reserved 1048576K
}
Event: 25.436 GC heap after
{Heap after GC invocations=157 (full 3):
 PSYoungGen      total 11264K, used 1071K [0x00000000d5580000, 0x00000000d6380000, 0x0000000100000000)
  eden space 9728K, 0% used [0x00000000d5580000,0x00000000d5580000,0x00000000d5f00000)
  from space 1536K, 69% used [0x00000000d6200000,0x00000000d630bdb0,0x00000000d6380000)
  to   space 1536K, 0% used [0x00000000d6080000,0x00000000d6080000,0x00000000d6200000)
 ParOldGen       total 146432K, used 146125K [0x0000000080000000, 0x0000000088f00000, 0x00000000d5580000)
  object space 146432K, 99% used [0x0000000080000000,0x0000000088eb3590,0x0000000088f00000)
 Metaspace       used 77479K, committed 79168K, reserved 1179648K
  class space    used 8278K, committed 9024K, reserved 1048576K
}

Dll operation events (11 events):
Event: 0.026 Loaded shared library c:\Users\PN-Docente\.vscode\extensions\redhat.java-1.53.0-win32-x64\jre\21.0.10-win32-x86_64\bin\java.dll
Event: 0.045 Loaded shared library c:\Users\PN-Docente\.vscode\extensions\redhat.java-1.53.0-win32-x64\jre\21.0.10-win32-x86_64\bin\zip.dll
Event: 0.110 Loaded shared library C:\Users\PN-Docente\.vscode\extensions\redhat.java-1.53.0-win32-x64\jre\21.0.10-win32-x86_64\bin\instrument.dll
Event: 0.120 Loaded shared library C:\Users\PN-Docente\.vscode\extensions\redhat.java-1.53.0-win32-x64\jre\21.0.10-win32-x86_64\bin\net.dll
Event: 0.126 Loaded shared library C:\Users\PN-Docente\.vscode\extensions\redhat.java-1.53.0-win32-x64\jre\21.0.10-win32-x86_64\bin\nio.dll
Event: 0.130 Loaded shared library C:\Users\PN-Docente\.vscode\extensions\redhat.java-1.53.0-win32-x64\jre\21.0.10-win32-x86_64\bin\zip.dll
Event: 0.144 Loaded shared library C:\Users\PN-Docente\.vscode\extensions\redhat.java-1.53.0-win32-x64\jre\21.0.10-win32-x86_64\bin\jimage.dll
Event: 0.204 Loaded shared library c:\Users\PN-Docente\.vscode\extensions\redhat.java-1.53.0-win32-x64\jre\21.0.10-win32-x86_64\bin\verify.dll
Event: 1.044 Loaded shared library C:\Users\PN-Docente\AppData\Roaming\Code\User\globalStorage\redhat.java\1.53.0\config_win\org.eclipse.equinox.launcher\org.eclipse.equinox.launcher.win32.win32.x86_64_1.3.0.v20260203-2149\eclipse_11919.dll
Event: 2.011 Loaded shared library C:\Users\PN-Docente\AppData\Local\Temp\jna-1159319875\jna18069145043949550333.dll
Event: 24.862 Loaded shared library C:\Users\PN-Docente\.vscode\extensions\redhat.java-1.53.0-win32-x64\jre\21.0.10-win32-x86_64\bin\extnet.dll

Deoptimization events (20 events):
Event: 26.710 Thread 0x0000016744276170 Uncommon trap: trap_request=0xffffff45 fr.pc=0x0000016769b12e20 relative=0x00000000000004e0
Event: 26.710 Thread 0x0000016744276170 Uncommon trap: reason=unstable_if action=reinterpret pc=0x0000016769b12e20 method=com.google.gson.internal.bind.TypeAdapterRuntimeTypeWrapper.write(Lcom/google/gson/stream/JsonWriter;Ljava/lang/Object;)V @ 43 c2
Event: 26.710 Thread 0x0000016744276170 DEOPT PACKING pc=0x0000016769b12e20 sp=0x000000136fafe0c0
Event: 26.710 Thread 0x0000016744276170 DEOPT UNPACKING pc=0x0000016768943aa2 sp=0x000000136fafe088 mode 2
Event: 26.710 Thread 0x0000016744276170 Uncommon trap: trap_request=0xffffffde fr.pc=0x00000167694f6994 relative=0x00000000000007d4
Event: 26.710 Thread 0x0000016744276170 Uncommon trap: reason=class_check action=maybe_recompile pc=0x00000167694f6994 method=java.io.PrintWriter.implWrite(Ljava/lang/String;II)V @ 11 c2
Event: 26.710 Thread 0x0000016744276170 DEOPT PACKING pc=0x00000167694f6994 sp=0x000000136fafe3e0
Event: 26.710 Thread 0x0000016744276170 DEOPT UNPACKING pc=0x0000016768943aa2 sp=0x000000136fafe358 mode 2
Event: 26.711 Thread 0x0000016744276170 Uncommon trap: trap_request=0xffffffde fr.pc=0x00000167694f6994 relative=0x00000000000007d4
Event: 26.711 Thread 0x0000016744276170 Uncommon trap: reason=class_check action=maybe_recompile pc=0x00000167694f6994 method=java.io.PrintWriter.implWrite(Ljava/lang/String;II)V @ 11 c2
Event: 26.711 Thread 0x0000016744276170 DEOPT PACKING pc=0x00000167694f6994 sp=0x000000136fafe410
Event: 26.711 Thread 0x0000016744276170 DEOPT UNPACKING pc=0x0000016768943aa2 sp=0x000000136fafe388 mode 2
Event: 32.231 Thread 0x000001677d4825a0 Uncommon trap: trap_request=0xffffff45 fr.pc=0x00000167691ce1b8 relative=0x0000000000000d18
Event: 32.231 Thread 0x000001677d4825a0 Uncommon trap: reason=unstable_if action=reinterpret pc=0x00000167691ce1b8 method=java.util.HashMap.putVal(ILjava/lang/Object;Ljava/lang/Object;ZZ)Ljava/lang/Object; @ 94 c2
Event: 32.231 Thread 0x000001677d4825a0 DEOPT PACKING pc=0x00000167691ce1b8 sp=0x000000136b7febd0
Event: 32.232 Thread 0x000001677d4825a0 DEOPT UNPACKING pc=0x0000016768943aa2 sp=0x000000136b7fea70 mode 2
Event: 32.232 Thread 0x000001677d4825a0 Uncommon trap: trap_request=0xffffff45 fr.pc=0x00000167697e6c54 relative=0x0000000000000554
Event: 32.232 Thread 0x000001677d4825a0 Uncommon trap: reason=unstable_if action=reinterpret pc=0x00000167697e6c54 method=java.util.HashMap.removeNode(ILjava/lang/Object;Ljava/lang/Object;ZZ)Ljava/util/HashMap$Node; @ 62 c2
Event: 32.232 Thread 0x000001677d4825a0 DEOPT PACKING pc=0x00000167697e6c54 sp=0x000000136b7fec40
Event: 32.232 Thread 0x000001677d4825a0 DEOPT UNPACKING pc=0x0000016768943aa2 sp=0x000000136b7feb40 mode 2

Classes loaded (20 events):
Event: 25.064 Loading class java/util/TaskQueue
Event: 25.064 Loading class java/util/TaskQueue done
Event: 25.064 Loading class java/util/TimerThread
Event: 25.064 Loading class java/util/TimerThread done
Event: 25.064 Loading class java/util/Timer$ThreadReaper
Event: 25.064 Loading class java/util/Timer$ThreadReaper done
Event: 25.066 Loading class java/util/concurrent/CompletableFuture$UniWhenComplete
Event: 25.066 Loading class java/util/concurrent/CompletableFuture$UniWhenComplete done
Event: 25.067 Loading class java/util/concurrent/CompletableFuture$UniCompose
Event: 25.067 Loading class java/util/concurrent/CompletableFuture$UniCompose done
Event: 25.067 Loading class java/util/concurrent/CompletableFuture$UniRelay
Event: 25.067 Loading class java/util/concurrent/CompletableFuture$UniRelay done
Event: 25.968 Loading class java/util/concurrent/ScheduledThreadPoolExecutor$DelayedWorkQueue$Itr
Event: 25.968 Loading class java/util/concurrent/ScheduledThreadPoolExecutor$DelayedWorkQueue$Itr done
Event: 26.708 Loading class java/lang/ProcessHandleImpl$ExitCompletion
Event: 26.709 Loading class java/lang/ProcessHandleImpl$ExitCompletion done
Event: 26.709 Loading class java/lang/ProcessHandleImpl$1
Event: 26.709 Loading class java/lang/ProcessHandleImpl$1 done
Event: 26.709 Loading class java/util/concurrent/CompletableFuture$UniHandle
Event: 26.709 Loading class java/util/concurrent/CompletableFuture$UniHandle done

Classes unloaded (7 events):
Event: 2.322 Thread 0x00000167765f5460 Unloading class 0x00000167011a9000 'java/lang/invoke/LambdaForm$MH+0x00000167011a9000'
Event: 2.322 Thread 0x00000167765f5460 Unloading class 0x00000167011a8c00 'java/lang/invoke/LambdaForm$MH+0x00000167011a8c00'
Event: 2.322 Thread 0x00000167765f5460 Unloading class 0x00000167011a8800 'java/lang/invoke/LambdaForm$MH+0x00000167011a8800'
Event: 2.322 Thread 0x00000167765f5460 Unloading class 0x00000167011a8400 'java/lang/invoke/LambdaForm$MH+0x00000167011a8400'
Event: 2.322 Thread 0x00000167765f5460 Unloading class 0x00000167011a8000 'java/lang/invoke/LambdaForm$BMH+0x00000167011a8000'
Event: 2.322 Thread 0x00000167765f5460 Unloading class 0x00000167011a7c00 'java/lang/invoke/LambdaForm$DMH+0x00000167011a7c00'
Event: 2.322 Thread 0x00000167765f5460 Unloading class 0x00000167011a6c00 'java/lang/invoke/LambdaForm$DMH+0x00000167011a6c00'

Classes redefined (5 events):
Event: 0.289 Thread 0x00000167765f5460 redefined class name=java.io.FileOutputStream, count=1
Event: 0.291 Thread 0x00000167765f5460 redefined class name=java.lang.ClassLoader, count=1
Event: 0.294 Thread 0x00000167765f5460 redefined class name=java.nio.file.Files, count=1
Event: 0.295 Thread 0x00000167765f5460 redefined class name=java.io.File, count=1
Event: 0.296 Thread 0x00000167765f5460 redefined class name=java.net.URLStreamHandler, count=1

Internal exceptions (20 events):
Event: 21.442 Thread 0x000001677dc3eb00 Exception <a 'java/lang/NoSuchMethodError'{0x00000000d5d4fdd8}: 'void java.lang.invoke.DirectMethodHandle$Holder.invokeSpecial(java.lang.Object, java.lang.Object, java.lang.Object, java.lang.Object, java.lang.Object, java.lang.Object, java.lang.Object)'> (0x00000000d5d4fdd8) 
thrown [s\src\hotspot\share\interpreter\linkResolver.cpp, line 773]
Event: 24.696 Thread 0x000001677f7a9c30 Exception <a 'java/lang/NoSuchMethodError'{0x00000000d5d01738}: 'int java.lang.invoke.DirectMethodHandle$Holder.invokeStatic(java.lang.Object)'> (0x00000000d5d01738) 
thrown [s\src\hotspot\share\interpreter\linkResolver.cpp, line 773]
Event: 24.717 Thread 0x000001677f7a9c30 Exception <a 'sun/nio/fs/WindowsException'{0x00000000d5e6ebf8}> (0x00000000d5e6ebf8) 
thrown [s\src\hotspot\share\prims\jni.cpp, line 520]
Event: 24.717 Thread 0x000001677f7a9c30 Exception <a 'sun/nio/fs/WindowsException'{0x00000000d5e6f4d8}> (0x00000000d5e6f4d8) 
thrown [s\src\hotspot\share\prims\jni.cpp, line 520]
Event: 24.717 Thread 0x000001677f7a9c30 Exception <a 'sun/nio/fs/WindowsException'{0x00000000d5e70238}> (0x00000000d5e70238) 
thrown [s\src\hotspot\share\prims\jni.cpp, line 520]
Event: 24.717 Thread 0x000001677f7a9c30 Exception <a 'sun/nio/fs/WindowsException'{0x00000000d5e70b18}> (0x00000000d5e70b18) 
thrown [s\src\hotspot\share\prims\jni.cpp, line 520]
Event: 24.718 Thread 0x000001677f7a9c30 Exception <a 'sun/nio/fs/WindowsException'{0x00000000d5e72270}> (0x00000000d5e72270) 
thrown [s\src\hotspot\share\prims\jni.cpp, line 520]
Event: 24.718 Thread 0x000001677f7a9c30 Exception <a 'sun/nio/fs/WindowsException'{0x00000000d5e728a0}> (0x00000000d5e728a0) 
thrown [s\src\hotspot\share\prims\jni.cpp, line 520]
Event: 24.721 Thread 0x000001677f7a9c30 Exception <a 'sun/nio/fs/WindowsException'{0x00000000d5ea6658}> (0x00000000d5ea6658) 
thrown [s\src\hotspot\share\prims\jni.cpp, line 520]
Event: 24.721 Thread 0x000001677f7a9c30 Exception <a 'sun/nio/fs/WindowsException'{0x00000000d5ea6f38}> (0x00000000d5ea6f38) 
thrown [s\src\hotspot\share\prims\jni.cpp, line 520]
Event: 24.893 Thread 0x0000016741ad5430 Exception <a 'java/io/FileNotFoundException'{0x00000000d5d3ac48}> (0x00000000d5d3ac48) 
thrown [s\src\hotspot\share\prims\jni.cpp, line 520]
Event: 25.009 Thread 0x0000016741ad5430 Exception <a 'java/lang/NoSuchMethodError'{0x00000000d58f45d8}: 'java.lang.Object java.lang.invoke.DirectMethodHandle$Holder.invokeVirtual(java.lang.Object, java.lang.Object, java.lang.Object, java.lang.Object)'> (0x00000000d58f45d8) 
thrown [s\src\hotspot\share\interpreter\linkResolver.cpp, line 773]
Event: 25.040 Thread 0x0000016744274730 Exception <a 'java/lang/NoSuchMethodError'{0x00000000d5d002b8}: 'java.lang.Object java.lang.invoke.DirectMethodHandle$Holder.invokeStatic(java.lang.Object, long, java.lang.Object, java.lang.Object)'> (0x00000000d5d002b8) 
thrown [s\src\hotspot\share\interpreter\linkResolver.cpp, line 773]
Event: 25.051 Thread 0x0000016744274730 Exception <a 'sun/nio/fs/WindowsException'{0x00000000d5d93778}> (0x00000000d5d93778) 
thrown [s\src\hotspot\share\prims\jni.cpp, line 520]
Event: 25.051 Thread 0x0000016744274730 Exception <a 'sun/nio/fs/WindowsException'{0x00000000d5d949e0}> (0x00000000d5d949e0) 
thrown [s\src\hotspot\share\prims\jni.cpp, line 520]
Event: 25.066 Thread 0x0000016744274730 Exception <a 'java/lang/NoSuchMethodError'{0x00000000d5e39888}: 'void java.lang.invoke.DirectMethodHandle$Holder.invokeStatic(java.lang.Object, java.lang.Object, java.lang.Object, java.lang.Object, java.lang.Object, java.lang.Object, java.lang.Object)'> (0x00000000d5e39888) 
thrown [s\src\hotspot\share\interpreter\linkResolver.cpp, line 773]
Event: 25.347 Thread 0x000001677f7a5a90 Implicit null exception at 0x0000016769ad8d0e to 0x0000016769ad9408
Event: 25.850 Thread 0x0000016744276170 Exception <a 'java/lang/NoSuchMethodError'{0x00000000d58f7d88}: 'long java.lang.invoke.DelegatingMethodHandle$Holder.reinvoke_L(java.lang.Object, java.lang.Object)'> (0x00000000d58f7d88) 
thrown [s\src\hotspot\share\interpreter\linkResolver.cpp, line 773]
Event: 25.850 Thread 0x0000016744276170 Exception <a 'java/lang/NoSuchMethodError'{0x00000000d59022b8}: 'void java.lang.invoke.DelegatingMethodHandle$Holder.reinvoke_L(java.lang.Object, java.lang.Object, long)'> (0x00000000d59022b8) 
thrown [s\src\hotspot\share\interpreter\linkResolver.cpp, line 773]
Event: 26.710 Thread 0x0000016744276170 Exception <a 'java/lang/NoSuchMethodError'{0x00000000d5a1b4f8}: 'long java.lang.invoke.Invokers$Holder.invokeExact_MT(java.lang.Object, java.lang.Object, java.lang.Object)'> (0x00000000d5a1b4f8) 
thrown [s\src\hotspot\share\interpreter\linkResolver.cpp, line 773]

ZGC Phase Switch (0 events):
No events

VM Operations (20 events):
Event: 25.059 Executing non-safepoint VM operation: HandshakeAllThreads (Deoptimize) done
Event: 25.063 Executing non-safepoint VM operation: HandshakeAllThreads (Deoptimize)
Event: 25.063 Executing non-safepoint VM operation: HandshakeAllThreads (Deoptimize) done
Event: 25.320 Executing safepoint VM operation: ParallelGCFailedAllocation (Allocation Failure)
Event: 25.321 Executing safepoint VM operation: ParallelGCFailedAllocation (Allocation Failure) done
Event: 25.363 Executing safepoint VM operation: ParallelGCFailedAllocation (Allocation Failure)
Event: 25.366 Executing safepoint VM operation: ParallelGCFailedAllocation (Allocation Failure) done
Event: 25.409 Executing safepoint VM operation: ParallelGCFailedAllocation (Allocation Failure)
Event: 25.410 Executing safepoint VM operation: ParallelGCFailedAllocation (Allocation Failure) done
Event: 25.435 Executing safepoint VM operation: ParallelGCFailedAllocation (Allocation Failure)
Event: 25.436 Executing safepoint VM operation: ParallelGCFailedAllocation (Allocation Failure) done
Event: 26.441 Executing safepoint VM operation: Cleanup
Event: 26.441 Executing safepoint VM operation: Cleanup done
Event: 27.455 Executing safepoint VM operation: Cleanup
Event: 27.455 Executing safepoint VM operation: Cleanup done
Event: 29.464 Executing safepoint VM operation: Cleanup
Event: 29.464 Executing safepoint VM operation: Cleanup done
Event: 31.484 Executing safepoint VM operation: Cleanup
Event: 31.484 Executing safepoint VM operation: Cleanup done
Event: 32.489 Executing safepoint VM operation: Cleanup

Memory protections (0 events):
No events

Nmethod flushes (20 events):
Event: 7.666 Thread 0x00000167765f5460 flushing  nmethod 0x0000016761e33a90
Event: 7.666 Thread 0x00000167765f5460 flushing  nmethod 0x0000016761e36310
Event: 7.666 Thread 0x00000167765f5460 flushing  nmethod 0x0000016761e36690
Event: 7.666 Thread 0x00000167765f5460 flushing  nmethod 0x0000016761e4c390
Event: 7.666 Thread 0x00000167765f5460 flushing  nmethod 0x0000016761e4c990
Event: 7.666 Thread 0x00000167765f5460 flushing  nmethod 0x0000016761e4d090
Event: 7.666 Thread 0x00000167765f5460 flushing  nmethod 0x0000016761e4d910
Event: 7.666 Thread 0x00000167765f5460 flushing  nmethod 0x0000016761e4dc90
Event: 7.666 Thread 0x00000167765f5460 flushing  nmethod 0x0000016761e50510
Event: 7.666 Thread 0x00000167765f5460 flushing  nmethod 0x0000016761e76b10
Event: 7.666 Thread 0x00000167765f5460 flushing  nmethod 0x0000016761e83690
Event: 7.666 Thread 0x00000167765f5460 flushing  nmethod 0x0000016761ee5010
Event: 7.666 Thread 0x00000167765f5460 flushing  nmethod 0x0000016761ee5a10
Event: 7.666 Thread 0x00000167765f5460 flushing  nmethod 0x0000016761ee7510
Event: 7.666 Thread 0x00000167765f5460 flushing  nmethod 0x0000016761ee8e10
Event: 7.666 Thread 0x00000167765f5460 flushing  nmethod 0x0000016761ee9290
Event: 7.666 Thread 0x00000167765f5460 flushing  nmethod 0x0000016761ee9610
Event: 7.666 Thread 0x00000167765f5460 flushing  nmethod 0x0000016761ef6990
Event: 7.666 Thread 0x00000167765f5460 flushing  nmethod 0x0000016761ef6f10
Event: 7.666 Thread 0x00000167765f5460 flushing  nmethod 0x0000016761ef7b90

Events (20 events):
Event: 25.435 Thread 0x0000016741c82810 Thread added: 0x0000016741c82ee0
Event: 25.848 Thread 0x0000016741ad5430 Thread added: 0x0000016744276170
Event: 25.848 Thread 0x0000016744276800 Thread exited: 0x0000016744276800
Event: 25.857 Thread 0x0000016741c82140 Thread exited: 0x0000016741c82140
Event: 25.968 Thread 0x0000016741c857c0 Thread exited: 0x0000016741c857c0
Event: 25.968 Thread 0x0000016741c84350 Thread exited: 0x0000016741c84350
Event: 25.968 Thread 0x0000016741c82ee0 Thread exited: 0x0000016741c82ee0
Event: 26.708 Thread 0x0000016741c85e90 Thread exited: 0x0000016741c85e90
Event: 26.708 Thread 0x0000016741c850f0 Thread exited: 0x0000016741c850f0
Event: 26.709 Thread 0x0000016744276170 Thread added: 0x0000016744275450
Event: 26.710 Thread 0x0000016741c82810 Thread exited: 0x0000016741c82810
Event: 26.712 Thread 0x0000016744276170 Thread exited: 0x0000016744276170
Event: 26.964 Thread 0x0000016741c83c80 Thread exited: 0x0000016741c83c80
Event: 29.146 Thread 0x000001677661bec0 Thread added: 0x0000016741c850f0
Event: 29.161 Thread 0x000001677661bec0 Thread added: 0x0000016741c857c0
Event: 31.747 Thread 0x0000016741c857c0 Thread exited: 0x0000016741c857c0
Event: 32.224 Thread 0x000001677661bec0 Thread added: 0x0000016741c82ee0
Event: 32.224 Thread 0x000001677661bec0 Thread added: 0x0000016741c857c0
Event: 32.225 Thread 0x0000016741c857c0 Thread added: 0x0000016741c84350
Event: 32.229 Thread 0x0000016741c84350 Thread added: 0x0000016741c82140


Dynamic libraries:
0x00007ff7acdf0000 - 0x00007ff7acdfe000 	c:\Users\PN-Docente\.vscode\extensions\redhat.java-1.53.0-win32-x64\jre\21.0.10-win32-x86_64\bin\java.exe
0x00007ffc40760000 - 0x00007ffc409c7000 	C:\Windows\SYSTEM32\ntdll.dll
0x00007ffc40480000 - 0x00007ffc40549000 	C:\Windows\System32\KERNEL32.DLL
0x00007ffc40080000 - 0x00007ffc40471000 	C:\Windows\System32\KERNELBASE.dll
0x000000007c650000 - 0x000000007c68e000 	C:\Windows\System32\cyinjct.dll
0x00007ffc3fef0000 - 0x00007ffc3ff14000 	C:\Windows\System32\cyvera.dll
0x00007ffc37850000 - 0x00007ffc37868000 	c:\Users\PN-Docente\.vscode\extensions\redhat.java-1.53.0-win32-x64\jre\21.0.10-win32-x86_64\bin\jli.dll
0x000001675c110000 - 0x000001675c2d5000 	C:\Windows\System32\USER32.dll
0x00007ffc3d140000 - 0x00007ffc3d167000 	C:\Windows\System32\win32u.dll
0x00007ffc3ed10000 - 0x00007ffc3ed3b000 	C:\Windows\System32\GDI32.dll
0x00007ffc3d220000 - 0x00007ffc3d34b000 	C:\Windows\System32\gdi32full.dll
0x00007ffc3d090000 - 0x00007ffc3d133000 	C:\Windows\System32\msvcp_win.dll
0x000001675c2e0000 - 0x000001675c42b000 	C:\Windows\System32\ucrtbase.dll
0x00007ffc1ca00000 - 0x00007ffc1ca1e000 	c:\Users\PN-Docente\.vscode\extensions\redhat.java-1.53.0-win32-x64\jre\21.0.10-win32-x86_64\bin\VCRUNTIME140.dll
0x00007ffc1f910000 - 0x00007ffc1fba3000 	C:\Windows\WinSxS\amd64_microsoft.windows.common-controls_6595b64144ccf1df_6.0.26100.8037_none_3e092faae333b53b\COMCTL32.dll
0x00007ffc3eb90000 - 0x00007ffc3ec39000 	C:\Windows\System32\msvcrt.dll
0x00007ffc3fe20000 - 0x00007ffc3fee6000 	C:\Windows\System32\cyvrtrap.dll
0x00007ffc3e300000 - 0x00007ffc3e331000 	C:\Windows\System32\IMM32.DLL
0x00007ffc39880000 - 0x00007ffc3988c000 	c:\Users\PN-Docente\.vscode\extensions\redhat.java-1.53.0-win32-x64\jre\21.0.10-win32-x86_64\bin\vcruntime140_1.dll
0x00007ffbec1b0000 - 0x00007ffbec23d000 	c:\Users\PN-Docente\.vscode\extensions\redhat.java-1.53.0-win32-x64\jre\21.0.10-win32-x86_64\bin\msvcp140.dll
0x00007ffb70360000 - 0x00007ffb71101000 	c:\Users\PN-Docente\.vscode\extensions\redhat.java-1.53.0-win32-x64\jre\21.0.10-win32-x86_64\bin\server\jvm.dll
0x00007ffc3e000000 - 0x00007ffc3e0bb000 	C:\Windows\System32\ADVAPI32.dll
0x00007ffc3fca0000 - 0x00007ffc3fd47000 	C:\Windows\System32\sechost.dll
0x00007ffc3ff60000 - 0x00007ffc40078000 	C:\Windows\System32\RPCRT4.dll
0x00007ffc3fd50000 - 0x00007ffc3fdc4000 	C:\Windows\System32\WS2_32.dll
0x00007ffc3cb50000 - 0x00007ffc3cbae000 	C:\Windows\SYSTEM32\POWRPROF.dll
0x00007ffc2ed50000 - 0x00007ffc2ed85000 	C:\Windows\SYSTEM32\WINMM.dll
0x00007ffc37830000 - 0x00007ffc3783b000 	C:\Windows\SYSTEM32\VERSION.dll
0x00007ffc3ca80000 - 0x00007ffc3ca94000 	C:\Windows\SYSTEM32\UMPDC.dll
0x00007ffc3bc00000 - 0x00007ffc3bc1b000 	C:\Windows\SYSTEM32\kernel.appcore.dll
0x00007ffc39830000 - 0x00007ffc3983a000 	c:\Users\PN-Docente\.vscode\extensions\redhat.java-1.53.0-win32-x64\jre\21.0.10-win32-x86_64\bin\jimage.dll
0x00007ffc25850000 - 0x00007ffc25a92000 	C:\Windows\SYSTEM32\DBGHELP.DLL
0x00007ffc3f550000 - 0x00007ffc3f8d2000 	C:\Windows\System32\combase.dll
0x00007ffc3fa60000 - 0x00007ffc3fb37000 	C:\Windows\System32\OLEAUT32.dll
0x00007ffc19680000 - 0x00007ffc196bb000 	C:\Windows\SYSTEM32\dbgcore.DLL
0x00007ffc3d170000 - 0x00007ffc3d215000 	C:\Windows\System32\bcryptPrimitives.dll
0x00007ffc22b50000 - 0x00007ffc22b5f000 	c:\Users\PN-Docente\.vscode\extensions\redhat.java-1.53.0-win32-x64\jre\21.0.10-win32-x86_64\bin\instrument.dll
0x00007ffbfe1b0000 - 0x00007ffbfe1d0000 	c:\Users\PN-Docente\.vscode\extensions\redhat.java-1.53.0-win32-x64\jre\21.0.10-win32-x86_64\bin\java.dll
0x00007ffc3fdd0000 - 0x00007ffc3fe1a000 	C:\Program Files\Palo Alto Networks\Traps\cyjagent.dll
0x00007ffbf2760000 - 0x00007ffbf2778000 	c:\Users\PN-Docente\.vscode\extensions\redhat.java-1.53.0-win32-x64\jre\21.0.10-win32-x86_64\bin\zip.dll
0x00007ffc3ed60000 - 0x00007ffc3f4bf000 	C:\Windows\System32\SHELL32.dll
0x00007ffc3d350000 - 0x00007ffc3d4ba000 	C:\Windows\System32\wintypes.dll
0x00007ffc3d700000 - 0x00007ffc3df64000 	C:\Windows\System32\windows.storage.dll
0x00007ffc3e3b0000 - 0x00007ffc3e4a7000 	C:\Windows\System32\SHCORE.dll
0x00007ffc3e4b0000 - 0x00007ffc3e517000 	C:\Windows\System32\shlwapi.dll
0x00007ffc3cdd0000 - 0x00007ffc3cdf9000 	C:\Windows\SYSTEM32\profapi.dll
0x00007ffc1b500000 - 0x00007ffc1b510000 	C:\Users\PN-Docente\.vscode\extensions\redhat.java-1.53.0-win32-x64\jre\21.0.10-win32-x86_64\bin\net.dll
0x00007ffc37200000 - 0x00007ffc37327000 	C:\Windows\SYSTEM32\WINHTTP.dll
0x00007ffc3c150000 - 0x00007ffc3c1bb000 	C:\Windows\system32\mswsock.dll
0x00007ffbf08c0000 - 0x00007ffbf08d6000 	C:\Users\PN-Docente\.vscode\extensions\redhat.java-1.53.0-win32-x64\jre\21.0.10-win32-x86_64\bin\nio.dll
0x00007ffc1b2b0000 - 0x00007ffc1b2c0000 	c:\Users\PN-Docente\.vscode\extensions\redhat.java-1.53.0-win32-x64\jre\21.0.10-win32-x86_64\bin\verify.dll
0x00007ffbc9e40000 - 0x00007ffbc9e85000 	C:\Users\PN-Docente\AppData\Roaming\Code\User\globalStorage\redhat.java\1.53.0\config_win\org.eclipse.equinox.launcher\org.eclipse.equinox.launcher.win32.win32.x86_64_1.3.0.v20260203-2149\eclipse_11919.dll
0x00007ffc3e9f0000 - 0x00007ffc3eb85000 	C:\Windows\System32\ole32.dll
0x00007ffc3c550000 - 0x00007ffc3c56b000 	C:\Windows\SYSTEM32\CRYPTSP.dll
0x00007ffc3bb60000 - 0x00007ffc3bb99000 	C:\Windows\system32\rsaenh.dll
0x00007ffc3c200000 - 0x00007ffc3c232000 	C:\Windows\SYSTEM32\USERENV.dll
0x00007ffc3cda0000 - 0x00007ffc3cdca000 	C:\Windows\SYSTEM32\bcrypt.dll
0x00007ffc3c530000 - 0x00007ffc3c53c000 	C:\Windows\SYSTEM32\CRYPTBASE.dll
0x00007ffc3b390000 - 0x00007ffc3b3c3000 	C:\Windows\SYSTEM32\IPHLPAPI.DLL
0x00007ffc3ed00000 - 0x00007ffc3ed0a000 	C:\Windows\System32\NSI.dll
0x00007ffbc22b0000 - 0x00007ffbc22f9000 	C:\Users\PN-Docente\AppData\Local\Temp\jna-1159319875\jna18069145043949550333.dll
0x00007ffc3e340000 - 0x00007ffc3e348000 	C:\Windows\System32\PSAPI.DLL
0x00007ffc38060000 - 0x00007ffc3807d000 	C:\Windows\SYSTEM32\dhcpcsvc6.DLL
0x00007ffc38030000 - 0x00007ffc38053000 	C:\Windows\SYSTEM32\dhcpcsvc.DLL
0x00007ffc3a4a0000 - 0x00007ffc3a4a9000 	C:\Users\PN-Docente\.vscode\extensions\redhat.java-1.53.0-win32-x64\jre\21.0.10-win32-x86_64\bin\extnet.dll

JVMTI agents:
c:\Users\PN-Docente\.vscode\extensions\redhat.java-1.53.0-win32-x64\lombok\lombok-1.18.39-4050.jar path:c:\Users\PN-Docente\.vscode\extensions\redhat.java-1.53.0-win32-x64\jre\21.0.10-win32-x86_64\bin\instrument.dll, loaded, initialized, instrumentlib options:none
C:\Program Files\Palo Alto Networks\Traps\cyjagent.dll path:C:\Program Files\Palo Alto Networks\Traps\cyjagent.dll, loaded, initialized, options:none

dbghelp: loaded successfully - version: 4.0.5 - missing functions: none
symbol engine: initialized successfully - sym options: 0x614 - pdb path: .;c:\Users\PN-Docente\.vscode\extensions\redhat.java-1.53.0-win32-x64\jre\21.0.10-win32-x86_64\bin;C:\Windows\SYSTEM32;C:\Windows\WinSxS\amd64_microsoft.windows.common-controls_6595b64144ccf1df_6.0.26100.8037_none_3e092faae333b53b;c:\Users\PN-Docente\.vscode\extensions\redhat.java-1.53.0-win32-x64\jre\21.0.10-win32-x86_64\bin\server;C:\Program Files\Palo Alto Networks\Traps;C:\Users\PN-Docente\AppData\Roaming\Code\User\globalStorage\redhat.java\1.53.0\config_win\org.eclipse.equinox.launcher\org.eclipse.equinox.launcher.win32.win32.x86_64_1.3.0.v20260203-2149;C:\Users\PN-Docente\AppData\Local\Temp\jna-1159319875

VM Arguments:
jvm_args: --add-modules=ALL-SYSTEM --add-opens=java.base/java.util=ALL-UNNAMED --add-opens=java.base/java.lang=ALL-UNNAMED --add-opens=java.base/sun.nio.fs=ALL-UNNAMED -Declipse.application=org.eclipse.jdt.ls.core.id1 -Dosgi.bundles.defaultStartLevel=4 -Declipse.product=org.eclipse.jdt.ls.core.product -Djava.import.generatesMetadataFilesAtProjectRoot=false -DDetectVMInstallationsJob.disabled=true -Dfile.encoding=utf8 -XX:+UseParallelGC -XX:GCTimeRatio=4 -XX:AdaptiveSizePolicyWeight=90 -Dsun.zip.disableMemoryMapping=true -Xmx2G -Xms100m -Xlog:disable -javaagent:c:\Users\PN-Docente\.vscode\extensions\redhat.java-1.53.0-win32-x64\lombok\lombok-1.18.39-4050.jar -XX:+HeapDumpOnOutOfMemoryError -XX:HeapDumpPath=c:\Users\PN-Docente\AppData\Roaming\Code\User\workspaceStorage\151ac3ea226ae3aeb819f1ed2d8c3d3a\redhat.java -Daether.dependencyCollector.impl=bf -agentpath:C:\Program Files\Palo Alto Networks\Traps\cyjagent.dll 
java_command: c:\Users\PN-Docente\.vscode\extensions\redhat.java-1.53.0-win32-x64\server\plugins\org.eclipse.equinox.launcher_1.7.100.v20251111-0406.jar -configuration c:\Users\PN-Docente\AppData\Roaming\Code\User\globalStorage\redhat.java\1.53.0\config_win -data c:\Users\PN-Docente\AppData\Roaming\Code\User\workspaceStorage\151ac3ea226ae3aeb819f1ed2d8c3d3a\redhat.java\jdt_ws --pipe=\\.\pipe\lsp-78ef9df10459a42c66e3811f158fb97b-sock
java_class_path (initial): c:\Users\PN-Docente\.vscode\extensions\redhat.java-1.53.0-win32-x64\server\plugins\org.eclipse.equinox.launcher_1.7.100.v20251111-0406.jar
Launcher Type: SUN_STANDARD

[Global flags]
    uintx AdaptiveSizePolicyWeight                 = 90                                        {product} {command line}
     intx CICompilerCount                          = 12                                        {product} {ergonomic}
    uintx GCTimeRatio                              = 4                                         {product} {command line}
     bool HeapDumpOnOutOfMemoryError               = true                                   {manageable} {command line}
    ccstr HeapDumpPath                             = c:\Users\PN-Docente\AppData\Roaming\Code\User\workspaceStorage\151ac3ea226ae3aeb819f1ed2d8c3d3a\redhat.java         {manageable} {command line}
   size_t InitialHeapSize                          = 104857600                                 {product} {command line}
   size_t MaxHeapSize                              = 2147483648                                {product} {command line}
   size_t MaxNewSize                               = 715653120                                 {product} {ergonomic}
   size_t MinHeapDeltaBytes                        = 524288                                    {product} {ergonomic}
   size_t MinHeapSize                              = 104857600                                 {product} {command line}
   size_t NewSize                                  = 34603008                                  {product} {ergonomic}
    uintx NonNMethodCodeHeapSize                   = 7602480                                {pd product} {ergonomic}
    uintx NonProfiledCodeHeapSize                  = 122027880                              {pd product} {ergonomic}
   size_t OldSize                                  = 70254592                                  {product} {ergonomic}
    uintx ProfiledCodeHeapSize                     = 122027880                              {pd product} {ergonomic}
    uintx ReservedCodeCacheSize                    = 251658240                              {pd product} {ergonomic}
     bool SegmentedCodeCache                       = true                                      {product} {ergonomic}
   size_t SoftMaxHeapSize                          = 2147483648                             {manageable} {ergonomic}
     bool UseCompressedOops                        = true                           {product lp64_product} {ergonomic}
     bool UseLargePagesIndividualAllocation        = false                                  {pd product} {ergonomic}
     bool UseParallelGC                            = true                                      {product} {command line}

Logging:
Log output configuration:
 #0: stdout all=off uptime,level,tags foldmultilines=false
 #1: stderr all=off uptime,level,tags foldmultilines=false

Release file:
JAVA_VERSION="21.0.10" 
MODULES="java.base java.compiler java.datatransfer java.xml java.prefs java.desktop java.instrument java.logging java.management java.security.sasl java.naming java.rmi java.management.rmi java.net.http java.scripting java.security.jgss java.transaction.xa java.sql java.sql.rowset java.xml.crypto java.se java.smartcardio jdk.accessibility jdk.internal.jvmstat jdk.attach jdk.charsets jdk.internal.opt jdk.zipfs jdk.compiler jdk.crypto.ec jdk.crypto.cryptoki jdk.crypto.mscapi jdk.dynalink jdk.internal.ed jdk.editpad jdk.hotspot.agent jdk.httpserver jdk.internal.le jdk.internal.vm.ci jdk.internal.vm.compiler jdk.internal.vm.compiler.management jdk.jartool jdk.javadoc jdk.jcmd jdk.management jdk.management.agent jdk.jconsole jdk.jdeps jdk.jdwp.agent jdk.jdi jdk.jfr jdk.jshell jdk.jsobject jdk.jstatd jdk.localedata jdk.management.jfr jdk.naming.dns jdk.naming.rmi jdk.net jdk.nio.mapmode jdk.random jdk.sctp jdk.security.auth jdk.security.jgss jdk.unsupported jdk.unsupported.desktop jdk.xml.dom" 

Environment Variables:
PATH=C:\oracle\dbhomeXE\bin;C:\Program Files\Common Files\Oracle\Java\javapath;C:\Windows\system32;C:\Windows;C:\Windows\System32\Wbem;C:\Windows\System32\WindowsPowerShell\v1.0\;C:\Windows\System32\OpenSSH\;C:\Program Files\Git\cmd;C:\Program Files\Docker\Docker\resources\bin;C:\Program Files\nodejs\;C:\Program Files\Microsoft SQL Server\Client SDK\ODBC\170\Tools\Binn\;C:\Program Files (x86)\Microsoft SQL Server\150\Tools\Binn\;C:\Program Files\Microsoft SQL Server\150\Tools\Binn\;C:\Program Files\Microsoft SQL Server\150\DTS\Binn\;C:\Program Files (x86)\Microsoft SQL Server\150\DTS\Binn\;C:\Program Files\Azure Data Studio\bin;C:\Program Files\Microsoft SQL Server\130\Tools\Binn\;C:\Program Files (x86)\Microsoft SQL Server\110\DTS\Binn\;C:\Program Files (x86)\Microsoft SQL Server\120\DTS\Binn\;C:\Program Files (x86)\Microsoft SQL Server\130\DTS\Binn\;C:\Program Files (x86)\Microsoft SQL Server\140\DTS\Binn\;C:\Program Files (x86)\Microsoft SQL Server\160\DTS\Binn\;C:\Program Files\PuTTY\;C:\Program Files (x86)\Gpg4win\..\GnuPG\bin;C:\Program Files\Amazon\AWSCLI\bin\;C:\Program Files\dotnet\;C:\Program Files (x86)\dotnet\;C:\Users\PN-Docente\AppData\Local\Programs\Python\Python313\Scripts\;C:\Users\PN-Docente\AppData\Local\Programs\Python\Python313\;C:\Users\PN-Docente\AppData\Local\Microsoft\WindowsApps;C:\Users\PN-Docente\AppData\Local\Programs\Microsoft VS Code\bin;C:\Program Files\MongoDB\Server\8.0\bin;C:\Program Files\mongosh\;C:\Users\PN-Docente\AppData\Roaming\npm;C:\Program Files (x86)\Nmap;C:\Program Files\Azure Data Studio\bin
USERNAME=pn-docente
OS=Windows_NT
PROCESSOR_IDENTIFIER=AMD64 Family 25 Model 80 Stepping 0, AuthenticAMD
TMP=C:\Users\PN-DOC~1\AppData\Local\Temp
TEMP=C:\Users\PN-DOC~1\AppData\Local\Temp




Periodic native trim disabled

---------------  S Y S T E M  ---------------

OS:
 Windows 11 , 64 bit Build 26100 (10.0.26100.7920)
OS uptime: 0 days 3:21 hours
Hyper-V role detected

CPU: total 16 (initial active 16) (16 cores per cpu, 2 threads per core) family 25 model 80 stepping 0 microcode 0xa500014, cx8, cmov, fxsr, ht, mmx, 3dnowpref, sse, sse2, sse3, ssse3, sse4a, sse4.1, sse4.2, popcnt, lzcnt, tsc, tscinvbit, avx, avx2, aes, erms, clmul, bmi1, bmi2, adx, sha, fma, vzeroupper, clflush, clflushopt, hv, rdtscp, rdpid, fsrm, f16c, cet_ss
Processor Information for the first 16 processors :
  Max Mhz: 3801, Current Mhz: 3801, Mhz Limit: 3801

Memory: 4k page, system-wide physical 15723M (3397M free)
TotalPageFile size 15723M (AvailPageFile size 411M)
current process WorkingSet (physical memory assigned to process): 415M, peak: 493M
current process commit charge ("private bytes"): 502M, peak: 583M

vm_info: OpenJDK 64-Bit Server VM (21.0.10+7-LTS) for windows-amd64 JRE (21.0.10+7-LTS), built on 2026-01-20T00:00:00Z by "admin" with MS VC++ 17.12 (VS2022)

END.
