#
# There is insufficient memory for the Java Runtime Environment to continue.
# Native memory allocation (malloc) failed to allocate 1094912 bytes. Error detail: Chunk::new
# Possible reasons:
#   The system is out of physical RAM or swap space
#   This process is running with CompressedOops enabled, and the Java Heap may be blocking the growth of the native heap
# Possible solutions:
#   Reduce memory load on the system
#   Increase physical memory or swap space
#   Check if swap backing store is full
#   Decrease Java heap size (-Xmx/-Xms)
#   Decrease number of Java threads
#   Decrease Java thread stack sizes (-Xss)
#   Set larger code cache with -XX:ReservedCodeCacheSize=
#   JVM is running with Unscaled Compressed Oops mode in which the Java heap is
#     placed in the first 4GB address space. The Java Heap base address is the
#     maximum limit for the native heap growth. Please use -XX:HeapBaseMinAddress
#     to set the Java Heap base and to place the Java Heap above 4GB virtual address.
# This output file may be truncated or incomplete.
#
#  Out of Memory Error (arena.cpp:168), pid=20540, tid=19400
#
# JRE version: OpenJDK Runtime Environment Temurin-21.0.10+7 (21.0.10+7) (build 21.0.10+7-LTS)
# Java VM: OpenJDK 64-Bit Server VM Temurin-21.0.10+7 (21.0.10+7-LTS, mixed mode, sharing, tiered, compressed oops, compressed class ptrs, parallel gc, windows-amd64)
# No core dump will be written. Minidumps are not enabled by default on client versions of Windows
#

---------------  S U M M A R Y ------------

Command Line: --add-modules=ALL-SYSTEM --add-opens=java.base/java.util=ALL-UNNAMED --add-opens=java.base/java.lang=ALL-UNNAMED --add-opens=java.base/sun.nio.fs=ALL-UNNAMED -Declipse.application=org.eclipse.jdt.ls.core.id1 -Dosgi.bundles.defaultStartLevel=4 -Declipse.product=org.eclipse.jdt.ls.core.product -Djava.import.generatesMetadataFilesAtProjectRoot=false -DDetectVMInstallationsJob.disabled=true -Dfile.encoding=utf8 -XX:+UseParallelGC -XX:GCTimeRatio=4 -XX:AdaptiveSizePolicyWeight=90 -Dsun.zip.disableMemoryMapping=true -Xmx2G -Xms100m -Xlog:disable -javaagent:c:\Users\PN-Docente\.vscode\extensions\redhat.java-1.53.0-win32-x64\lombok\lombok-1.18.39-4050.jar -XX:+HeapDumpOnOutOfMemoryError -XX:HeapDumpPath=c:\Users\PN-Docente\AppData\Roaming\Code\User\workspaceStorage\151ac3ea226ae3aeb819f1ed2d8c3d3a\redhat.java -Daether.dependencyCollector.impl=bf -agentpath:C:\Program Files\Palo Alto Networks\Traps\cyjagent.dll c:\Users\PN-Docente\.vscode\extensions\redhat.java-1.53.0-win32-x64\server\plugins\org.eclipse.equinox.launcher_1.7.100.v20251111-0406.jar -configuration c:\Users\PN-Docente\AppData\Roaming\Code\User\globalStorage\redhat.java\1.53.0\config_win -data c:\Users\PN-Docente\AppData\Roaming\Code\User\workspaceStorage\151ac3ea226ae3aeb819f1ed2d8c3d3a\redhat.java\jdt_ws --pipe=\\.\pipe\lsp-8c6699bf64b2b7c95fe517b76d493a8b-sock

Host: AMD Ryzen 7 PRO 5750G with Radeon Graphics     , 16 cores, 15G,  Windows 11 , 64 bit Build 26100 (10.0.26100.7920)
Time: Tue Mar 24 14:58:33 2026 Hora verano Sudamérica Pacífico elapsed time: 10.152305 seconds (0d 0h 0m 10s)

---------------  T H R E A D  ---------------

Current thread (0x00000186eea4e830):  JavaThread "C2 CompilerThread0" daemon [_thread_in_native, id=19400, stack(0x0000003a24c00000,0x0000003a24d00000) (1024K)]


Current CompileTask:
C2:10153 8154       4       java.lang.invoke.MethodHandleImpl::makePairwiseConvertByEditor (617 bytes)

Stack: [0x0000003a24c00000,0x0000003a24d00000]
Native frames: (J=compiled Java code, j=interpreted, Vv=VM code, C=native code)
V  [jvm.dll+0x6d7a39]
V  [jvm.dll+0x8b4b26]
V  [jvm.dll+0x8b70de]
V  [jvm.dll+0x8b77c3]
V  [jvm.dll+0x284346]
V  [jvm.dll+0xc66ed]
V  [jvm.dll+0xc6c31]
V  [jvm.dll+0x3bec3b]
V  [jvm.dll+0x38b162]
V  [jvm.dll+0x38a5aa]
V  [jvm.dll+0x24c560]
V  [jvm.dll+0x24bb40]
V  [jvm.dll+0x1cb34e]
V  [jvm.dll+0x25b85d]
V  [jvm.dll+0x259dea]
V  [jvm.dll+0x3f857e]
V  [jvm.dll+0x85f59d]
V  [jvm.dll+0x6d626d]
C  [ucrtbase.dll+0x37b0]
C  [cyinjct.dll+0x11e7]
C  [KERNEL32.DLL+0x2e8d7]
C  [ntdll.dll+0x8c48c]


---------------  P R O C E S S  ---------------

Threads class SMR info:
_java_thread_list=0x00000186f729c0a0, length=68, elements={
0x0000018695c168b0, 0x00000186ac696080, 0x00000186ac69ba30, 0x00000186eea3b480,
0x00000186eea3c0e0, 0x00000186eea3e840, 0x00000186eea3f780, 0x00000186eea4e830,
0x00000186eea539a0, 0x00000186eeac9270, 0x00000186eeac9920, 0x00000186eeb5a840,
0x00000186eed7a910, 0x00000186f0560700, 0x00000186f5227dc0, 0x00000186f0aff870,
0x00000186f562e720, 0x00000186f500e090, 0x00000186f5a07e80, 0x00000186f567a290,
0x00000186f5ccfc80, 0x00000186f5c2c4c0, 0x00000186f5c2cb50, 0x00000186f5c2df00,
0x00000186f5c2aa80, 0x00000186f5c2be30, 0x00000186f5c2b110, 0x00000186f5c2b7a0,
0x00000186f5c2d1e0, 0x00000186f5c2d870, 0x00000186f72a0830, 0x00000186f72a1550,
0x00000186f729e0d0, 0x00000186f729e760, 0x00000186f729edf0, 0x00000186f729f480,
0x00000186f729fb10, 0x00000186f72a01a0, 0x00000186f72a0ec0, 0x00000186f713c170,
0x00000186f713a0a0, 0x00000186f713bae0, 0x00000186f713c800, 0x00000186f713ce90,
0x00000186f713d520, 0x00000186f713a730, 0x00000186f713dbb0, 0x00000186f713e240,
0x00000186f713adc0, 0x00000186f713e8d0, 0x00000186f713b450, 0x00000186f713fc80,
0x00000186f71416c0, 0x00000186f71409a0, 0x00000186f713ef60, 0x00000186f713f5f0,
0x00000186f7141030, 0x00000186f9fd63b0, 0x00000186f9fd3c50, 0x00000186f9fd5d20,
0x00000186f9fd5690, 0x00000186f9fd2f30, 0x00000186f795d4d0, 0x00000186f795e940,
0x00000186f795ce00, 0x00000186f795dba0, 0x00000186f795f010, 0x00000186f795e270
}

Java Threads: ( => current thread )
  0x0000018695c168b0 JavaThread "main"                              [_thread_blocked, id=25560, stack(0x0000003a24200000,0x0000003a24300000) (1024K)]
  0x00000186ac696080 JavaThread "Reference Handler"          daemon [_thread_blocked, id=24604, stack(0x0000003a24600000,0x0000003a24700000) (1024K)]
  0x00000186ac69ba30 JavaThread "Finalizer"                  daemon [_thread_blocked, id=20524, stack(0x0000003a24700000,0x0000003a24800000) (1024K)]
  0x00000186eea3b480 JavaThread "Signal Dispatcher"          daemon [_thread_blocked, id=14132, stack(0x0000003a24800000,0x0000003a24900000) (1024K)]
  0x00000186eea3c0e0 JavaThread "Attach Listener"            daemon [_thread_blocked, id=17220, stack(0x0000003a24900000,0x0000003a24a00000) (1024K)]
  0x00000186eea3e840 JavaThread "Service Thread"             daemon [_thread_blocked, id=24800, stack(0x0000003a24a00000,0x0000003a24b00000) (1024K)]
  0x00000186eea3f780 JavaThread "Monitor Deflation Thread"   daemon [_thread_blocked, id=14048, stack(0x0000003a24b00000,0x0000003a24c00000) (1024K)]
=>0x00000186eea4e830 JavaThread "C2 CompilerThread0"         daemon [_thread_in_native, id=19400, stack(0x0000003a24c00000,0x0000003a24d00000) (1024K)]
  0x00000186eea539a0 JavaThread "C1 CompilerThread0"         daemon [_thread_blocked, id=17060, stack(0x0000003a24d00000,0x0000003a24e00000) (1024K)]
  0x00000186eeac9270 JavaThread "C1 CompilerThread1"         daemon [_thread_blocked, id=18484, stack(0x0000003a24e00000,0x0000003a24f00000) (1024K)]
  0x00000186eeac9920 JavaThread "C1 CompilerThread2"         daemon [_thread_blocked, id=24548, stack(0x0000003a24f00000,0x0000003a25000000) (1024K)]
  0x00000186eeb5a840 JavaThread "C1 CompilerThread3"         daemon [_thread_blocked, id=10460, stack(0x0000003a25000000,0x0000003a25100000) (1024K)]
  0x00000186eed7a910 JavaThread "Common-Cleaner"             daemon [_thread_blocked, id=7704, stack(0x0000003a25300000,0x0000003a25400000) (1024K)]
  0x00000186f0560700 JavaThread "Notification Thread"        daemon [_thread_blocked, id=18920, stack(0x0000003a25400000,0x0000003a25500000) (1024K)]
  0x00000186f5227dc0 JavaThread "Active Thread: Equinox Container: c783f1be-701b-44d2-baf8-a5bc4b642abe"        [_thread_blocked, id=24700, stack(0x0000003a25e00000,0x0000003a25f00000) (1024K)]
  0x00000186f0aff870 JavaThread "Refresh Thread: Equinox Container: c783f1be-701b-44d2-baf8-a5bc4b642abe" daemon [_thread_blocked, id=1980, stack(0x0000003a26000000,0x0000003a26100000) (1024K)]
  0x00000186f562e720 JavaThread "Framework Event Dispatcher: Equinox Container: c783f1be-701b-44d2-baf8-a5bc4b642abe" daemon [_thread_blocked, id=988, stack(0x0000003a26100000,0x0000003a26200000) (1024K)]
  0x00000186f500e090 JavaThread "Start Level: Equinox Container: c783f1be-701b-44d2-baf8-a5bc4b642abe" daemon [_thread_blocked, id=7972, stack(0x0000003a26200000,0x0000003a26300000) (1024K)]
  0x00000186f5a07e80 JavaThread "Bundle File Closer"         daemon [_thread_blocked, id=24192, stack(0x0000003a26600000,0x0000003a26700000) (1024K)]
  0x00000186f567a290 JavaThread "SCR Component Actor"        daemon [_thread_blocked, id=19032, stack(0x0000003a26700000,0x0000003a26800000) (1024K)]
  0x00000186f5ccfc80 JavaThread "Worker-JM"                         [_thread_blocked, id=22356, stack(0x0000003a26800000,0x0000003a26900000) (1024K)]
  0x00000186f5c2c4c0 JavaThread "JNA Cleaner"                daemon [_thread_blocked, id=11700, stack(0x0000003a25c00000,0x0000003a25d00000) (1024K)]
  0x00000186f5c2cb50 JavaThread "Worker-0: Initialize workspace"        [_thread_blocked, id=21384, stack(0x0000003a26a00000,0x0000003a26b00000) (1024K)]
  0x00000186f5c2df00 JavaThread "Worker-1"                          [_thread_blocked, id=24968, stack(0x0000003a26b00000,0x0000003a26c00000) (1024K)]
  0x00000186f5c2aa80 JavaThread "Java indexing"              daemon [_thread_blocked, id=2920, stack(0x0000003a25b00000,0x0000003a25c00000) (1024K)]
  0x00000186f5c2be30 JavaThread "Worker-2"                          [_thread_blocked, id=3296, stack(0x0000003a26f00000,0x0000003a27000000) (1024K)]
  0x00000186f5c2b110 JavaThread "Worker-3"                          [_thread_blocked, id=15208, stack(0x0000003a27000000,0x0000003a27100000) (1024K)]
  0x00000186f5c2b7a0 JavaThread "Thread-1"                   daemon [_thread_in_native, id=19652, stack(0x0000003a27100000,0x0000003a27200000) (1024K)]
  0x00000186f5c2d1e0 JavaThread "Thread-2"                   daemon [_thread_in_native, id=18964, stack(0x0000003a27200000,0x0000003a27300000) (1024K)]
  0x00000186f5c2d870 JavaThread "Thread-3"                   daemon [_thread_in_native, id=5420, stack(0x0000003a27300000,0x0000003a27400000) (1024K)]
  0x00000186f72a0830 JavaThread "Thread-4"                   daemon [_thread_in_native, id=18132, stack(0x0000003a27400000,0x0000003a27500000) (1024K)]
  0x00000186f72a1550 JavaThread "Thread-5"                   daemon [_thread_in_native, id=21292, stack(0x0000003a27500000,0x0000003a27600000) (1024K)]
  0x00000186f729e0d0 JavaThread "Thread-6"                   daemon [_thread_in_native, id=17236, stack(0x0000003a27600000,0x0000003a27700000) (1024K)]
  0x00000186f729e760 JavaThread "Thread-7"                  
[error occurred during error reporting (printing all threads), id 0xc0000005, EXCEPTION_ACCESS_VIOLATION (0xc0000005) at pc=0x00007ffb70750b2d]
VM state: at safepoint (normal execution)

VM Mutex/Monitor currently owned by a thread:  ([mutex/lock_event])
[0x00007ffb7101e560] Threads_lock - owner thread: 0x00000186eea35460
[0x00007ffb7101e660] Heap_lock - owner thread: 0x00000186f713ef60

Heap address: 0x0000000080000000, size: 2048 MB, Compressed Oops mode: 32-bit

CDS archive(s) mapped at: [0x00000186ad000000-0x00000186adba0000-0x00000186adba0000), size 12189696, SharedBaseAddress: 0x00000186ad000000, ArchiveRelocationMode: 1.
Compressed class space mapped at: 0x00000186ae000000-0x00000186ee000000, reserved size: 1073741824
Narrow klass base: 0x00000186ad000000, Narrow klass shift: 0, Narrow klass range: 0x100000000

GC Precious Log:
 CardTable entry size: 512
 CPUs: 16 total, 16 available
 Memory: 15723M
 Large Page Support: Disabled
 NUMA Support: Disabled
 Compressed Oops: Enabled (32-bit)
 Alignments: Space 512K, Generation 512K, Heap 2M
 Heap Min Capacity: 100M
 Heap Initial Capacity: 100M
 Heap Max Capacity: 2G
 Pre-touch: Disabled
 Parallel Workers: 13

Heap:
 PSYoungGen      total 19456K, used 1563K [0x00000000d5580000, 0x00000000d6d80000, 0x0000000100000000)
  eden space 17408K, 0% used [0x00000000d5580000,0x00000000d5580000,0x00000000d6680000)
  from space 2048K, 76% used [0x00000000d6b80000,0x00000000d6d06cd8,0x00000000d6d80000)
  to   space 3072K, 0% used [0x00000000d6780000,0x00000000d6780000,0x00000000d6a80000)
 ParOldGen       total 68608K, used 48658K [0x0000000080000000, 0x0000000084300000, 0x00000000d5580000)
  object space 68608K, 70% used [0x0000000080000000,0x0000000082f84a90,0x0000000084300000)
 Metaspace       used 58327K, committed 59776K, reserved 1114112K
  class space    used 6239K, committed 6848K, reserved 1048576K

Card table byte_map: [0x0000018695710000,0x0000018695b20000] _byte_map_base: 0x0000018695310000

Marking Bits: (ParMarkBitMap*) 0x00007ffb71023450
 Begin Bits: [0x00000186a80a0000, 0x00000186aa0a0000)
 End Bits:   [0x00000186aa0a0000, 0x00000186ac0a0000)

Polling page: 0x0000018693300000

Metaspace:

Usage:
  Non-class:     50.87 MB used.
      Class:      6.09 MB used.
       Both:     56.96 MB used.

Virtual space:
  Non-class space:       64.00 MB reserved,      51.69 MB ( 81%) committed,  1 nodes.
      Class space:        1.00 GB reserved,       6.69 MB ( <1%) committed,  1 nodes.
             Both:        1.06 GB reserved,      58.38 MB (  5%) committed. 

Chunk freelists:
   Non-Class:  11.50 MB
       Class:  9.14 MB
        Both:  20.64 MB

MaxMetaspaceSize: unlimited
CompressedClassSpaceSize: 1.00 GB
Initial GC threshold: 21.00 MB
Current GC threshold: 58.38 MB
CDS: on
 - commit_granule_bytes: 65536.
 - commit_granule_words: 8192.
 - virtual_space_node_default_size: 8388608.
 - enlarge_chunks_in_place: 1.
 - use_allocation_guard: 0.


Internal statistics:

num_allocs_failed_limit: 11.
num_arena_births: 1080.
num_arena_deaths: 14.
num_vsnodes_births: 2.
num_vsnodes_deaths: 0.
num_space_committed: 934.
num_space_uncommitted: 0.
num_chunks_returned_to_freelist: 25.
num_chunks_taken_from_freelist: 3702.
num_chunk_merges: 13.
num_chunk_splits: 2326.
num_chunks_enlarged: 1365.
num_inconsistent_stats: 0.

CodeHeap 'non-profiled nmethods': size=119168Kb used=5029Kb max_used=5224Kb free=114138Kb
 bounds [0x00000186a0990000, 0x00000186a0eb0000, 0x00000186a7df0000]
CodeHeap 'profiled nmethods': size=119104Kb used=16647Kb max_used=17439Kb free=102456Kb
 bounds [0x0000018698df0000, 0x0000018699f00000, 0x00000186a0240000]
CodeHeap 'non-nmethods': size=7488Kb used=3111Kb max_used=3158Kb free=4376Kb
 bounds [0x00000186a0240000, 0x00000186a0560000, 0x00000186a0990000]
CodeCache: size=245760Kb, used=24787Kb, max_used=25821Kb, free=220970Kb
 total_blobs=8385, nmethods=7652, adapters=636, full_count=0
Compilation: enabled, stopped_count=0, restarted_count=0

Compilation events (20 events):
Event: 8.051 Thread 0x00000186f795c730 nmethod 8356 0x00000186a0e9bf90 code [0x00000186a0e9c140, 0x00000186a0e9c460]
Event: 8.051 Thread 0x00000186f795f010 nmethod 8355 0x00000186a0e9c690 code [0x00000186a0e9c840, 0x00000186a0e9cb60]
Event: 8.055 Thread 0x00000186f795d4d0 nmethod 8357 0x00000186a0e9cd90 code [0x00000186a0e9cf60, 0x00000186a0e9d3e8]
Event: 8.062 Thread 0x00000186f795d4d0 8361   !   4       org.eclipse.osgi.storage.bundlefile.MRUBundleFileList::use (55 bytes)
Event: 8.066 Thread 0x00000186f795d4d0 nmethod 8361 0x00000186a0e9d690 code [0x00000186a0e9d840, 0x00000186a0e9dbc8]
Event: 8.067 Thread 0x00000186eeb5a840 8362       3       java.nio.HeapByteBuffer::<init> (21 bytes)
Event: 8.067 Thread 0x00000186eeb5a840 nmethod 8362 0x0000018699ebd990 code [0x0000018699ebdb40, 0x0000018699ebdd58]
Event: 8.073 Thread 0x00000186eeac9270 8363       3       org.codehaus.plexus.util.xml.pull.MXParser::getAttributeCount (15 bytes)
Event: 8.073 Thread 0x00000186eeac9270 nmethod 8363 0x0000018699ebde90 code [0x0000018699ebe040, 0x0000018699ebe1b0]
Event: 8.073 Thread 0x00000186eeb5a840 8364       3       org.codehaus.plexus.util.xml.pull.MXParser::parseStartTag (1205 bytes)
Event: 8.087 Thread 0x00000186eeac9920 8365       3       java.util.concurrent.locks.AbstractQueuedSynchronizer$Node::<init> (5 bytes)
Event: 8.088 Thread 0x00000186eeac9270 8366       3       sun.nio.fs.WindowsPathParser::normalize (233 bytes)
Event: 8.117 Thread 0x00000186eeac9920 nmethod 8365 0x0000018699ebe290 code [0x0000018699ebe440, 0x0000018699ebe5a8]
Event: 8.119 Thread 0x00000186eea539a0 8367       3       aQute.bnd.header.Parameters::keyLength (31 bytes)
Event: 8.119 Thread 0x00000186eeac9920 8368       3       aQute.bnd.header.Attrs::isEmpty (10 bytes)
Event: 8.119 Thread 0x00000186eeac9920 nmethod 8368 0x0000018699ebe690 code [0x0000018699ebe840, 0x0000018699ebea18]
Event: 8.119 Thread 0x00000186eeac9920 8369       3       aQute.bnd.header.Attrs::append (54 bytes)
Event: 8.119 Thread 0x00000186eea539a0 nmethod 8367 0x0000018699ebeb10 code [0x0000018699ebed20, 0x0000018699ebf440]
Event: 8.120 Thread 0x00000186eeac9920 nmethod 8369 0x0000018699ebf790 code [0x0000018699ebfa00, 0x0000018699ec0560]
Event: 8.195 Thread 0x00000186eea539a0 8370       1       org.eclipse.core.internal.jobs.InternalJob::next (5 bytes)

GC Heap History (20 events):
Event: 6.418 GC heap before
{Heap before GC invocations=28 (full 2):
 PSYoungGen      total 20992K, used 20896K [0x00000000d5580000, 0x00000000d6c00000, 0x0000000100000000)
  eden space 18944K, 100% used [0x00000000d5580000,0x00000000d6800000,0x00000000d6800000)
  from space 2048K, 95% used [0x00000000d6880000,0x00000000d6a68000,0x00000000d6a80000)
  to   space 1536K, 0% used [0x00000000d6a80000,0x00000000d6a80000,0x00000000d6c00000)
 ParOldGen       total 68608K, used 35495K [0x0000000080000000, 0x0000000084300000, 0x00000000d5580000)
  object space 68608K, 51% used [0x0000000080000000,0x00000000822a9db0,0x0000000084300000)
 Metaspace       used 49468K, committed 50816K, reserved 1114112K
  class space    used 5337K, committed 5952K, reserved 1048576K
}
Event: 6.421 GC heap after
{Heap after GC invocations=28 (full 2):
 PSYoungGen      total 18944K, used 1508K [0x00000000d5580000, 0x00000000d7000000, 0x0000000100000000)
  eden space 17408K, 0% used [0x00000000d5580000,0x00000000d5580000,0x00000000d6680000)
  from space 1536K, 98% used [0x00000000d6a80000,0x00000000d6bf9000,0x00000000d6c00000)
  to   space 4096K, 0% used [0x00000000d6680000,0x00000000d6680000,0x00000000d6a80000)
 ParOldGen       total 68608K, used 37509K [0x0000000080000000, 0x0000000084300000, 0x00000000d5580000)
  object space 68608K, 54% used [0x0000000080000000,0x00000000824a1760,0x0000000084300000)
 Metaspace       used 49468K, committed 50816K, reserved 1114112K
  class space    used 5337K, committed 5952K, reserved 1048576K
}
Event: 6.460 GC heap before
{Heap before GC invocations=29 (full 2):
 PSYoungGen      total 18944K, used 18916K [0x00000000d5580000, 0x00000000d7000000, 0x0000000100000000)
  eden space 17408K, 100% used [0x00000000d5580000,0x00000000d6680000,0x00000000d6680000)
  from space 1536K, 98% used [0x00000000d6a80000,0x00000000d6bf9000,0x00000000d6c00000)
  to   space 4096K, 0% used [0x00000000d6680000,0x00000000d6680000,0x00000000d6a80000)
 ParOldGen       total 68608K, used 37509K [0x0000000080000000, 0x0000000084300000, 0x00000000d5580000)
  object space 68608K, 54% used [0x0000000080000000,0x00000000824a1760,0x0000000084300000)
 Metaspace       used 49483K, committed 50880K, reserved 1114112K
  class space    used 5337K, committed 5952K, reserved 1048576K
}
Event: 6.462 GC heap after
{Heap after GC invocations=29 (full 2):
 PSYoungGen      total 19456K, used 1888K [0x00000000d5580000, 0x00000000d6b80000, 0x0000000100000000)
  eden space 17408K, 0% used [0x00000000d5580000,0x00000000d5580000,0x00000000d6680000)
  from space 2048K, 92% used [0x00000000d6680000,0x00000000d6858010,0x00000000d6880000)
  to   space 2560K, 0% used [0x00000000d6900000,0x00000000d6900000,0x00000000d6b80000)
 ParOldGen       total 68608K, used 39051K [0x0000000080000000, 0x0000000084300000, 0x00000000d5580000)
  object space 68608K, 56% used [0x0000000080000000,0x0000000082622d88,0x0000000084300000)
 Metaspace       used 49483K, committed 50880K, reserved 1114112K
  class space    used 5337K, committed 5952K, reserved 1048576K
}
Event: 6.512 GC heap before
{Heap before GC invocations=30 (full 2):
 PSYoungGen      total 19456K, used 19296K [0x00000000d5580000, 0x00000000d6b80000, 0x0000000100000000)
  eden space 17408K, 100% used [0x00000000d5580000,0x00000000d6680000,0x00000000d6680000)
  from space 2048K, 92% used [0x00000000d6680000,0x00000000d6858010,0x00000000d6880000)
  to   space 2560K, 0% used [0x00000000d6900000,0x00000000d6900000,0x00000000d6b80000)
 ParOldGen       total 68608K, used 39051K [0x0000000080000000, 0x0000000084300000, 0x00000000d5580000)
  object space 68608K, 56% used [0x0000000080000000,0x0000000082622d88,0x0000000084300000)
 Metaspace       used 49518K, committed 50880K, reserved 1114112K
  class space    used 5339K, committed 5952K, reserved 1048576K
}
Event: 6.515 GC heap after
{Heap after GC invocations=30 (full 2):
 PSYoungGen      total 19456K, used 1656K [0x00000000d5580000, 0x00000000d6b00000, 0x0000000100000000)
  eden space 17408K, 0% used [0x00000000d5580000,0x00000000d5580000,0x00000000d6680000)
  from space 2048K, 80% used [0x00000000d6900000,0x00000000d6a9e200,0x00000000d6b00000)
  to   space 2048K, 0% used [0x00000000d6680000,0x00000000d6680000,0x00000000d6880000)
 ParOldGen       total 68608K, used 40755K [0x0000000080000000, 0x0000000084300000, 0x00000000d5580000)
  object space 68608K, 59% used [0x0000000080000000,0x00000000827ccd98,0x0000000084300000)
 Metaspace       used 49518K, committed 50880K, reserved 1114112K
  class space    used 5339K, committed 5952K, reserved 1048576K
}
Event: 6.588 GC heap before
{Heap before GC invocations=31 (full 2):
 PSYoungGen      total 19456K, used 19064K [0x00000000d5580000, 0x00000000d6b00000, 0x0000000100000000)
  eden space 17408K, 100% used [0x00000000d5580000,0x00000000d6680000,0x00000000d6680000)
  from space 2048K, 80% used [0x00000000d6900000,0x00000000d6a9e200,0x00000000d6b00000)
  to   space 2048K, 0% used [0x00000000d6680000,0x00000000d6680000,0x00000000d6880000)
 ParOldGen       total 68608K, used 40755K [0x0000000080000000, 0x0000000084300000, 0x00000000d5580000)
  object space 68608K, 59% used [0x0000000080000000,0x00000000827ccd98,0x0000000084300000)
 Metaspace       used 49714K, committed 51008K, reserved 1114112K
  class space    used 5371K, committed 5952K, reserved 1048576K
}
Event: 6.591 GC heap after
{Heap after GC invocations=31 (full 2):
 PSYoungGen      total 19456K, used 1440K [0x00000000d5580000, 0x00000000d6a80000, 0x0000000100000000)
  eden space 17408K, 0% used [0x00000000d5580000,0x00000000d5580000,0x00000000d6680000)
  from space 2048K, 70% used [0x00000000d6680000,0x00000000d67e8000,0x00000000d6880000)
  to   space 2048K, 0% used [0x00000000d6880000,0x00000000d6880000,0x00000000d6a80000)
 ParOldGen       total 68608K, used 42235K [0x0000000080000000, 0x0000000084300000, 0x00000000d5580000)
  object space 68608K, 61% used [0x0000000080000000,0x000000008293ef98,0x0000000084300000)
 Metaspace       used 49714K, committed 51008K, reserved 1114112K
  class space    used 5371K, committed 5952K, reserved 1048576K
}
Event: 6.968 GC heap before
{Heap before GC invocations=32 (full 2):
 PSYoungGen      total 19456K, used 18801K [0x00000000d5580000, 0x00000000d6a80000, 0x0000000100000000)
  eden space 17408K, 99% used [0x00000000d5580000,0x00000000d66744e0,0x00000000d6680000)
  from space 2048K, 70% used [0x00000000d6680000,0x00000000d67e8000,0x00000000d6880000)
  to   space 2048K, 0% used [0x00000000d6880000,0x00000000d6880000,0x00000000d6a80000)
 ParOldGen       total 68608K, used 42235K [0x0000000080000000, 0x0000000084300000, 0x00000000d5580000)
  object space 68608K, 61% used [0x0000000080000000,0x000000008293ef98,0x0000000084300000)
 Metaspace       used 51829K, committed 53248K, reserved 1114112K
  class space    used 5601K, committed 6208K, reserved 1048576K
}
Event: 6.969 GC heap after
{Heap after GC invocations=32 (full 2):
 PSYoungGen      total 18432K, used 879K [0x00000000d5580000, 0x00000000d6980000, 0x0000000100000000)
  eden space 17408K, 0% used [0x00000000d5580000,0x00000000d5580000,0x00000000d6680000)
  from space 1024K, 85% used [0x00000000d6880000,0x00000000d695bdf0,0x00000000d6980000)
  to   space 1536K, 0% used [0x00000000d6680000,0x00000000d6680000,0x00000000d6800000)
 ParOldGen       total 68608K, used 43443K [0x0000000080000000, 0x0000000084300000, 0x00000000d5580000)
  object space 68608K, 63% used [0x0000000080000000,0x0000000082a6cf98,0x0000000084300000)
 Metaspace       used 51829K, committed 53248K, reserved 1114112K
  class space    used 5601K, committed 6208K, reserved 1048576K
}
Event: 7.247 GC heap before
{Heap before GC invocations=33 (full 2):
 PSYoungGen      total 18432K, used 18287K [0x00000000d5580000, 0x00000000d6980000, 0x0000000100000000)
  eden space 17408K, 100% used [0x00000000d5580000,0x00000000d6680000,0x00000000d6680000)
  from space 1024K, 85% used [0x00000000d6880000,0x00000000d695bdf0,0x00000000d6980000)
  to   space 1536K, 0% used [0x00000000d6680000,0x00000000d6680000,0x00000000d6800000)
 ParOldGen       total 68608K, used 43443K [0x0000000080000000, 0x0000000084300000, 0x00000000d5580000)
  object space 68608K, 63% used [0x0000000080000000,0x0000000082a6cf98,0x0000000084300000)
 Metaspace       used 52637K, committed 54016K, reserved 1114112K
  class space    used 5693K, committed 6336K, reserved 1048576K
}
Event: 7.249 GC heap after
{Heap after GC invocations=33 (full 2):
 PSYoungGen      total 18944K, used 480K [0x00000000d5580000, 0x00000000d6900000, 0x0000000100000000)
  eden space 17408K, 0% used [0x00000000d5580000,0x00000000d5580000,0x00000000d6680000)
  from space 1536K, 31% used [0x00000000d6680000,0x00000000d66f8010,0x00000000d6800000)
  to   space 1024K, 0% used [0x00000000d6800000,0x00000000d6800000,0x00000000d6900000)
 ParOldGen       total 68608K, used 44114K [0x0000000080000000, 0x0000000084300000, 0x00000000d5580000)
  object space 68608K, 64% used [0x0000000080000000,0x0000000082b149a0,0x0000000084300000)
 Metaspace       used 52637K, committed 54016K, reserved 1114112K
  class space    used 5693K, committed 6336K, reserved 1048576K
}
Event: 7.421 GC heap before
{Heap before GC invocations=34 (full 2):
 PSYoungGen      total 18944K, used 17888K [0x00000000d5580000, 0x00000000d6900000, 0x0000000100000000)
  eden space 17408K, 100% used [0x00000000d5580000,0x00000000d6680000,0x00000000d6680000)
  from space 1536K, 31% used [0x00000000d6680000,0x00000000d66f8010,0x00000000d6800000)
  to   space 1024K, 0% used [0x00000000d6800000,0x00000000d6800000,0x00000000d6900000)
 ParOldGen       total 68608K, used 44114K [0x0000000080000000, 0x0000000084300000, 0x00000000d5580000)
  object space 68608K, 64% used [0x0000000080000000,0x0000000082b149a0,0x0000000084300000)
 Metaspace       used 53602K, committed 54976K, reserved 1114112K
  class space    used 5776K, committed 6400K, reserved 1048576K
}
Event: 7.423 GC heap after
{Heap after GC invocations=34 (full 2):
 PSYoungGen      total 18432K, used 1016K [0x00000000d5580000, 0x00000000d6980000, 0x0000000100000000)
  eden space 17408K, 0% used [0x00000000d5580000,0x00000000d5580000,0x00000000d6680000)
  from space 1024K, 99% used [0x00000000d6800000,0x00000000d68fe220,0x00000000d6900000)
  to   space 1536K, 0% used [0x00000000d6680000,0x00000000d6680000,0x00000000d6800000)
 ParOldGen       total 68608K, used 44743K [0x0000000080000000, 0x0000000084300000, 0x00000000d5580000)
  object space 68608K, 65% used [0x0000000080000000,0x0000000082bb1ff0,0x0000000084300000)
 Metaspace       used 53602K, committed 54976K, reserved 1114112K
  class space    used 5776K, committed 6400K, reserved 1048576K
}
Event: 7.473 GC heap before
{Heap before GC invocations=35 (full 2):
 PSYoungGen      total 18432K, used 18424K [0x00000000d5580000, 0x00000000d6980000, 0x0000000100000000)
  eden space 17408K, 100% used [0x00000000d5580000,0x00000000d6680000,0x00000000d6680000)
  from space 1024K, 99% used [0x00000000d6800000,0x00000000d68fe220,0x00000000d6900000)
  to   space 1536K, 0% used [0x00000000d6680000,0x00000000d6680000,0x00000000d6800000)
 ParOldGen       total 68608K, used 44743K [0x0000000080000000, 0x0000000084300000, 0x00000000d5580000)
  object space 68608K, 65% used [0x0000000080000000,0x0000000082bb1ff0,0x0000000084300000)
 Metaspace       used 53614K, committed 54976K, reserved 1114112K
  class space    used 5776K, committed 6400K, reserved 1048576K
}
Event: 7.474 GC heap after
{Heap after GC invocations=35 (full 2):
 PSYoungGen      total 18944K, used 1515K [0x00000000d5580000, 0x00000000d6b80000, 0x0000000100000000)
  eden space 17408K, 0% used [0x00000000d5580000,0x00000000d5580000,0x00000000d6680000)
  from space 1536K, 98% used [0x00000000d6680000,0x00000000d67facb8,0x00000000d6800000)
  to   space 2560K, 0% used [0x00000000d6900000,0x00000000d6900000,0x00000000d6b80000)
 ParOldGen       total 68608K, used 45349K [0x0000000080000000, 0x0000000084300000, 0x00000000d5580000)
  object space 68608K, 66% used [0x0000000080000000,0x0000000082c49640,0x0000000084300000)
 Metaspace       used 53614K, committed 54976K, reserved 1114112K
  class space    used 5776K, committed 6400K, reserved 1048576K
}
Event: 7.658 GC heap before
{Heap before GC invocations=36 (full 2):
 PSYoungGen      total 18944K, used 18923K [0x00000000d5580000, 0x00000000d6b80000, 0x0000000100000000)
  eden space 17408K, 100% used [0x00000000d5580000,0x00000000d6680000,0x00000000d6680000)
  from space 1536K, 98% used [0x00000000d6680000,0x00000000d67facb8,0x00000000d6800000)
  to   space 2560K, 0% used [0x00000000d6900000,0x00000000d6900000,0x00000000d6b80000)
 ParOldGen       total 68608K, used 45349K [0x0000000080000000, 0x0000000084300000, 0x00000000d5580000)
  object space 68608K, 66% used [0x0000000080000000,0x0000000082c49640,0x0000000084300000)
 Metaspace       used 54869K, committed 56256K, reserved 1114112K
  class space    used 5895K, committed 6528K, reserved 1048576K
}
Event: 7.659 GC heap after
{Heap after GC invocations=36 (full 2):
 PSYoungGen      total 17920K, used 416K [0x00000000d5580000, 0x00000000d6980000, 0x0000000100000000)
  eden space 17408K, 0% used [0x00000000d5580000,0x00000000d5580000,0x00000000d6680000)
  from space 512K, 81% used [0x00000000d6900000,0x00000000d6968000,0x00000000d6980000)
  to   space 1536K, 0% used [0x00000000d6680000,0x00000000d6680000,0x00000000d6800000)
 ParOldGen       total 68608K, used 45365K [0x0000000080000000, 0x0000000084300000, 0x00000000d5580000)
  object space 68608K, 66% used [0x0000000080000000,0x0000000082c4d640,0x0000000084300000)
 Metaspace       used 54869K, committed 56256K, reserved 1114112K
  class space    used 5895K, committed 6528K, reserved 1048576K
}
Event: 7.887 GC heap before
{Heap before GC invocations=37 (full 2):
 PSYoungGen      total 17920K, used 17824K [0x00000000d5580000, 0x00000000d6980000, 0x0000000100000000)
  eden space 17408K, 100% used [0x00000000d5580000,0x00000000d6680000,0x00000000d6680000)
  from space 512K, 81% used [0x00000000d6900000,0x00000000d6968000,0x00000000d6980000)
  to   space 1536K, 0% used [0x00000000d6680000,0x00000000d6680000,0x00000000d6800000)
 ParOldGen       total 68608K, used 45365K [0x0000000080000000, 0x0000000084300000, 0x00000000d5580000)
  object space 68608K, 66% used [0x0000000080000000,0x0000000082c4d640,0x0000000084300000)
 Metaspace       used 56717K, committed 58112K, reserved 1114112K
  class space    used 6086K, committed 6720K, reserved 1048576K
}
Event: 7.890 GC heap after
{Heap after GC invocations=37 (full 2):
 PSYoungGen      total 18944K, used 1535K [0x00000000d5580000, 0x00000000d7080000, 0x0000000100000000)
  eden space 17408K, 0% used [0x00000000d5580000,0x00000000d5580000,0x00000000d6680000)
  from space 1536K, 99% used [0x00000000d6680000,0x00000000d67ffdc0,0x00000000d6800000)
  to   space 5120K, 0% used [0x00000000d6b80000,0x00000000d6b80000,0x00000000d7080000)
 ParOldGen       total 68608K, used 48245K [0x0000000080000000, 0x0000000084300000, 0x00000000d5580000)
  object space 68608K, 70% used [0x0000000080000000,0x0000000082f1d640,0x0000000084300000)
 Metaspace       used 56717K, committed 58112K, reserved 1114112K
  class space    used 6086K, committed 6720K, reserved 1048576K
}

Dll operation events (10 events):
Event: 0.031 Loaded shared library c:\Users\PN-Docente\.vscode\extensions\redhat.java-1.53.0-win32-x64\jre\21.0.10-win32-x86_64\bin\java.dll
Event: 0.051 Loaded shared library c:\Users\PN-Docente\.vscode\extensions\redhat.java-1.53.0-win32-x64\jre\21.0.10-win32-x86_64\bin\zip.dll
Event: 0.118 Loaded shared library C:\Users\PN-Docente\.vscode\extensions\redhat.java-1.53.0-win32-x64\jre\21.0.10-win32-x86_64\bin\instrument.dll
Event: 0.127 Loaded shared library C:\Users\PN-Docente\.vscode\extensions\redhat.java-1.53.0-win32-x64\jre\21.0.10-win32-x86_64\bin\net.dll
Event: 0.133 Loaded shared library C:\Users\PN-Docente\.vscode\extensions\redhat.java-1.53.0-win32-x64\jre\21.0.10-win32-x86_64\bin\nio.dll
Event: 0.138 Loaded shared library C:\Users\PN-Docente\.vscode\extensions\redhat.java-1.53.0-win32-x64\jre\21.0.10-win32-x86_64\bin\zip.dll
Event: 0.153 Loaded shared library C:\Users\PN-Docente\.vscode\extensions\redhat.java-1.53.0-win32-x64\jre\21.0.10-win32-x86_64\bin\jimage.dll
Event: 0.215 Loaded shared library c:\Users\PN-Docente\.vscode\extensions\redhat.java-1.53.0-win32-x64\jre\21.0.10-win32-x86_64\bin\verify.dll
Event: 1.084 Loaded shared library C:\Users\PN-Docente\AppData\Roaming\Code\User\globalStorage\redhat.java\1.53.0\config_win\org.eclipse.equinox.launcher\org.eclipse.equinox.launcher.win32.win32.x86_64_1.3.0.v20260203-2149\eclipse_11919.dll
Event: 2.063 Loaded shared library C:\Users\PN-Docente\AppData\Local\Temp\jna-1159319875\jna10814339025559395847.dll

Deoptimization events (20 events):
Event: 7.935 Thread 0x00000186f71409a0 Uncommon trap: trap_request=0xffffffde fr.pc=0x00000186a0e91ff8 relative=0x0000000000000af8
Event: 7.935 Thread 0x00000186f71409a0 Uncommon trap: reason=class_check action=maybe_recompile pc=0x00000186a0e91ff8 method=java.util.concurrent.ConcurrentHashMap.putVal(Ljava/lang/Object;Ljava/lang/Object;Z)Ljava/lang/Object; @ 242 c2
Event: 7.936 Thread 0x00000186f71409a0 DEOPT PACKING pc=0x00000186a0e91ff8 sp=0x0000003a290fe380
Event: 7.936 Thread 0x00000186f71409a0 DEOPT UNPACKING pc=0x00000186a0293aa2 sp=0x0000003a290fe310 mode 2
Event: 7.936 Thread 0x00000186f5c2cb50 Uncommon trap: trap_request=0xffffff45 fr.pc=0x00000186a0e91e30 relative=0x0000000000000930
Event: 7.936 Thread 0x00000186f5c2cb50 Uncommon trap: reason=unstable_if action=reinterpret pc=0x00000186a0e91e30 method=java.util.concurrent.ConcurrentHashMap.putVal(Ljava/lang/Object;Ljava/lang/Object;Z)Ljava/lang/Object; @ 97 c2
Event: 7.936 Thread 0x00000186f5c2cb50 DEOPT PACKING pc=0x00000186a0e91e30 sp=0x0000003a26afdcd0
Event: 7.936 Thread 0x00000186f5c2cb50 DEOPT UNPACKING pc=0x00000186a0293aa2 sp=0x0000003a26afdc58 mode 2
Event: 7.937 Thread 0x00000186f71409a0 Uncommon trap: trap_request=0xffffffde fr.pc=0x00000186a0b56acc relative=0x00000000000000ac
Event: 7.937 Thread 0x00000186f71409a0 Uncommon trap: reason=class_check action=maybe_recompile pc=0x00000186a0b56acc method=jdk.internal.util.StrongReferenceKey.equals(Ljava/lang/Object;)Z @ 1 c2
Event: 7.937 Thread 0x00000186f71409a0 DEOPT PACKING pc=0x00000186a0b56acc sp=0x0000003a290fdb50
Event: 7.937 Thread 0x00000186f71409a0 DEOPT UNPACKING pc=0x00000186a0293aa2 sp=0x0000003a290fdad8 mode 2
Event: 7.974 Thread 0x00000186f5c2cb50 Uncommon trap: trap_request=0xffffffde fr.pc=0x00000186a0c6c1b4 relative=0x0000000000000274
Event: 7.974 Thread 0x00000186f5c2cb50 Uncommon trap: reason=class_check action=maybe_recompile pc=0x00000186a0c6c1b4 method=java.util.Comparator.lambda$comparing$77a9974f$1(Ljava/util/function/Function;Ljava/lang/Object;Ljava/lang/Object;)I @ 7 c2
Event: 7.974 Thread 0x00000186f5c2cb50 DEOPT PACKING pc=0x00000186a0c6c1b4 sp=0x0000003a26afd600
Event: 7.974 Thread 0x00000186f5c2cb50 DEOPT UNPACKING pc=0x00000186a0293aa2 sp=0x0000003a26afd530 mode 2
Event: 8.072 Thread 0x00000186f5c2cb50 Uncommon trap: trap_request=0xffffff45 fr.pc=0x00000186a0d40b0c relative=0x0000000000001fac
Event: 8.072 Thread 0x00000186f5c2cb50 Uncommon trap: reason=unstable_if action=reinterpret pc=0x00000186a0d40b0c method=org.codehaus.plexus.util.xml.pull.MXParser.isS(C)Z @ 21 c2
Event: 8.072 Thread 0x00000186f5c2cb50 DEOPT PACKING pc=0x00000186a0d40b0c sp=0x0000003a26afd4e0
Event: 8.072 Thread 0x00000186f5c2cb50 DEOPT UNPACKING pc=0x00000186a0293aa2 sp=0x0000003a26afd440 mode 2

Classes loaded (20 events):
Event: 7.369 Loading class java/util/stream/ReferencePipeline$4$1
Event: 7.369 Loading class java/util/stream/ReferencePipeline$4$1 done
Event: 7.667 Loading class java/util/Hashtable$ValueCollection
Event: 7.667 Loading class java/util/Hashtable$ValueCollection done
Event: 7.764 Loading class java/nio/charset/CharacterCodingException
Event: 7.764 Loading class java/nio/charset/CharacterCodingException done
Event: 7.764 Loading class java/io/SequenceInputStream
Event: 7.764 Loading class java/io/SequenceInputStream done
Event: 7.792 Loading class java/util/WeakHashMap$KeyIterator
Event: 7.792 Loading class java/util/WeakHashMap$KeyIterator done
Event: 7.812 Loading class java/lang/Throwable$WrappedPrintWriter
Event: 7.812 Loading class java/lang/Throwable$PrintStreamOrWriter
Event: 7.812 Loading class java/lang/Throwable$PrintStreamOrWriter done
Event: 7.812 Loading class java/lang/Throwable$WrappedPrintWriter done
Event: 7.813 Loading class java/util/concurrent/CompletableFuture$UniApply
Event: 7.813 Loading class java/util/concurrent/CompletableFuture$UniApply done
Event: 7.814 Loading class java/util/concurrent/CompletableFuture$UniExceptionally
Event: 7.815 Loading class java/util/concurrent/CompletableFuture$UniExceptionally done
Event: 7.878 Loading class java/util/Hashtable$KeySet
Event: 7.878 Loading class java/util/Hashtable$KeySet done

Classes unloaded (7 events):
Event: 2.366 Thread 0x00000186eea35460 Unloading class 0x00000186ae1a3c00 'java/lang/invoke/LambdaForm$MH+0x00000186ae1a3c00'
Event: 2.366 Thread 0x00000186eea35460 Unloading class 0x00000186ae1a3800 'java/lang/invoke/LambdaForm$MH+0x00000186ae1a3800'
Event: 2.366 Thread 0x00000186eea35460 Unloading class 0x00000186ae1a3400 'java/lang/invoke/LambdaForm$MH+0x00000186ae1a3400'
Event: 2.366 Thread 0x00000186eea35460 Unloading class 0x00000186ae1a3000 'java/lang/invoke/LambdaForm$MH+0x00000186ae1a3000'
Event: 2.366 Thread 0x00000186eea35460 Unloading class 0x00000186ae1a2c00 'java/lang/invoke/LambdaForm$BMH+0x00000186ae1a2c00'
Event: 2.366 Thread 0x00000186eea35460 Unloading class 0x00000186ae1a2800 'java/lang/invoke/LambdaForm$DMH+0x00000186ae1a2800'
Event: 2.366 Thread 0x00000186eea35460 Unloading class 0x00000186ae1a1800 'java/lang/invoke/LambdaForm$DMH+0x00000186ae1a1800'

Classes redefined (5 events):
Event: 0.300 Thread 0x00000186eea35460 redefined class name=java.io.FileOutputStream, count=1
Event: 0.302 Thread 0x00000186eea35460 redefined class name=java.lang.ClassLoader, count=1
Event: 0.304 Thread 0x00000186eea35460 redefined class name=java.nio.file.Files, count=1
Event: 0.306 Thread 0x00000186eea35460 redefined class name=java.io.File, count=1
Event: 0.308 Thread 0x00000186eea35460 redefined class name=java.net.URLStreamHandler, count=1

Internal exceptions (20 events):
Event: 7.804 Thread 0x00000186f9fd2f30 Exception <a 'sun/nio/fs/WindowsException'{0x00000000d5c39e28}> (0x00000000d5c39e28) 
thrown [s\src\hotspot\share\prims\jni.cpp, line 520]
Event: 7.804 Thread 0x00000186f9fd2f30 Exception <a 'sun/nio/fs/WindowsException'{0x00000000d5c3a458}> (0x00000000d5c3a458) 
thrown [s\src\hotspot\share\prims\jni.cpp, line 520]
Event: 7.811 Thread 0x00000186f9fd2f30 Exception <a 'java/lang/IncompatibleClassChangeError'{0x00000000d5c878a8}: Found class java.lang.Object, but interface was expected> (0x00000000d5c878a8) 
thrown [s\src\hotspot\share\interpreter\linkResolver.cpp, line 840]
Event: 7.827 Thread 0x00000186f9fd2f30 Exception <a 'java/lang/IncompatibleClassChangeError'{0x00000000d5d97000}: Found class java.lang.Object, but interface was expected> (0x00000000d5d97000) 
thrown [s\src\hotspot\share\interpreter\linkResolver.cpp, line 840]
Event: 7.879 Thread 0x00000186f5c2cb50 Exception <a 'java/io/FileNotFoundException'{0x00000000d657bf18}> (0x00000000d657bf18) 
thrown [s\src\hotspot\share\prims\jni.cpp, line 520]
Event: 7.879 Thread 0x00000186f5c2cb50 Exception <a 'java/io/FileNotFoundException'{0x00000000d657d230}> (0x00000000d657d230) 
thrown [s\src\hotspot\share\prims\jni.cpp, line 520]
Event: 7.880 Thread 0x00000186f5c2cb50 Exception <a 'java/io/FileNotFoundException'{0x00000000d657e4f8}> (0x00000000d657e4f8) 
thrown [s\src\hotspot\share\prims\jni.cpp, line 520]
Event: 7.880 Thread 0x00000186f713fc80 Implicit null exception at 0x00000186a09c8984 to 0x00000186a09c971c
Event: 7.894 Thread 0x00000186f9fd2f30 Exception <a 'java/lang/IncompatibleClassChangeError'{0x00000000d55974c8}: Found class java.lang.Object, but interface was expected> (0x00000000d55974c8) 
thrown [s\src\hotspot\share\interpreter\linkResolver.cpp, line 840]
Event: 7.897 Thread 0x00000186f9fd2f30 Exception <a 'java/lang/IncompatibleClassChangeError'{0x00000000d55a1370}: Found class java.lang.Object, but interface was expected> (0x00000000d55a1370) 
thrown [s\src\hotspot\share\interpreter\linkResolver.cpp, line 840]
Event: 7.900 Thread 0x00000186f9fd2f30 Exception <a 'java/lang/IncompatibleClassChangeError'{0x00000000d55abd58}: Found class java.lang.Object, but interface was expected> (0x00000000d55abd58) 
thrown [s\src\hotspot\share\interpreter\linkResolver.cpp, line 840]
Event: 7.937 Thread 0x00000186f5c2cb50 Exception <a 'sun/nio/fs/WindowsException'{0x00000000d5858538}> (0x00000000d5858538) 
thrown [s\src\hotspot\share\prims\jni.cpp, line 520]
Event: 7.937 Thread 0x00000186f5c2cb50 Exception <a 'sun/nio/fs/WindowsException'{0x00000000d5858b68}> (0x00000000d5858b68) 
thrown [s\src\hotspot\share\prims\jni.cpp, line 520]
Event: 7.938 Thread 0x00000186f5c2cb50 Exception <a 'sun/nio/fs/WindowsException'{0x00000000d5859890}> (0x00000000d5859890) 
thrown [s\src\hotspot\share\prims\jni.cpp, line 520]
Event: 7.938 Thread 0x00000186f5c2cb50 Exception <a 'sun/nio/fs/WindowsException'{0x00000000d5859ec0}> (0x00000000d5859ec0) 
thrown [s\src\hotspot\share\prims\jni.cpp, line 520]
Event: 7.950 Thread 0x00000186f5c2cb50 Exception <a 'java/io/FileNotFoundException'{0x00000000d58fd3d0}> (0x00000000d58fd3d0) 
thrown [s\src\hotspot\share\prims\jni.cpp, line 520]
Event: 7.950 Thread 0x00000186f5c2cb50 Exception <a 'java/io/FileNotFoundException'{0x00000000d58fe1a8}> (0x00000000d58fe1a8) 
thrown [s\src\hotspot\share\prims\jni.cpp, line 520]
Event: 7.960 Thread 0x00000186f5c2cb50 Exception <a 'sun/nio/fs/WindowsException'{0x00000000d593bf20}> (0x00000000d593bf20) 
thrown [s\src\hotspot\share\prims\jni.cpp, line 520]
Event: 7.960 Thread 0x00000186f5c2cb50 Exception <a 'sun/nio/fs/WindowsException'{0x00000000d593c550}> (0x00000000d593c550) 
thrown [s\src\hotspot\share\prims\jni.cpp, line 520]
Event: 7.985 Thread 0x00000186f71416c0 Exception <a 'java/lang/NoSuchMethodError'{0x00000000d59db390}: 'java.lang.Object java.lang.invoke.DirectMethodHandle$Holder.invokeStaticInit(java.lang.Object, java.lang.Object, java.lang.Object)'> (0x00000000d59db390) 
thrown [s\src\hotspot\share\interpreter\linkResolver.cpp, line 773]

ZGC Phase Switch (0 events):
No events

VM Operations (20 events):
Event: 6.591 Executing safepoint VM operation: ParallelGCFailedAllocation (Allocation Failure) done
Event: 6.762 Executing non-safepoint VM operation: HandshakeAllThreads (Deoptimize)
Event: 6.762 Executing non-safepoint VM operation: HandshakeAllThreads (Deoptimize) done
Event: 6.968 Executing safepoint VM operation: ParallelGCFailedAllocation (Allocation Failure)
Event: 6.969 Executing safepoint VM operation: ParallelGCFailedAllocation (Allocation Failure) done
Event: 7.247 Executing safepoint VM operation: ParallelGCFailedAllocation (Allocation Failure)
Event: 7.249 Executing safepoint VM operation: ParallelGCFailedAllocation (Allocation Failure) done
Event: 7.421 Executing safepoint VM operation: ParallelGCFailedAllocation (Allocation Failure)
Event: 7.423 Executing safepoint VM operation: ParallelGCFailedAllocation (Allocation Failure) done
Event: 7.473 Executing safepoint VM operation: ParallelGCFailedAllocation (Allocation Failure)
Event: 7.474 Executing safepoint VM operation: ParallelGCFailedAllocation (Allocation Failure) done
Event: 7.619 Executing non-safepoint VM operation: HandshakeAllThreads (Deoptimize)
Event: 7.619 Executing non-safepoint VM operation: HandshakeAllThreads (Deoptimize) done
Event: 7.658 Executing safepoint VM operation: ParallelGCFailedAllocation (Allocation Failure)
Event: 7.659 Executing safepoint VM operation: ParallelGCFailedAllocation (Allocation Failure) done
Event: 7.886 Executing safepoint VM operation: ParallelGCFailedAllocation (Allocation Failure)
Event: 7.890 Executing safepoint VM operation: ParallelGCFailedAllocation (Allocation Failure) done
Event: 7.983 Executing non-safepoint VM operation: HandshakeAllThreads (Deoptimize)
Event: 7.984 Executing non-safepoint VM operation: HandshakeAllThreads (Deoptimize) done
Event: 8.989 Executing safepoint VM operation: Cleanup

Memory protections (0 events):
No events

Nmethod flushes (20 events):
Event: 3.498 Thread 0x00000186eea35460 flushing  nmethod 0x00000186993ef310
Event: 3.498 Thread 0x00000186eea35460 flushing  nmethod 0x0000018699441710
Event: 3.498 Thread 0x00000186eea35460 flushing  nmethod 0x000001869944b990
Event: 3.498 Thread 0x00000186eea35460 flushing  nmethod 0x000001869948ae90
Event: 3.498 Thread 0x00000186eea35460 flushing  nmethod 0x0000018699492190
Event: 3.498 Thread 0x00000186eea35460 flushing  nmethod 0x00000186994c5190
Event: 3.498 Thread 0x00000186eea35460 flushing  nmethod 0x00000186994c6c10
Event: 3.498 Thread 0x00000186eea35460 flushing  nmethod 0x00000186994c7510
Event: 3.498 Thread 0x00000186eea35460 flushing  nmethod 0x00000186994c8f10
Event: 3.498 Thread 0x00000186eea35460 flushing  nmethod 0x00000186994ca010
Event: 3.498 Thread 0x00000186eea35460 flushing  nmethod 0x00000186994ca510
Event: 3.498 Thread 0x00000186eea35460 flushing  nmethod 0x00000186994cba10
Event: 3.498 Thread 0x00000186eea35460 flushing  nmethod 0x00000186994cd610
Event: 3.498 Thread 0x00000186eea35460 flushing  nmethod 0x00000186994cec90
Event: 3.498 Thread 0x00000186eea35460 flushing  nmethod 0x00000186994cef90
Event: 3.498 Thread 0x00000186eea35460 flushing  nmethod 0x0000018699518510
Event: 3.498 Thread 0x00000186eea35460 flushing  nmethod 0x000001869951a510
Event: 3.498 Thread 0x00000186eea35460 flushing  nmethod 0x0000018699541790
Event: 3.498 Thread 0x00000186eea35460 flushing  nmethod 0x00000186995aae90
Event: 3.498 Thread 0x00000186eea35460 flushing  nmethod 0x00000186995bfc90

Events (20 events):
Event: 3.679 Thread 0x00000186f9fd63b0 Thread added: 0x00000186f9fd5d20
Event: 3.749 Thread 0x0000018695c168b0 Thread added: 0x00000186f9fd5690
Event: 3.749 Thread 0x0000018695c168b0 Thread added: 0x00000186f9fd2f30
Event: 4.719 Thread 0x00000186f6512760 Thread exited: 0x00000186f6512760
Event: 6.209 Thread 0x00000186eeb5a840 Thread added: 0x00000186f8cae890
Event: 6.877 Thread 0x00000186f8cae890 Thread exited: 0x00000186f8cae890
Event: 7.198 Thread 0x00000186f65120b0 Thread exited: 0x00000186f65120b0
Event: 7.198 Thread 0x00000186f6511a00 Thread exited: 0x00000186f6511a00
Event: 7.198 Thread 0x00000186f6c48760 Thread exited: 0x00000186f6c48760
Event: 7.202 Thread 0x00000186f6fdba20 Thread exited: 0x00000186f6fdba20
Event: 7.329 Thread 0x00000186eebca600 Thread exited: 0x00000186eebca600
Event: 7.358 Thread 0x00000186eebbdf20 Thread exited: 0x00000186eebbdf20
Event: 7.408 Thread 0x00000186eeac9920 Thread added: 0x00000186f795d4d0
Event: 7.421 Thread 0x00000186eeb5a840 Thread added: 0x00000186f795e940
Event: 7.431 Thread 0x00000186eeb5a840 Thread added: 0x00000186f795ce00
Event: 7.438 Thread 0x00000186f795d4d0 Thread added: 0x00000186f795dba0
Event: 7.458 Thread 0x00000186eeb5a840 Thread added: 0x00000186f795f010
Event: 7.468 Thread 0x00000186eea539a0 Thread added: 0x00000186f795e270
Event: 7.469 Thread 0x00000186eeac9920 Thread added: 0x00000186f795c730
Event: 8.195 Thread 0x00000186f795c730 Thread exited: 0x00000186f795c730


Dynamic libraries:
0x00007ff7acdf0000 - 0x00007ff7acdfe000 	c:\Users\PN-Docente\.vscode\extensions\redhat.java-1.53.0-win32-x64\jre\21.0.10-win32-x86_64\bin\java.exe
0x00007ffc40760000 - 0x00007ffc409c7000 	C:\Windows\SYSTEM32\ntdll.dll
0x00007ffc40480000 - 0x00007ffc40549000 	C:\Windows\System32\KERNEL32.DLL
0x00007ffc40080000 - 0x00007ffc40471000 	C:\Windows\System32\KERNELBASE.dll
0x000000007db80000 - 0x000000007dbbe000 	C:\Windows\System32\cyinjct.dll
0x00007ffc3fef0000 - 0x00007ffc3ff14000 	C:\Windows\System32\cyvera.dll
0x00007ffc37850000 - 0x00007ffc37868000 	c:\Users\PN-Docente\.vscode\extensions\redhat.java-1.53.0-win32-x64\jre\21.0.10-win32-x86_64\bin\jli.dll
0x0000018693530000 - 0x00000186936f5000 	C:\Windows\System32\USER32.dll
0x00007ffc3d140000 - 0x00007ffc3d167000 	C:\Windows\System32\win32u.dll
0x00007ffc3ed10000 - 0x00007ffc3ed3b000 	C:\Windows\System32\GDI32.dll
0x00007ffc3d220000 - 0x00007ffc3d34b000 	C:\Windows\System32\gdi32full.dll
0x00007ffc3d090000 - 0x00007ffc3d133000 	C:\Windows\System32\msvcp_win.dll
0x0000018693700000 - 0x000001869384b000 	C:\Windows\System32\ucrtbase.dll
0x00007ffc1ca00000 - 0x00007ffc1ca1e000 	c:\Users\PN-Docente\.vscode\extensions\redhat.java-1.53.0-win32-x64\jre\21.0.10-win32-x86_64\bin\VCRUNTIME140.dll
0x00007ffc1f910000 - 0x00007ffc1fba3000 	C:\Windows\WinSxS\amd64_microsoft.windows.common-controls_6595b64144ccf1df_6.0.26100.8037_none_3e092faae333b53b\COMCTL32.dll
0x00007ffc3eb90000 - 0x00007ffc3ec39000 	C:\Windows\System32\msvcrt.dll
0x00007ffc3fe20000 - 0x00007ffc3fee6000 	C:\Windows\System32\cyvrtrap.dll
0x00007ffc3e300000 - 0x00007ffc3e331000 	C:\Windows\System32\IMM32.DLL
0x00007ffc39880000 - 0x00007ffc3988c000 	c:\Users\PN-Docente\.vscode\extensions\redhat.java-1.53.0-win32-x64\jre\21.0.10-win32-x86_64\bin\vcruntime140_1.dll
0x00007ffbec1b0000 - 0x00007ffbec23d000 	c:\Users\PN-Docente\.vscode\extensions\redhat.java-1.53.0-win32-x64\jre\21.0.10-win32-x86_64\bin\msvcp140.dll
0x00007ffb70360000 - 0x00007ffb71101000 	c:\Users\PN-Docente\.vscode\extensions\redhat.java-1.53.0-win32-x64\jre\21.0.10-win32-x86_64\bin\server\jvm.dll
0x00007ffc3e000000 - 0x00007ffc3e0bb000 	C:\Windows\System32\ADVAPI32.dll
0x00007ffc3fca0000 - 0x00007ffc3fd47000 	C:\Windows\System32\sechost.dll
0x00007ffc3ff60000 - 0x00007ffc40078000 	C:\Windows\System32\RPCRT4.dll
0x00007ffc3fd50000 - 0x00007ffc3fdc4000 	C:\Windows\System32\WS2_32.dll
0x00007ffc3cb50000 - 0x00007ffc3cbae000 	C:\Windows\SYSTEM32\POWRPROF.dll
0x00007ffc2ed50000 - 0x00007ffc2ed85000 	C:\Windows\SYSTEM32\WINMM.dll
0x00007ffc37830000 - 0x00007ffc3783b000 	C:\Windows\SYSTEM32\VERSION.dll
0x00007ffc3ca80000 - 0x00007ffc3ca94000 	C:\Windows\SYSTEM32\UMPDC.dll
0x00007ffc3bc00000 - 0x00007ffc3bc1b000 	C:\Windows\SYSTEM32\kernel.appcore.dll
0x00007ffc39830000 - 0x00007ffc3983a000 	c:\Users\PN-Docente\.vscode\extensions\redhat.java-1.53.0-win32-x64\jre\21.0.10-win32-x86_64\bin\jimage.dll
0x00007ffc25850000 - 0x00007ffc25a92000 	C:\Windows\SYSTEM32\DBGHELP.DLL
0x00007ffc3f550000 - 0x00007ffc3f8d2000 	C:\Windows\System32\combase.dll
0x00007ffc3fa60000 - 0x00007ffc3fb37000 	C:\Windows\System32\OLEAUT32.dll
0x00007ffc19680000 - 0x00007ffc196bb000 	C:\Windows\SYSTEM32\dbgcore.DLL
0x00007ffc3d170000 - 0x00007ffc3d215000 	C:\Windows\System32\bcryptPrimitives.dll
0x00007ffc22b50000 - 0x00007ffc22b5f000 	c:\Users\PN-Docente\.vscode\extensions\redhat.java-1.53.0-win32-x64\jre\21.0.10-win32-x86_64\bin\instrument.dll
0x00007ffbfe1b0000 - 0x00007ffbfe1d0000 	c:\Users\PN-Docente\.vscode\extensions\redhat.java-1.53.0-win32-x64\jre\21.0.10-win32-x86_64\bin\java.dll
0x00007ffc3fdd0000 - 0x00007ffc3fe1a000 	C:\Program Files\Palo Alto Networks\Traps\cyjagent.dll
0x00007ffbf2760000 - 0x00007ffbf2778000 	c:\Users\PN-Docente\.vscode\extensions\redhat.java-1.53.0-win32-x64\jre\21.0.10-win32-x86_64\bin\zip.dll
0x00007ffc3ed60000 - 0x00007ffc3f4bf000 	C:\Windows\System32\SHELL32.dll
0x00007ffc3d350000 - 0x00007ffc3d4ba000 	C:\Windows\System32\wintypes.dll
0x00007ffc3d700000 - 0x00007ffc3df64000 	C:\Windows\System32\windows.storage.dll
0x00007ffc3e3b0000 - 0x00007ffc3e4a7000 	C:\Windows\System32\SHCORE.dll
0x00007ffc3e4b0000 - 0x00007ffc3e517000 	C:\Windows\System32\shlwapi.dll
0x00007ffc3cdd0000 - 0x00007ffc3cdf9000 	C:\Windows\SYSTEM32\profapi.dll
0x00007ffc1b500000 - 0x00007ffc1b510000 	C:\Users\PN-Docente\.vscode\extensions\redhat.java-1.53.0-win32-x64\jre\21.0.10-win32-x86_64\bin\net.dll
0x00007ffc37200000 - 0x00007ffc37327000 	C:\Windows\SYSTEM32\WINHTTP.dll
0x00007ffc3c150000 - 0x00007ffc3c1bb000 	C:\Windows\system32\mswsock.dll
0x00007ffbf08c0000 - 0x00007ffbf08d6000 	C:\Users\PN-Docente\.vscode\extensions\redhat.java-1.53.0-win32-x64\jre\21.0.10-win32-x86_64\bin\nio.dll
0x00007ffc1b2b0000 - 0x00007ffc1b2c0000 	c:\Users\PN-Docente\.vscode\extensions\redhat.java-1.53.0-win32-x64\jre\21.0.10-win32-x86_64\bin\verify.dll
0x00007ffbc2260000 - 0x00007ffbc22a5000 	C:\Users\PN-Docente\AppData\Roaming\Code\User\globalStorage\redhat.java\1.53.0\config_win\org.eclipse.equinox.launcher\org.eclipse.equinox.launcher.win32.win32.x86_64_1.3.0.v20260203-2149\eclipse_11919.dll
0x00007ffc3e9f0000 - 0x00007ffc3eb85000 	C:\Windows\System32\ole32.dll
0x00007ffc3c550000 - 0x00007ffc3c56b000 	C:\Windows\SYSTEM32\CRYPTSP.dll
0x00007ffc3bb60000 - 0x00007ffc3bb99000 	C:\Windows\system32\rsaenh.dll
0x00007ffc3c200000 - 0x00007ffc3c232000 	C:\Windows\SYSTEM32\USERENV.dll
0x00007ffc3cda0000 - 0x00007ffc3cdca000 	C:\Windows\SYSTEM32\bcrypt.dll
0x00007ffc3c530000 - 0x00007ffc3c53c000 	C:\Windows\SYSTEM32\CRYPTBASE.dll
0x00007ffc3b390000 - 0x00007ffc3b3c3000 	C:\Windows\SYSTEM32\IPHLPAPI.DLL
0x00007ffc3ed00000 - 0x00007ffc3ed0a000 	C:\Windows\System32\NSI.dll
0x00007ffbbda10000 - 0x00007ffbbda59000 	C:\Users\PN-Docente\AppData\Local\Temp\jna-1159319875\jna10814339025559395847.dll
0x00007ffc3e340000 - 0x00007ffc3e348000 	C:\Windows\System32\PSAPI.DLL
0x00007ffc38060000 - 0x00007ffc3807d000 	C:\Windows\SYSTEM32\dhcpcsvc6.DLL
0x00007ffc38030000 - 0x00007ffc38053000 	C:\Windows\SYSTEM32\dhcpcsvc.DLL

JVMTI agents:
c:\Users\PN-Docente\.vscode\extensions\redhat.java-1.53.0-win32-x64\lombok\lombok-1.18.39-4050.jar path:c:\Users\PN-Docente\.vscode\extensions\redhat.java-1.53.0-win32-x64\jre\21.0.10-win32-x86_64\bin\instrument.dll, loaded, initialized, instrumentlib options:none
C:\Program Files\Palo Alto Networks\Traps\cyjagent.dll path:C:\Program Files\Palo Alto Networks\Traps\cyjagent.dll, loaded, initialized, options:none

dbghelp: loaded successfully - version: 4.0.5 - missing functions: none
symbol engine: initialized successfully - sym options: 0x614 - pdb path: .;c:\Users\PN-Docente\.vscode\extensions\redhat.java-1.53.0-win32-x64\jre\21.0.10-win32-x86_64\bin;C:\Windows\SYSTEM32;C:\Windows\WinSxS\amd64_microsoft.windows.common-controls_6595b64144ccf1df_6.0.26100.8037_none_3e092faae333b53b;c:\Users\PN-Docente\.vscode\extensions\redhat.java-1.53.0-win32-x64\jre\21.0.10-win32-x86_64\bin\server;C:\Program Files\Palo Alto Networks\Traps;C:\Users\PN-Docente\AppData\Roaming\Code\User\globalStorage\redhat.java\1.53.0\config_win\org.eclipse.equinox.launcher\org.eclipse.equinox.launcher.win32.win32.x86_64_1.3.0.v20260203-2149;C:\Users\PN-Docente\AppData\Local\Temp\jna-1159319875

VM Arguments:
jvm_args: --add-modules=ALL-SYSTEM --add-opens=java.base/java.util=ALL-UNNAMED --add-opens=java.base/java.lang=ALL-UNNAMED --add-opens=java.base/sun.nio.fs=ALL-UNNAMED -Declipse.application=org.eclipse.jdt.ls.core.id1 -Dosgi.bundles.defaultStartLevel=4 -Declipse.product=org.eclipse.jdt.ls.core.product -Djava.import.generatesMetadataFilesAtProjectRoot=false -DDetectVMInstallationsJob.disabled=true -Dfile.encoding=utf8 -XX:+UseParallelGC -XX:GCTimeRatio=4 -XX:AdaptiveSizePolicyWeight=90 -Dsun.zip.disableMemoryMapping=true -Xmx2G -Xms100m -Xlog:disable -javaagent:c:\Users\PN-Docente\.vscode\extensions\redhat.java-1.53.0-win32-x64\lombok\lombok-1.18.39-4050.jar -XX:+HeapDumpOnOutOfMemoryError -XX:HeapDumpPath=c:\Users\PN-Docente\AppData\Roaming\Code\User\workspaceStorage\151ac3ea226ae3aeb819f1ed2d8c3d3a\redhat.java -Daether.dependencyCollector.impl=bf -agentpath:C:\Program Files\Palo Alto Networks\Traps\cyjagent.dll 
java_command: c:\Users\PN-Docente\.vscode\extensions\redhat.java-1.53.0-win32-x64\server\plugins\org.eclipse.equinox.launcher_1.7.100.v20251111-0406.jar -configuration c:\Users\PN-Docente\AppData\Roaming\Code\User\globalStorage\redhat.java\1.53.0\config_win -data c:\Users\PN-Docente\AppData\Roaming\Code\User\workspaceStorage\151ac3ea226ae3aeb819f1ed2d8c3d3a\redhat.java\jdt_ws --pipe=\\.\pipe\lsp-8c6699bf64b2b7c95fe517b76d493a8b-sock
java_class_path (initial): c:\Users\PN-Docente\.vscode\extensions\redhat.java-1.53.0-win32-x64\server\plugins\org.eclipse.equinox.launcher_1.7.100.v20251111-0406.jar
Launcher Type: SUN_STANDARD

[Global flags]
    uintx AdaptiveSizePolicyWeight                 = 90                                        {product} {command line}
     intx CICompilerCount                          = 12                                        {product} {ergonomic}
    uintx GCTimeRatio                              = 4                                         {product} {command line}
     bool HeapDumpOnOutOfMemoryError               = true                                   {manageable} {command line}
    ccstr HeapDumpPath                             = c:\Users\PN-Docente\AppData\Roaming\Code\User\workspaceStorage\151ac3ea226ae3aeb819f1ed2d8c3d3a\redhat.java         {manageable} {command line}
   size_t InitialHeapSize                          = 104857600                                 {product} {command line}
   size_t MaxHeapSize                              = 2147483648                                {product} {command line}
   size_t MaxNewSize                               = 715653120                                 {product} {ergonomic}
   size_t MinHeapDeltaBytes                        = 524288                                    {product} {ergonomic}
   size_t MinHeapSize                              = 104857600                                 {product} {command line}
   size_t NewSize                                  = 34603008                                  {product} {ergonomic}
    uintx NonNMethodCodeHeapSize                   = 7602480                                {pd product} {ergonomic}
    uintx NonProfiledCodeHeapSize                  = 122027880                              {pd product} {ergonomic}
   size_t OldSize                                  = 70254592                                  {product} {ergonomic}
    uintx ProfiledCodeHeapSize                     = 122027880                              {pd product} {ergonomic}
    uintx ReservedCodeCacheSize                    = 251658240                              {pd product} {ergonomic}
     bool SegmentedCodeCache                       = true                                      {product} {ergonomic}
   size_t SoftMaxHeapSize                          = 2147483648                             {manageable} {ergonomic}
     bool UseCompressedOops                        = true                           {product lp64_product} {ergonomic}
     bool UseLargePagesIndividualAllocation        = false                                  {pd product} {ergonomic}
     bool UseParallelGC                            = true                                      {product} {command line}

Logging:
Log output configuration:
 #0: stdout all=off uptime,level,tags foldmultilines=false
 #1: stderr all=off uptime,level,tags foldmultilines=false

Release file:
JAVA_VERSION="21.0.10" 
MODULES="java.base java.compiler java.datatransfer java.xml java.prefs java.desktop java.instrument java.logging java.management java.security.sasl java.naming java.rmi java.management.rmi java.net.http java.scripting java.security.jgss java.transaction.xa java.sql java.sql.rowset java.xml.crypto java.se java.smartcardio jdk.accessibility jdk.internal.jvmstat jdk.attach jdk.charsets jdk.internal.opt jdk.zipfs jdk.compiler jdk.crypto.ec jdk.crypto.cryptoki jdk.crypto.mscapi jdk.dynalink jdk.internal.ed jdk.editpad jdk.hotspot.agent jdk.httpserver jdk.internal.le jdk.internal.vm.ci jdk.internal.vm.compiler jdk.internal.vm.compiler.management jdk.jartool jdk.javadoc jdk.jcmd jdk.management jdk.management.agent jdk.jconsole jdk.jdeps jdk.jdwp.agent jdk.jdi jdk.jfr jdk.jshell jdk.jsobject jdk.jstatd jdk.localedata jdk.management.jfr jdk.naming.dns jdk.naming.rmi jdk.net jdk.nio.mapmode jdk.random jdk.sctp jdk.security.auth jdk.security.jgss jdk.unsupported jdk.unsupported.desktop jdk.xml.dom" 

Environment Variables:
PATH=C:\oracle\dbhomeXE\bin;C:\Program Files\Common Files\Oracle\Java\javapath;C:\Windows\system32;C:\Windows;C:\Windows\System32\Wbem;C:\Windows\System32\WindowsPowerShell\v1.0\;C:\Windows\System32\OpenSSH\;C:\Program Files\Git\cmd;C:\Program Files\Docker\Docker\resources\bin;C:\Program Files\nodejs\;C:\Program Files\Microsoft SQL Server\Client SDK\ODBC\170\Tools\Binn\;C:\Program Files (x86)\Microsoft SQL Server\150\Tools\Binn\;C:\Program Files\Microsoft SQL Server\150\Tools\Binn\;C:\Program Files\Microsoft SQL Server\150\DTS\Binn\;C:\Program Files (x86)\Microsoft SQL Server\150\DTS\Binn\;C:\Program Files\Azure Data Studio\bin;C:\Program Files\Microsoft SQL Server\130\Tools\Binn\;C:\Program Files (x86)\Microsoft SQL Server\110\DTS\Binn\;C:\Program Files (x86)\Microsoft SQL Server\120\DTS\Binn\;C:\Program Files (x86)\Microsoft SQL Server\130\DTS\Binn\;C:\Program Files (x86)\Microsoft SQL Server\140\DTS\Binn\;C:\Program Files (x86)\Microsoft SQL Server\160\DTS\Binn\;C:\Program Files\PuTTY\;C:\Program Files (x86)\Gpg4win\..\GnuPG\bin;C:\Program Files\Amazon\AWSCLI\bin\;C:\Program Files\dotnet\;C:\Program Files (x86)\dotnet\;C:\Users\PN-Docente\AppData\Local\Programs\Python\Python313\Scripts\;C:\Users\PN-Docente\AppData\Local\Programs\Python\Python313\;C:\Users\PN-Docente\AppData\Local\Microsoft\WindowsApps;C:\Users\PN-Docente\AppData\Local\Programs\Microsoft VS Code\bin;C:\Program Files\MongoDB\Server\8.0\bin;C:\Program Files\mongosh\;C:\Users\PN-Docente\AppData\Roaming\npm;C:\Program Files (x86)\Nmap;C:\Program Files\Azure Data Studio\bin
USERNAME=pn-docente
OS=Windows_NT
PROCESSOR_IDENTIFIER=AMD64 Family 25 Model 80 Stepping 0, AuthenticAMD
TMP=C:\Users\PN-DOC~1\AppData\Local\Temp
TEMP=C:\Users\PN-DOC~1\AppData\Local\Temp




Periodic native trim disabled

---------------  S Y S T E M  ---------------

OS:
 Windows 11 , 64 bit Build 26100 (10.0.26100.7920)
OS uptime: 0 days 3:20 hours
Hyper-V role detected

CPU: total 16 (initial active 16) (16 cores per cpu, 2 threads per core) family 25 model 80 stepping 0 microcode 0xa500014, cx8, cmov, fxsr, ht, mmx, 3dnowpref, sse, sse2, sse3, ssse3, sse4a, sse4.1, sse4.2, popcnt, lzcnt, tsc, tscinvbit, avx, avx2, aes, erms, clmul, bmi1, bmi2, adx, sha, fma, vzeroupper, clflush, clflushopt, hv, rdtscp, rdpid, fsrm, f16c, cet_ss
Processor Information for the first 16 processors :
  Max Mhz: 3801, Current Mhz: 3801, Mhz Limit: 3801

Memory: 4k page, system-wide physical 15723M (3156M free)
TotalPageFile size 15723M (AvailPageFile size 64M)
current process WorkingSet (physical memory assigned to process): 335M, peak: 338M
current process commit charge ("private bytes"): 444M, peak: 447M

vm_info: OpenJDK 64-Bit Server VM (21.0.10+7-LTS) for windows-amd64 JRE (21.0.10+7-LTS), built on 2026-01-20T00:00:00Z by "admin" with MS VC++ 17.12 (VS2022)

END.
