#
# There is insufficient memory for the Java Runtime Environment to continue.
# Native memory allocation (malloc) failed to allocate 1151216 bytes. Error detail: Chunk::new
# Possible reasons:
#   The system is out of physical RAM or swap space
#   This process is running with CompressedOops enabled, and the Java Heap may be blocking the growth of the native heap
# Possible solutions:
#   Reduce memory load on the system
#   Increase physical memory or swap space
#   Check if swap backing store is full
#   Decrease Java heap size (-Xmx/-Xms)
#   Decrease number of Java threads
#   Decrease Java thread stack sizes (-Xss)
#   Set larger code cache with -XX:ReservedCodeCacheSize=
#   JVM is running with Unscaled Compressed Oops mode in which the Java heap is
#     placed in the first 4GB address space. The Java Heap base address is the
#     maximum limit for the native heap growth. Please use -XX:HeapBaseMinAddress
#     to set the Java Heap base and to place the Java Heap above 4GB virtual address.
# This output file may be truncated or incomplete.
#
#  Out of Memory Error (arena.cpp:168), pid=21052, tid=21364
#
# JRE version: OpenJDK Runtime Environment Temurin-21.0.10+7 (21.0.10+7) (build 21.0.10+7-LTS)
# Java VM: OpenJDK 64-Bit Server VM Temurin-21.0.10+7 (21.0.10+7-LTS, mixed mode, sharing, tiered, compressed oops, compressed class ptrs, parallel gc, windows-amd64)
# No core dump will be written. Minidumps are not enabled by default on client versions of Windows
#

---------------  S U M M A R Y ------------

Command Line: --add-modules=ALL-SYSTEM --add-opens=java.base/java.util=ALL-UNNAMED --add-opens=java.base/java.lang=ALL-UNNAMED --add-opens=java.base/sun.nio.fs=ALL-UNNAMED -Declipse.application=org.eclipse.jdt.ls.core.id1 -Dosgi.bundles.defaultStartLevel=4 -Declipse.product=org.eclipse.jdt.ls.core.product -Djava.import.generatesMetadataFilesAtProjectRoot=false -DDetectVMInstallationsJob.disabled=true -Dfile.encoding=utf8 -XX:+UseParallelGC -XX:GCTimeRatio=4 -XX:AdaptiveSizePolicyWeight=90 -Dsun.zip.disableMemoryMapping=true -Xmx2G -Xms100m -Xlog:disable -javaagent:c:\Users\PN-Docente\.vscode\extensions\redhat.java-1.53.0-win32-x64\lombok\lombok-1.18.39-4050.jar -XX:+HeapDumpOnOutOfMemoryError -XX:HeapDumpPath=c:\Users\PN-Docente\AppData\Roaming\Code\User\workspaceStorage\151ac3ea226ae3aeb819f1ed2d8c3d3a\redhat.java -Daether.dependencyCollector.impl=bf -agentpath:C:\Program Files\Palo Alto Networks\Traps\cyjagent.dll c:\Users\PN-Docente\.vscode\extensions\redhat.java-1.53.0-win32-x64\server\plugins\org.eclipse.equinox.launcher_1.7.100.v20251111-0406.jar -configuration c:\Users\PN-Docente\AppData\Roaming\Code\User\globalStorage\redhat.java\1.53.0\config_win -data c:\Users\PN-Docente\AppData\Roaming\Code\User\workspaceStorage\151ac3ea226ae3aeb819f1ed2d8c3d3a\redhat.java\jdt_ws --pipe=\\.\pipe\lsp-5b2eaa2513e28a3d821574da7b7f1469-sock

Host: AMD Ryzen 7 PRO 5750G with Radeon Graphics     , 16 cores, 15G,  Windows 11 , 64 bit Build 26100 (10.0.26100.7920)
Time: Thu Mar 19 17:55:19 2026 Hora verano Sudamérica Pacífico elapsed time: 706.452939 seconds (0d 0h 11m 46s)

---------------  T H R E A D  ---------------

Current thread (0x00000273f3b6b420):  JavaThread "C2 CompilerThread0" daemon [_thread_in_native, id=21364, stack(0x0000009638f00000,0x0000009639000000) (1024K)]


Current CompileTask:
C2:706453 12793   !   4       com.google.gson.internal.bind.ReflectiveTypeAdapterFactory$2::write (140 bytes)

Stack: [0x0000009638f00000,0x0000009639000000]
Native frames: (J=compiled Java code, j=interpreted, Vv=VM code, C=native code)
V  [jvm.dll+0x6d7a39]
V  [jvm.dll+0x8b4b26]
V  [jvm.dll+0x8b70de]
V  [jvm.dll+0x8b77c3]
V  [jvm.dll+0x284346]
V  [jvm.dll+0xc66ed]
V  [jvm.dll+0xc6c31]
V  [jvm.dll+0x3bec01]
V  [jvm.dll+0x38b162]
V  [jvm.dll+0x38a5aa]
V  [jvm.dll+0x24c560]
V  [jvm.dll+0x24bb40]
V  [jvm.dll+0x1cb34e]
V  [jvm.dll+0x25b85d]
V  [jvm.dll+0x259dea]
V  [jvm.dll+0x3f857e]
V  [jvm.dll+0x85f59d]
V  [jvm.dll+0x6d626d]
C  [ucrtbase.dll+0x37b0]
C  [cyinjct.dll+0x11e7]
C  [KERNEL32.DLL+0x2e8d7]
C  [ntdll.dll+0x8c48c]


---------------  P R O C E S S  ---------------

Threads class SMR info:
_java_thread_list=0x00000273fc835690, length=49, elements={
0x000002739849ac10, 0x00000273b1858300, 0x00000273b185a050, 0x00000273b185bc20,
0x00000273b185caf0, 0x00000273f3b5afd0, 0x00000273f3b5d850, 0x00000273f3b6b420,
0x00000273f3b7f3d0, 0x00000273f3dd1030, 0x00000273f56e69d0, 0x00000273fa0a4f80,
0x00000273fa428fd0, 0x00000273fa5887e0, 0x00000273f5c10ce0, 0x00000273fa22af80,
0x00000273fac10fb0, 0x00000273fac58b80, 0x00000273fa49a620, 0x00000273fa499900,
0x00000273fa499f90, 0x00000273fa497830, 0x00000273fa498be0, 0x00000273fc274850,
0x00000273fc277cd0, 0x00000273fc274ee0, 0x00000273fc278360, 0x00000273fc276920,
0x00000273fc276fb0, 0x00000273fc275c00, 0x00000273fc2789f0, 0x00000273fc277640,
0x00000273fc275570, 0x00000273fc279080, 0x00000273fc279710, 0x00000273fc276290,
0x00000273fc27b150, 0x00000273fc27b7e0, 0x00000273fc27a430, 0x00000273fc279da0,
0x00000273fc27be70, 0x00000273fc963460, 0x00000273fc968320, 0x00000273fc9668e0,
0x00000273fc967c90, 0x00000273fc965bc0, 0x00000273fc965530, 0x00000273fea54890,
0x00000273fc4f1c20
}

Java Threads: ( => current thread )
  0x000002739849ac10 JavaThread "main"                              [_thread_blocked, id=21316, stack(0x0000009638500000,0x0000009638600000) (1024K)]
  0x00000273b1858300 JavaThread "Reference Handler"          daemon [_thread_blocked, id=21284, stack(0x0000009638900000,0x0000009638a00000) (1024K)]
  0x00000273b185a050 JavaThread "Finalizer"                  daemon [_thread_blocked, id=21020, stack(0x0000009638a00000,0x0000009638b00000) (1024K)]
  0x00000273b185bc20 JavaThread "Signal Dispatcher"          daemon [_thread_blocked, id=21240, stack(0x0000009638b00000,0x0000009638c00000) (1024K)]
  0x00000273b185caf0 JavaThread "Attach Listener"            daemon [_thread_blocked, id=21276, stack(0x0000009638c00000,0x0000009638d00000) (1024K)]
  0x00000273f3b5afd0 JavaThread "Service Thread"             daemon [_thread_blocked, id=21272, stack(0x0000009638d00000,0x0000009638e00000) (1024K)]
  0x00000273f3b5d850 JavaThread "Monitor Deflation Thread"   daemon [_thread_blocked, id=21024, stack(0x0000009638e00000,0x0000009638f00000) (1024K)]
=>0x00000273f3b6b420 JavaThread "C2 CompilerThread0"         daemon [_thread_in_native, id=21364, stack(0x0000009638f00000,0x0000009639000000) (1024K)]
  0x00000273f3b7f3d0 JavaThread "C1 CompilerThread0"         daemon [_thread_blocked, id=21076, stack(0x0000009639000000,0x0000009639100000) (1024K)]
  0x00000273f3dd1030 JavaThread "Common-Cleaner"             daemon [_thread_blocked, id=21480, stack(0x0000009639300000,0x0000009639400000) (1024K)]
  0x00000273f56e69d0 JavaThread "Notification Thread"        daemon [_thread_blocked, id=21244, stack(0x0000009639600000,0x0000009639700000) (1024K)]
  0x00000273fa0a4f80 JavaThread "Active Thread: Equinox Container: 372f3d0e-4c11-44f8-99ea-2fd446a4ab43"        [_thread_blocked, id=21972, stack(0x0000009639f00000,0x000000963a000000) (1024K)]
  0x00000273fa428fd0 JavaThread "Refresh Thread: Equinox Container: 372f3d0e-4c11-44f8-99ea-2fd446a4ab43" daemon [_thread_blocked, id=22300, stack(0x000000963a100000,0x000000963a200000) (1024K)]
  0x00000273fa5887e0 JavaThread "Framework Event Dispatcher: Equinox Container: 372f3d0e-4c11-44f8-99ea-2fd446a4ab43" daemon [_thread_blocked, id=22304, stack(0x000000963a200000,0x000000963a300000) (1024K)]
  0x00000273f5c10ce0 JavaThread "Start Level: Equinox Container: 372f3d0e-4c11-44f8-99ea-2fd446a4ab43" daemon [_thread_blocked, id=22340, stack(0x000000963a300000,0x000000963a400000) (1024K)]
  0x00000273fa22af80 JavaThread "Bundle File Closer"         daemon [_thread_blocked, id=21792, stack(0x000000963a700000,0x000000963a800000) (1024K)]
  0x00000273fac10fb0 JavaThread "SCR Component Actor"        daemon [_thread_blocked, id=22248, stack(0x000000963a800000,0x000000963a900000) (1024K)]
  0x00000273fac58b80 JavaThread "Worker-JM"                         [_thread_blocked, id=22420, stack(0x000000963a900000,0x000000963aa00000) (1024K)]
  0x00000273fa49a620 JavaThread "JNA Cleaner"                daemon [_thread_blocked, id=22412, stack(0x000000963ab00000,0x000000963ac00000) (1024K)]
  0x00000273fa499900 JavaThread "Worker-1"                          [_thread_blocked, id=21016, stack(0x000000963ad00000,0x000000963ae00000) (1024K)]
  0x00000273fa499f90 JavaThread "Java indexing"              daemon [_thread_blocked, id=21712, stack(0x000000963ae00000,0x000000963af00000) (1024K)]
  0x00000273fa497830 JavaThread "Worker-3"                          [_thread_blocked, id=21644, stack(0x000000963b400000,0x000000963b500000) (1024K)]
  0x00000273fa498be0 JavaThread "Thread-1"                   daemon [_thread_in_native, id=21660, stack(0x000000963b700000,0x000000963b800000) (1024K)]
  0x00000273fc274850 JavaThread "Thread-2"                   daemon [_thread_in_native, id=21664, stack(0x000000963b800000,0x000000963b900000) (1024K)]
  0x00000273fc277cd0 JavaThread "Thread-3"                   daemon [_thread_in_native, id=5176, stack(0x000000963b900000,0x000000963ba00000) (1024K)]
  0x00000273fc274ee0 JavaThread "Thread-4"                   daemon [_thread_in_native, id=21624, stack(0x000000963ba00000,0x000000963bb00000) (1024K)]
  0x00000273fc278360 JavaThread "Thread-5"                   daemon [_thread_in_native, id=21628, stack(0x000000963bb00000,0x000000963bc00000) (1024K)]
  0x00000273fc276920 JavaThread "Thread-6"                   daemon [_thread_in_native, id=21484, stack(0x000000963bc00000,0x000000963bd00000) (1024K)]
  0x00000273fc276fb0 JavaThread "Thread-7"                   daemon [_thread_in_native, id=21448, stack(0x000000963bd00000,0x000000963be00000) (1024K)]
  0x00000273fc275c00 JavaThread "Thread-8"                   daemon [_thread_in_native, id=21344, stack(0x000000963be00000,0x000000963bf00000) (1024K)]
  0x00000273fc2789f0 JavaThread "Thread-9"                   daemon [_thread_in_native, id=21800, stack(0x000000963bf00000,0x000000963c000000) (1024K)]
  0x00000273fc277640 JavaThread "Thread-10"                  daemon [_thread_in_native, id=21804, stack(0x000000963c000000,0x000000963c100000) (1024K)]
  0x00000273fc275570 JavaThread "Thread-11"                  daemon [_thread_in_native, id=21852, stack(0x000000963c100000,0x000000963c200000) (1024K)]
  0x00000273fc279080 JavaThread "Thread-12"                  daemon [_thread_in_native, id=21808, stack(0x000000963c200000,0x000000963c300000) (1024K)]
  0x00000273fc279710 JavaThread "Thread-13"                  daemon [_thread_in_native, id=21616, stack(0x000000963c300000,0x000000963c400000) (1024K)]
  0x00000273fc276290 JavaThread "Thread-14"                  daemon [_thread_in_native, id=21840, stack(0x000000963c400000,0x000000963c500000) (1024K)]
  0x00000273fc27b150 JavaThread "Thread-15"                  daemon [_thread_in_native, id=21708, stack(0x000000963c500000,0x000000963c600000) (1024K)]
  0x00000273fc27b7e0 JavaThread "Thread-16"                  daemon [_thread_in_native, id=21620, stack(0x000000963c600000,0x000000963c700000) (1024K)]
  0x00000273fc27a430 JavaThread "Thread-17"                  daemon [_thread_in_native, id=21752, stack(0x000000963c700000,0x000000963c800000) (1024K)]
  0x00000273fc279da0 JavaThread "pool-2-thread-1"                   [_thread_blocked, id=21720, stack(0x000000963c800000,0x000000963c900000) (1024K)]
  0x00000273fc27be70 JavaThread "ForkJoinPool.commonPool-worker-1" daemon [_thread_blocked, id=21632, stack(0x000000963cd00000,0x000000963ce00000) (1024K)]
  0x00000273fc963460 JavaThread "ForkJoinPool.commonPool-worker-3" daemon [_thread_blocked, id=21736, stack(0x000000963cf00000,0x000000963d000000) (1024K)]
  0x00000273fc968320 JavaThread "ForkJoinPool.commonPool-worker-11" daemon [_thread_blocked, id=21696, stack(0x000000963d700000,0x000000963d800000) (1024K)]
  0x00000273fc9668e0 JavaThread "ForkJoinPool.commonPool-worker-14" daemon [_thread_blocked, id=21700, stack(0x000000963da00000,0x000000963db00000) (1024K)]
  0x00000273fc967c90 JavaThread "ForkJoinPool.commonPool-worker-15" daemon [_thread_blocked, id=21776, stack(0x000000963db00000,0x000000963dc00000) (1024K)]
  0x00000273fc965bc0 JavaThread "WorkspaceEventsHandler"            [_thread_blocked, id=21992, stack(0x000000963dd00000,0x000000963de00000) (1024K)]
  0x00000273fc965530 JavaThread "pool-1-thread-1"                   [_thread_blocked, id=21936, stack(0x000000963de00000,0x000000963df00000) (1024K)]
  0x00000273fea54890 JavaThread "Cleaner-0"                  daemon [_thread_blocked, id=23340, stack(0x000000963f000000,0x000000963f100000) (1024K)]
  0x00000273fc4f1c20 JavaThread "C1 CompilerThread1"         daemon [_thread_blocked, id=3664, stack(0x0000009639100000,0x0000009639200000) (1024K)]
Total: 49

Other Threads:
  0x00000273b1844ab0 VMThread "VM Thread"                           [id=16716, stack(0x0000009638800000,0x0000009638900000) (1024K)]
  0x00000273b173bb20 WatcherThread "VM Periodic Task Thread"        [id=21220, stack(0x0000009638700000,0x0000009638800000) (1024K)]
  0x000002739adf6030 WorkerThread "GC Thread#0"                     [id=14816, stack(0x0000009638600000,0x0000009638700000) (1024K)]
  0x00000273f5ce2c80 WorkerThread "GC Thread#1"                     [id=21528, stack(0x0000009639800000,0x0000009639900000) (1024K)]
  0x00000273f5bf3300 WorkerThread "GC Thread#2"                     [id=21552, stack(0x0000009639900000,0x0000009639a00000) (1024K)]
  0x00000273f5bf36b0 WorkerThread "GC Thread#3"                     [id=21556, stack(0x0000009639a00000,0x0000009639b00000) (1024K)]
  0x00000273f5a8e4e0 WorkerThread "GC Thread#4"                     [id=21560, stack(0x0000009639b00000,0x0000009639c00000) (1024K)]
  0x00000273f5a8e890 WorkerThread "GC Thread#5"                     [id=21564, stack(0x0000009639c00000,0x0000009639d00000) (1024K)]
  0x00000273f5a8ec40 WorkerThread "GC Thread#6"                     [id=21568, stack(0x0000009639d00000,0x0000009639e00000) (1024K)]
  0x00000273fa61a800 WorkerThread "GC Thread#7"                     [id=22016, stack(0x000000963a000000,0x000000963a100000) (1024K)]
  0x00000273fa3d7920 WorkerThread "GC Thread#8"                     [id=21464, stack(0x000000963a400000,0x000000963a500000) (1024K)]
  0x00000273fa3d7cd0 WorkerThread "GC Thread#9"                     [id=21280, stack(0x000000963a500000,0x000000963a600000) (1024K)]
  0x00000273fa3d8080 WorkerThread "GC Thread#10"                    [id=21532, stack(0x000000963a600000,0x000000963a700000) (1024K)]
  0x00000273fa8e0510 WorkerThread "GC Thread#11"                    [id=22256, stack(0x0000009639e00000,0x0000009639f00000) (1024K)]
  0x00000273fab2be50 WorkerThread "GC Thread#12"                    [id=22436, stack(0x000000963aa00000,0x000000963ab00000) (1024K)]
Total: 15

Threads with active compile tasks:
C2 CompilerThread0  706548 12793   !   4       com.google.gson.internal.bind.ReflectiveTypeAdapterFactory$2::write (140 bytes)
Total: 1

VM state: not at safepoint (normal execution)

VM Mutex/Monitor currently owned by a thread: None

Heap address: 0x0000000080000000, size: 2048 MB, Compressed Oops mode: 32-bit

CDS archive(s) mapped at: [0x00000273b2000000-0x00000273b2ba0000-0x00000273b2ba0000), size 12189696, SharedBaseAddress: 0x00000273b2000000, ArchiveRelocationMode: 1.
Compressed class space mapped at: 0x00000273b3000000-0x00000273f3000000, reserved size: 1073741824
Narrow klass base: 0x00000273b2000000, Narrow klass shift: 0, Narrow klass range: 0x100000000

GC Precious Log:
 CardTable entry size: 512
 CPUs: 16 total, 16 available
 Memory: 15723M
 Large Page Support: Disabled
 NUMA Support: Disabled
 Compressed Oops: Enabled (32-bit)
 Alignments: Space 512K, Generation 512K, Heap 2M
 Heap Min Capacity: 100M
 Heap Initial Capacity: 100M
 Heap Max Capacity: 2G
 Pre-touch: Disabled
 Parallel Workers: 13

Heap:
 PSYoungGen      total 16384K, used 2978K [0x00000000d5580000, 0x00000000d6800000, 0x0000000100000000)
  eden space 15360K, 15% used [0x00000000d5580000,0x00000000d57d0a68,0x00000000d6480000)
  from space 1024K, 59% used [0x00000000d6600000,0x00000000d6698040,0x00000000d6700000)
  to   space 1024K, 0% used [0x00000000d6700000,0x00000000d6700000,0x00000000d6800000)
 ParOldGen       total 84992K, used 84888K [0x0000000080000000, 0x0000000085300000, 0x00000000d5580000)
  object space 84992K, 99% used [0x0000000080000000,0x00000000852e63f0,0x0000000085300000)
 Metaspace       used 73351K, committed 74944K, reserved 1179648K
  class space    used 7808K, committed 8448K, reserved 1048576K

Card table byte_map: [0x000002739a930000,0x000002739ad40000] _byte_map_base: 0x000002739a530000

Marking Bits: (ParMarkBitMap*) 0x00007ffd06f63450
 Begin Bits: [0x00000273ad260000, 0x00000273af260000)
 End Bits:   [0x00000273af260000, 0x00000273b1260000)

Polling page: 0x00000273989d0000

Metaspace:

Usage:
  Non-class:     64.01 MB used.
      Class:      7.63 MB used.
       Both:     71.63 MB used.

Virtual space:
  Non-class space:      128.00 MB reserved,      64.94 MB ( 51%) committed,  2 nodes.
      Class space:        1.00 GB reserved,       8.25 MB ( <1%) committed,  1 nodes.
             Both:        1.12 GB reserved,      73.19 MB (  6%) committed. 

Chunk freelists:
   Non-Class:  14.59 MB
       Class:  7.80 MB
        Both:  22.39 MB

MaxMetaspaceSize: unlimited
CompressedClassSpaceSize: 1.00 GB
Initial GC threshold: 21.00 MB
Current GC threshold: 97.31 MB
CDS: on
 - commit_granule_bytes: 65536.
 - commit_granule_words: 8192.
 - virtual_space_node_default_size: 8388608.
 - enlarge_chunks_in_place: 1.
 - use_allocation_guard: 0.


Internal statistics:

num_allocs_failed_limit: 11.
num_arena_births: 1306.
num_arena_deaths: 14.
num_vsnodes_births: 3.
num_vsnodes_deaths: 0.
num_space_committed: 1171.
num_space_uncommitted: 0.
num_chunks_returned_to_freelist: 25.
num_chunks_taken_from_freelist: 4683.
num_chunk_merges: 17.
num_chunk_splits: 2808.
num_chunks_enlarged: 1476.
num_inconsistent_stats: 0.

CodeHeap 'non-profiled nmethods': size=119168Kb used=8560Kb max_used=8560Kb free=110607Kb
 bounds [0x00000273a5b50000, 0x00000273a63b0000, 0x00000273acfb0000]
CodeHeap 'profiled nmethods': size=119104Kb used=27042Kb max_used=27042Kb free=92061Kb
 bounds [0x000002739dfb0000, 0x000002739fa20000, 0x00000273a5400000]
CodeHeap 'non-nmethods': size=7488Kb used=2059Kb max_used=3263Kb free=5428Kb
 bounds [0x00000273a5400000, 0x00000273a5740000, 0x00000273a5b50000]
CodeCache: size=245760Kb, used=37661Kb, max_used=38865Kb, free=208096Kb
 total_blobs=12763, nmethods=11947, adapters=719, full_count=0
Compilation: enabled, stopped_count=0, restarted_count=0

Compilation events (20 events):
Event: 705.378 Thread 0x00000273f3b7f3d0 nmethod 12788 0x000002739fa13910 code [0x000002739fa13ac0, 0x000002739fa13ca8]
Event: 705.378 Thread 0x00000273f3b7f3d0 12790       3       org.eclipse.jdt.internal.core.Member::getFlags (13 bytes)
Event: 705.379 Thread 0x00000273f3b7f3d0 nmethod 12790 0x000002739fa13d90 code [0x000002739fa13f60, 0x000002739fa142e0]
Event: 705.379 Thread 0x00000273f3b7f3d0 12791       3       org.eclipse.jdt.internal.core.SourceRefElement::getSourceRange (13 bytes)
Event: 705.379 Thread 0x00000273f3b7f3d0 nmethod 12791 0x000002739fa14410 code [0x000002739fa145e0, 0x000002739fa14958]
Event: 705.379 Thread 0x00000273f3b7f3d0 12792       3       org.eclipse.jdt.internal.core.SourceRefElementInfo::getSourceRange (23 bytes)
Event: 705.379 Thread 0x00000273f3b7f3d0 nmethod 12792 0x000002739fa14a90 code [0x000002739fa14c40, 0x000002739fa14e78]
Event: 705.379 Thread 0x00000273fc4f1c20 nmethod 12789 0x000002739fa14f90 code [0x000002739fa152e0, 0x000002739fa163e8]
Event: 705.380 Thread 0x00000273fc4f1c20 12794       3       com.google.gson.stream.JsonWriter::alwaysCreatesValidJsonNumber (61 bytes)
Event: 705.380 Thread 0x00000273fc4f1c20 nmethod 12794 0x000002739fa16c10 code [0x000002739fa16dc0, 0x000002739fa17098]
Event: 705.381 Thread 0x00000273f3b6b420 nmethod 12781 0x00000273a63abb10 code [0x00000273a63abcc0, 0x00000273a63ac180]
Event: 705.381 Thread 0x00000273f3b6b420 12793   !   4       com.google.gson.internal.bind.ReflectiveTypeAdapterFactory$2::write (140 bytes)
Event: 706.388 Thread 0x00000273fc4f1c20 12795       3       org.eclipse.core.filesystem.URIUtil::toURI (61 bytes)
Event: 706.389 Thread 0x00000273fc4f1c20 nmethod 12795 0x000002739fa17110 code [0x000002739fa173a0, 0x000002739fa17ac0]
Event: 706.390 Thread 0x00000273f3b7f3d0 12797       3       org.eclipse.jdt.core.dom.MethodBinding::getModifiers (11 bytes)
Event: 706.390 Thread 0x00000273fc4f1c20 12798       3       org.eclipse.jdt.internal.compiler.lookup.MethodBinding::getAccessFlags (9 bytes)
Event: 706.390 Thread 0x00000273fc4f1c20 nmethod 12798 0x000002739fa17e10 code [0x000002739fa17fa0, 0x000002739fa180b0]
Event: 706.390 Thread 0x00000273f3b7f3d0 nmethod 12797 0x000002739fa18190 code [0x000002739fa18340, 0x000002739fa184c0]
Event: 706.390 Thread 0x00000273f3b7f3d0 12799       3       org.eclipse.jdt.core.dom.MethodBinding::isDeprecated (8 bytes)
Event: 706.390 Thread 0x00000273f3b7f3d0 nmethod 12799 0x000002739fa18590 code [0x000002739fa18740, 0x000002739fa18900]

GC Heap History (20 events):
Event: 13.360 GC heap before
{Heap before GC invocations=89 (full 3):
 PSYoungGen      total 17408K, used 17079K [0x00000000d5580000, 0x00000000d6980000, 0x0000000100000000)
  eden space 15360K, 100% used [0x00000000d5580000,0x00000000d6480000,0x00000000d6480000)
  from space 2048K, 83% used [0x00000000d6480000,0x00000000d662de78,0x00000000d6680000)
  to   space 2560K, 0% used [0x00000000d6700000,0x00000000d6700000,0x00000000d6980000)
 ParOldGen       total 72704K, used 72600K [0x0000000080000000, 0x0000000084700000, 0x00000000d5580000)
  object space 72704K, 99% used [0x0000000080000000,0x00000000846e6160,0x0000000084700000)
 Metaspace       used 67094K, committed 68672K, reserved 1114112K
  class space    used 7210K, committed 7872K, reserved 1048576K
}
Event: 13.363 GC heap after
{Heap after GC invocations=89 (full 3):
 PSYoungGen      total 16896K, used 1440K [0x00000000d5580000, 0x00000000d6880000, 0x0000000100000000)
  eden space 15360K, 0% used [0x00000000d5580000,0x00000000d5580000,0x00000000d6480000)
  from space 1536K, 93% used [0x00000000d6700000,0x00000000d6868000,0x00000000d6880000)
  to   space 2048K, 0% used [0x00000000d6480000,0x00000000d6480000,0x00000000d6680000)
 ParOldGen       total 74240K, used 74140K [0x0000000080000000, 0x0000000084880000, 0x00000000d5580000)
  object space 74240K, 99% used [0x0000000080000000,0x00000000848673d0,0x0000000084880000)
 Metaspace       used 67094K, committed 68672K, reserved 1114112K
  class space    used 7210K, committed 7872K, reserved 1048576K
}
Event: 13.492 GC heap before
{Heap before GC invocations=90 (full 3):
 PSYoungGen      total 16896K, used 16800K [0x00000000d5580000, 0x00000000d6880000, 0x0000000100000000)
  eden space 15360K, 100% used [0x00000000d5580000,0x00000000d6480000,0x00000000d6480000)
  from space 1536K, 93% used [0x00000000d6700000,0x00000000d6868000,0x00000000d6880000)
  to   space 2048K, 0% used [0x00000000d6480000,0x00000000d6480000,0x00000000d6680000)
 ParOldGen       total 74240K, used 74140K [0x0000000080000000, 0x0000000084880000, 0x00000000d5580000)
  object space 74240K, 99% used [0x0000000080000000,0x00000000848673d0,0x0000000084880000)
 Metaspace       used 67616K, committed 69120K, reserved 1114112K
  class space    used 7273K, committed 7872K, reserved 1048576K
}
Event: 13.495 GC heap after
{Heap after GC invocations=90 (full 3):
 PSYoungGen      total 17408K, used 2039K [0x00000000d5580000, 0x00000000d6a80000, 0x0000000100000000)
  eden space 15360K, 0% used [0x00000000d5580000,0x00000000d5580000,0x00000000d6480000)
  from space 2048K, 99% used [0x00000000d6480000,0x00000000d667dfd8,0x00000000d6680000)
  to   space 3072K, 0% used [0x00000000d6780000,0x00000000d6780000,0x00000000d6a80000)
 ParOldGen       total 75264K, used 74829K [0x0000000080000000, 0x0000000084980000, 0x00000000d5580000)
  object space 75264K, 99% used [0x0000000080000000,0x0000000084913410,0x0000000084980000)
 Metaspace       used 67616K, committed 69120K, reserved 1114112K
  class space    used 7273K, committed 7872K, reserved 1048576K
}
Event: 13.589 GC heap before
{Heap before GC invocations=91 (full 3):
 PSYoungGen      total 17408K, used 17399K [0x00000000d5580000, 0x00000000d6a80000, 0x0000000100000000)
  eden space 15360K, 100% used [0x00000000d5580000,0x00000000d6480000,0x00000000d6480000)
  from space 2048K, 99% used [0x00000000d6480000,0x00000000d667dfd8,0x00000000d6680000)
  to   space 3072K, 0% used [0x00000000d6780000,0x00000000d6780000,0x00000000d6a80000)
 ParOldGen       total 75264K, used 74829K [0x0000000080000000, 0x0000000084980000, 0x00000000d5580000)
  object space 75264K, 99% used [0x0000000080000000,0x0000000084913410,0x0000000084980000)
 Metaspace       used 67972K, committed 69504K, reserved 1114112K
  class space    used 7309K, committed 7936K, reserved 1048576K
}
Event: 13.592 GC heap after
{Heap after GC invocations=91 (full 3):
 PSYoungGen      total 16384K, used 1024K [0x00000000d5580000, 0x00000000d6880000, 0x0000000100000000)
  eden space 15360K, 0% used [0x00000000d5580000,0x00000000d5580000,0x00000000d6480000)
  from space 1024K, 100% used [0x00000000d6780000,0x00000000d6880000,0x00000000d6880000)
  to   space 2048K, 0% used [0x00000000d6480000,0x00000000d6480000,0x00000000d6680000)
 ParOldGen       total 76800K, used 76754K [0x0000000080000000, 0x0000000084b00000, 0x00000000d5580000)
  object space 76800K, 99% used [0x0000000080000000,0x0000000084af4998,0x0000000084b00000)
 Metaspace       used 67972K, committed 69504K, reserved 1114112K
  class space    used 7309K, committed 7936K, reserved 1048576K
}
Event: 13.721 GC heap before
{Heap before GC invocations=92 (full 3):
 PSYoungGen      total 16384K, used 16384K [0x00000000d5580000, 0x00000000d6880000, 0x0000000100000000)
  eden space 15360K, 100% used [0x00000000d5580000,0x00000000d6480000,0x00000000d6480000)
  from space 1024K, 100% used [0x00000000d6780000,0x00000000d6880000,0x00000000d6880000)
  to   space 2048K, 0% used [0x00000000d6480000,0x00000000d6480000,0x00000000d6680000)
 ParOldGen       total 76800K, used 76754K [0x0000000080000000, 0x0000000084b00000, 0x00000000d5580000)
  object space 76800K, 99% used [0x0000000080000000,0x0000000084af4998,0x0000000084b00000)
 Metaspace       used 68461K, committed 69952K, reserved 1114112K
  class space    used 7369K, committed 8000K, reserved 1048576K
}
Event: 13.724 GC heap after
{Heap after GC invocations=92 (full 3):
 PSYoungGen      total 17408K, used 1560K [0x00000000d5580000, 0x00000000d6880000, 0x0000000100000000)
  eden space 15360K, 0% used [0x00000000d5580000,0x00000000d5580000,0x00000000d6480000)
  from space 2048K, 76% used [0x00000000d6480000,0x00000000d6606290,0x00000000d6680000)
  to   space 2048K, 0% used [0x00000000d6680000,0x00000000d6680000,0x00000000d6880000)
 ParOldGen       total 77824K, used 77338K [0x0000000080000000, 0x0000000084c00000, 0x00000000d5580000)
  object space 77824K, 99% used [0x0000000080000000,0x0000000084b86998,0x0000000084c00000)
 Metaspace       used 68461K, committed 69952K, reserved 1114112K
  class space    used 7369K, committed 8000K, reserved 1048576K
}
Event: 13.965 GC heap before
{Heap before GC invocations=93 (full 3):
 PSYoungGen      total 17408K, used 16755K [0x00000000d5580000, 0x00000000d6880000, 0x0000000100000000)
  eden space 15360K, 98% used [0x00000000d5580000,0x00000000d6456b18,0x00000000d6480000)
  from space 2048K, 76% used [0x00000000d6480000,0x00000000d6606290,0x00000000d6680000)
  to   space 2048K, 0% used [0x00000000d6680000,0x00000000d6680000,0x00000000d6880000)
 ParOldGen       total 77824K, used 77338K [0x0000000080000000, 0x0000000084c00000, 0x00000000d5580000)
  object space 77824K, 99% used [0x0000000080000000,0x0000000084b86998,0x0000000084c00000)
 Metaspace       used 69844K, committed 71424K, reserved 1114112K
  class space    used 7484K, committed 8128K, reserved 1048576K
}
Event: 13.967 GC heap after
{Heap after GC invocations=93 (full 3):
 PSYoungGen      total 17408K, used 1565K [0x00000000d5580000, 0x00000000d6880000, 0x0000000100000000)
  eden space 15360K, 0% used [0x00000000d5580000,0x00000000d5580000,0x00000000d6480000)
  from space 2048K, 76% used [0x00000000d6680000,0x00000000d68076c0,0x00000000d6880000)
  to   space 2048K, 0% used [0x00000000d6480000,0x00000000d6480000,0x00000000d6680000)
 ParOldGen       total 78848K, used 78629K [0x0000000080000000, 0x0000000084d00000, 0x00000000d5580000)
  object space 78848K, 99% used [0x0000000080000000,0x0000000084cc9500,0x0000000084d00000)
 Metaspace       used 69844K, committed 71424K, reserved 1114112K
  class space    used 7484K, committed 8128K, reserved 1048576K
}
Event: 14.175 GC heap before
{Heap before GC invocations=94 (full 3):
 PSYoungGen      total 17408K, used 16925K [0x00000000d5580000, 0x00000000d6880000, 0x0000000100000000)
  eden space 15360K, 99% used [0x00000000d5580000,0x00000000d647fff8,0x00000000d6480000)
  from space 2048K, 76% used [0x00000000d6680000,0x00000000d68076c0,0x00000000d6880000)
  to   space 2048K, 0% used [0x00000000d6480000,0x00000000d6480000,0x00000000d6680000)
 ParOldGen       total 78848K, used 78629K [0x0000000080000000, 0x0000000084d00000, 0x00000000d5580000)
  object space 78848K, 99% used [0x0000000080000000,0x0000000084cc9500,0x0000000084d00000)
 Metaspace       used 70748K, committed 72320K, reserved 1114112K
  class space    used 7586K, committed 8192K, reserved 1048576K
}
Event: 14.180 GC heap after
{Heap after GC invocations=94 (full 3):
 PSYoungGen      total 17408K, used 2017K [0x00000000d5580000, 0x00000000d6d80000, 0x0000000100000000)
  eden space 15360K, 0% used [0x00000000d5580000,0x00000000d5580000,0x00000000d6480000)
  from space 2048K, 98% used [0x00000000d6480000,0x00000000d6678750,0x00000000d6680000)
  to   space 4608K, 0% used [0x00000000d6900000,0x00000000d6900000,0x00000000d6d80000)
 ParOldGen       total 80896K, used 80569K [0x0000000080000000, 0x0000000084f00000, 0x00000000d5580000)
  object space 80896K, 99% used [0x0000000080000000,0x0000000084eae448,0x0000000084f00000)
 Metaspace       used 70748K, committed 72320K, reserved 1114112K
  class space    used 7586K, committed 8192K, reserved 1048576K
}
Event: 14.357 GC heap before
{Heap before GC invocations=95 (full 3):
 PSYoungGen      total 17408K, used 17377K [0x00000000d5580000, 0x00000000d6d80000, 0x0000000100000000)
  eden space 15360K, 99% used [0x00000000d5580000,0x00000000d647fff0,0x00000000d6480000)
  from space 2048K, 98% used [0x00000000d6480000,0x00000000d6678750,0x00000000d6680000)
  to   space 4608K, 0% used [0x00000000d6900000,0x00000000d6900000,0x00000000d6d80000)
 ParOldGen       total 80896K, used 80569K [0x0000000080000000, 0x0000000084f00000, 0x00000000d5580000)
  object space 80896K, 99% used [0x0000000080000000,0x0000000084eae448,0x0000000084f00000)
 Metaspace       used 71312K, committed 72896K, reserved 1114112K
  class space    used 7629K, committed 8256K, reserved 1048576K
}
Event: 14.363 GC heap after
{Heap after GC invocations=95 (full 3):
 PSYoungGen      total 17920K, used 2244K [0x00000000d5580000, 0x00000000d6b80000, 0x0000000100000000)
  eden space 15360K, 0% used [0x00000000d5580000,0x00000000d5580000,0x00000000d6480000)
  from space 2560K, 87% used [0x00000000d6900000,0x00000000d6b31300,0x00000000d6b80000)
  to   space 3072K, 0% used [0x00000000d6580000,0x00000000d6580000,0x00000000d6880000)
 ParOldGen       total 81920K, used 81862K [0x0000000080000000, 0x0000000085000000, 0x00000000d5580000)
  object space 81920K, 99% used [0x0000000080000000,0x0000000084ff1a40,0x0000000085000000)
 Metaspace       used 71312K, committed 72896K, reserved 1114112K
  class space    used 7629K, committed 8256K, reserved 1048576K
}
Event: 14.628 GC heap before
{Heap before GC invocations=96 (full 3):
 PSYoungGen      total 17920K, used 17604K [0x00000000d5580000, 0x00000000d6b80000, 0x0000000100000000)
  eden space 15360K, 100% used [0x00000000d5580000,0x00000000d6480000,0x00000000d6480000)
  from space 2560K, 87% used [0x00000000d6900000,0x00000000d6b31300,0x00000000d6b80000)
  to   space 3072K, 0% used [0x00000000d6580000,0x00000000d6580000,0x00000000d6880000)
 ParOldGen       total 81920K, used 81862K [0x0000000080000000, 0x0000000085000000, 0x00000000d5580000)
  object space 81920K, 99% used [0x0000000080000000,0x0000000084ff1a40,0x0000000085000000)
 Metaspace       used 72149K, committed 73664K, reserved 1179648K
  class space    used 7708K, committed 8320K, reserved 1048576K
}
Event: 14.631 GC heap after
{Heap after GC invocations=96 (full 3):
 PSYoungGen      total 16896K, used 1108K [0x00000000d5580000, 0x00000000d6980000, 0x0000000100000000)
  eden space 15360K, 0% used [0x00000000d5580000,0x00000000d5580000,0x00000000d6480000)
  from space 1536K, 72% used [0x00000000d6580000,0x00000000d6695240,0x00000000d6700000)
  to   space 2048K, 0% used [0x00000000d6780000,0x00000000d6780000,0x00000000d6980000)
 ParOldGen       total 83968K, used 83941K [0x0000000080000000, 0x0000000085200000, 0x00000000d5580000)
  object space 83968K, 99% used [0x0000000080000000,0x00000000851f9478,0x0000000085200000)
 Metaspace       used 72149K, committed 73664K, reserved 1179648K
  class space    used 7708K, committed 8320K, reserved 1048576K
}
Event: 14.948 GC heap before
{Heap before GC invocations=97 (full 3):
 PSYoungGen      total 16896K, used 16468K [0x00000000d5580000, 0x00000000d6980000, 0x0000000100000000)
  eden space 15360K, 100% used [0x00000000d5580000,0x00000000d6480000,0x00000000d6480000)
  from space 1536K, 72% used [0x00000000d6580000,0x00000000d6695240,0x00000000d6700000)
  to   space 2048K, 0% used [0x00000000d6780000,0x00000000d6780000,0x00000000d6980000)
 ParOldGen       total 83968K, used 83941K [0x0000000080000000, 0x0000000085200000, 0x00000000d5580000)
  object space 83968K, 99% used [0x0000000080000000,0x00000000851f9478,0x0000000085200000)
 Metaspace       used 72628K, committed 74112K, reserved 1179648K
  class space    used 7757K, committed 8384K, reserved 1048576K
}
Event: 14.950 GC heap after
{Heap after GC invocations=97 (full 3):
 PSYoungGen      total 15872K, used 448K [0x00000000d5580000, 0x00000000d6800000, 0x0000000100000000)
  eden space 15360K, 0% used [0x00000000d5580000,0x00000000d5580000,0x00000000d6480000)
  from space 512K, 87% used [0x00000000d6780000,0x00000000d67f0000,0x00000000d6800000)
  to   space 1024K, 0% used [0x00000000d6600000,0x00000000d6600000,0x00000000d6700000)
 ParOldGen       total 84992K, used 84656K [0x0000000080000000, 0x0000000085300000, 0x00000000d5580000)
  object space 84992K, 99% used [0x0000000080000000,0x00000000852ac3f0,0x0000000085300000)
 Metaspace       used 72628K, committed 74112K, reserved 1179648K
  class space    used 7757K, committed 8384K, reserved 1048576K
}
Event: 661.383 GC heap before
{Heap before GC invocations=98 (full 3):
 PSYoungGen      total 15872K, used 15807K [0x00000000d5580000, 0x00000000d6800000, 0x0000000100000000)
  eden space 15360K, 99% used [0x00000000d5580000,0x00000000d647fff0,0x00000000d6480000)
  from space 512K, 87% used [0x00000000d6780000,0x00000000d67f0000,0x00000000d6800000)
  to   space 1024K, 0% used [0x00000000d6600000,0x00000000d6600000,0x00000000d6700000)
 ParOldGen       total 84992K, used 84656K [0x0000000080000000, 0x0000000085300000, 0x00000000d5580000)
  object space 84992K, 99% used [0x0000000080000000,0x00000000852ac3f0,0x0000000085300000)
 Metaspace       used 73283K, committed 74880K, reserved 1179648K
  class space    used 7808K, committed 8448K, reserved 1048576K
}
Event: 661.384 GC heap after
{Heap after GC invocations=98 (full 3):
 PSYoungGen      total 16384K, used 608K [0x00000000d5580000, 0x00000000d6800000, 0x0000000100000000)
  eden space 15360K, 0% used [0x00000000d5580000,0x00000000d5580000,0x00000000d6480000)
  from space 1024K, 59% used [0x00000000d6600000,0x00000000d6698040,0x00000000d6700000)
  to   space 1024K, 0% used [0x00000000d6700000,0x00000000d6700000,0x00000000d6800000)
 ParOldGen       total 84992K, used 84888K [0x0000000080000000, 0x0000000085300000, 0x00000000d5580000)
  object space 84992K, 99% used [0x0000000080000000,0x00000000852e63f0,0x0000000085300000)
 Metaspace       used 73283K, committed 74880K, reserved 1179648K
  class space    used 7808K, committed 8448K, reserved 1048576K
}

Dll operation events (12 events):
Event: 0.158 Loaded shared library c:\Users\PN-Docente\.vscode\extensions\redhat.java-1.53.0-win32-x64\jre\21.0.10-win32-x86_64\bin\java.dll
Event: 0.185 Loaded shared library c:\Users\PN-Docente\.vscode\extensions\redhat.java-1.53.0-win32-x64\jre\21.0.10-win32-x86_64\bin\zip.dll
Event: 0.305 Loaded shared library C:\Users\PN-Docente\.vscode\extensions\redhat.java-1.53.0-win32-x64\jre\21.0.10-win32-x86_64\bin\instrument.dll
Event: 0.330 Loaded shared library C:\Users\PN-Docente\.vscode\extensions\redhat.java-1.53.0-win32-x64\jre\21.0.10-win32-x86_64\bin\net.dll
Event: 0.344 Loaded shared library C:\Users\PN-Docente\.vscode\extensions\redhat.java-1.53.0-win32-x64\jre\21.0.10-win32-x86_64\bin\nio.dll
Event: 0.352 Loaded shared library C:\Users\PN-Docente\.vscode\extensions\redhat.java-1.53.0-win32-x64\jre\21.0.10-win32-x86_64\bin\zip.dll
Event: 0.377 Loaded shared library C:\Users\PN-Docente\.vscode\extensions\redhat.java-1.53.0-win32-x64\jre\21.0.10-win32-x86_64\bin\jimage.dll
Event: 0.490 Loaded shared library c:\Users\PN-Docente\.vscode\extensions\redhat.java-1.53.0-win32-x64\jre\21.0.10-win32-x86_64\bin\verify.dll
Event: 1.971 Loaded shared library C:\Users\PN-Docente\AppData\Roaming\Code\User\globalStorage\redhat.java\1.53.0\config_win\org.eclipse.equinox.launcher\org.eclipse.equinox.launcher.win32.win32.x86_64_1.3.0.v20260203-2149\eclipse_11919.dll
Event: 3.601 Loaded shared library C:\Users\PN-Docente\AppData\Local\Temp\jna-1159319875\jna8541613196250287596.dll
Event: 5.513 Loaded shared library C:\Users\PN-Docente\.vscode\extensions\redhat.java-1.53.0-win32-x64\jre\21.0.10-win32-x86_64\bin\sunmscapi.dll
Event: 5.980 Loaded shared library C:\Users\PN-Docente\.vscode\extensions\redhat.java-1.53.0-win32-x64\jre\21.0.10-win32-x86_64\bin\extnet.dll

Deoptimization events (20 events):
Event: 31.705 Thread 0x00000273fa0a4f80 DEOPT PACKING pc=0x000002739e8da950 sp=0x0000009639ffee70
Event: 31.705 Thread 0x00000273fa0a4f80 DEOPT UNPACKING pc=0x00000273a5454242 sp=0x0000009639ffe3c8 mode 0
Event: 31.706 Thread 0x00000273fa0a4f80 DEOPT PACKING pc=0x000002739e8da950 sp=0x0000009639ffee70
Event: 31.706 Thread 0x00000273fa0a4f80 DEOPT UNPACKING pc=0x00000273a5454242 sp=0x0000009639ffe3c8 mode 0
Event: 31.706 Thread 0x00000273fa0a4f80 DEOPT PACKING pc=0x000002739e8da950 sp=0x0000009639ffee70
Event: 31.706 Thread 0x00000273fa0a4f80 DEOPT UNPACKING pc=0x00000273a5454242 sp=0x0000009639ffe3c8 mode 0
Event: 31.707 Thread 0x00000273fa0a4f80 DEOPT PACKING pc=0x000002739e8da950 sp=0x0000009639ffee70
Event: 31.707 Thread 0x00000273fa0a4f80 DEOPT UNPACKING pc=0x00000273a5454242 sp=0x0000009639ffe3c8 mode 0
Event: 655.953 Thread 0x00000273fc968320 DEOPT PACKING pc=0x000002739e7e5184 sp=0x000000963d7fe760
Event: 655.953 Thread 0x00000273fc968320 DEOPT UNPACKING pc=0x00000273a5454242 sp=0x000000963d7fdc18 mode 0
Event: 655.956 Thread 0x00000273fc968320 Uncommon trap: trap_request=0xffffffde fr.pc=0x00000273a5c6c818 relative=0x0000000000000078
Event: 655.956 Thread 0x00000273fc968320 Uncommon trap: reason=class_check action=maybe_recompile pc=0x00000273a5c6c818 method=java.util.LinkedHashMap.afterNodeInsertion(Z)V @ 15 c2
Event: 655.956 Thread 0x00000273fc968320 DEOPT PACKING pc=0x00000273a5c6c818 sp=0x000000963d7feed0
Event: 655.957 Thread 0x00000273fc968320 DEOPT UNPACKING pc=0x00000273a5453aa2 sp=0x000000963d7fee48 mode 2
Event: 660.151 Thread 0x00000273fc968320 Uncommon trap: trap_request=0xffffffde fr.pc=0x00000273a5c6c818 relative=0x0000000000000078
Event: 660.151 Thread 0x00000273fc968320 Uncommon trap: reason=class_check action=maybe_recompile pc=0x00000273a5c6c818 method=java.util.LinkedHashMap.afterNodeInsertion(Z)V @ 15 c2
Event: 660.151 Thread 0x00000273fc968320 DEOPT PACKING pc=0x00000273a5c6c818 sp=0x000000963d7feed0
Event: 660.151 Thread 0x00000273fc968320 DEOPT UNPACKING pc=0x00000273a5453aa2 sp=0x000000963d7fee48 mode 2
Event: 660.155 Thread 0x00000273fc27be70 DEOPT PACKING pc=0x000002739f481a15 sp=0x000000963cdfd8f0
Event: 660.155 Thread 0x00000273fc27be70 DEOPT UNPACKING pc=0x00000273a5454242 sp=0x000000963cdfcd00 mode 0

Classes loaded (20 events):
Event: 14.489 Loading class java/util/stream/Node$Builder$OfInt done
Event: 14.489 Loading class java/util/stream/Nodes$IntArrayNode
Event: 14.490 Loading class java/util/stream/Nodes$IntArrayNode done
Event: 14.490 Loading class java/util/stream/Nodes$IntFixedNodeBuilder done
Event: 14.490 Loading class java/util/stream/ReferencePipeline$4$1
Event: 14.490 Loading class java/util/stream/ReferencePipeline$4$1 done
Event: 14.683 Loading class java/util/HashMap$EntrySpliterator
Event: 14.684 Loading class java/util/HashMap$EntrySpliterator done
Event: 14.989 Loading class java/util/AbstractList$RandomAccessSubList
Event: 14.989 Loading class java/util/AbstractList$SubList
Event: 14.990 Loading class java/util/AbstractList$SubList done
Event: 14.990 Loading class java/util/AbstractList$RandomAccessSubList done
Event: 14.990 Loading class java/util/AbstractList$SubList$1
Event: 14.990 Loading class java/util/AbstractList$SubList$1 done
Event: 31.775 Loading class sun/nio/cs/ISO_8859_1$Encoder
Event: 31.776 Loading class sun/nio/cs/ISO_8859_1$Encoder done
Event: 31.776 Loading class sun/nio/cs/Surrogate$Parser
Event: 31.776 Loading class sun/nio/cs/Surrogate$Parser done
Event: 31.776 Loading class sun/nio/cs/Surrogate
Event: 31.776 Loading class sun/nio/cs/Surrogate done

Classes unloaded (7 events):
Event: 4.045 Thread 0x00000273b1844ab0 Unloading class 0x00000273b31b4400 'java/lang/invoke/LambdaForm$MH+0x00000273b31b4400'
Event: 4.045 Thread 0x00000273b1844ab0 Unloading class 0x00000273b31b4000 'java/lang/invoke/LambdaForm$MH+0x00000273b31b4000'
Event: 4.045 Thread 0x00000273b1844ab0 Unloading class 0x00000273b31b3c00 'java/lang/invoke/LambdaForm$MH+0x00000273b31b3c00'
Event: 4.045 Thread 0x00000273b1844ab0 Unloading class 0x00000273b31b3800 'java/lang/invoke/LambdaForm$MH+0x00000273b31b3800'
Event: 4.045 Thread 0x00000273b1844ab0 Unloading class 0x00000273b31b3400 'java/lang/invoke/LambdaForm$BMH+0x00000273b31b3400'
Event: 4.045 Thread 0x00000273b1844ab0 Unloading class 0x00000273b31b3000 'java/lang/invoke/LambdaForm$DMH+0x00000273b31b3000'
Event: 4.045 Thread 0x00000273b1844ab0 Unloading class 0x00000273b31b2000 'java/lang/invoke/LambdaForm$DMH+0x00000273b31b2000'

Classes redefined (5 events):
Event: 0.651 Thread 0x00000273b1844ab0 redefined class name=java.io.FileOutputStream, count=1
Event: 0.656 Thread 0x00000273b1844ab0 redefined class name=java.lang.ClassLoader, count=1
Event: 0.662 Thread 0x00000273b1844ab0 redefined class name=java.nio.file.Files, count=1
Event: 0.667 Thread 0x00000273b1844ab0 redefined class name=java.io.File, count=1
Event: 0.670 Thread 0x00000273b1844ab0 redefined class name=java.net.URLStreamHandler, count=1

Internal exceptions (20 events):
Event: 13.904 Thread 0x00000273fc965530 Exception <a 'java/lang/IncompatibleClassChangeError'{0x00000000d5d9c588}: Found class java.lang.Object, but interface was expected> (0x00000000d5d9c588) 
thrown [s\src\hotspot\share\interpreter\linkResolver.cpp, line 840]
Event: 13.955 Thread 0x00000273fc967c90 Exception <a 'java/lang/ArrayIndexOutOfBoundsException'{0x00000000d6353f20}> (0x00000000d6353f20) 
thrown [s\src\hotspot\share\runtime\sharedRuntime.cpp, line 625]
Event: 13.980 Thread 0x00000273fc9620b0 Implicit null exception at 0x00000273a60c75da to 0x00000273a60c7633
Event: 14.019 Thread 0x00000273fa497ec0 Exception <a 'sun/nio/fs/WindowsException'{0x00000000d5a2e6d0}> (0x00000000d5a2e6d0) 
thrown [s\src\hotspot\share\prims\jni.cpp, line 520]
Event: 14.020 Thread 0x00000273fa497ec0 Exception <a 'sun/nio/fs/WindowsException'{0x00000000d5a2efb0}> (0x00000000d5a2efb0) 
thrown [s\src\hotspot\share\prims\jni.cpp, line 520]
Event: 14.569 Thread 0x00000273fc964810 Exception <a 'sun/nio/fs/WindowsException'{0x00000000d5c230d0}> (0x00000000d5c230d0) 
thrown [s\src\hotspot\share\prims\jni.cpp, line 520]
Event: 14.569 Thread 0x00000273fc964810 Exception <a 'sun/nio/fs/WindowsException'{0x00000000d5c239d0}> (0x00000000d5c239d0) 
thrown [s\src\hotspot\share\prims\jni.cpp, line 520]
Event: 14.570 Thread 0x00000273fc964810 Exception <a 'sun/nio/fs/WindowsException'{0x00000000d5c3a690}> (0x00000000d5c3a690) 
thrown [s\src\hotspot\share\prims\jni.cpp, line 520]
Event: 14.570 Thread 0x00000273fc964810 Exception <a 'sun/nio/fs/WindowsException'{0x00000000d5c3af70}> (0x00000000d5c3af70) 
thrown [s\src\hotspot\share\prims\jni.cpp, line 520]
Event: 14.571 Thread 0x00000273fc964810 Exception <a 'sun/nio/fs/WindowsException'{0x00000000d5c4b480}> (0x00000000d5c4b480) 
thrown [s\src\hotspot\share\prims\jni.cpp, line 520]
Event: 14.571 Thread 0x00000273fc964810 Exception <a 'sun/nio/fs/WindowsException'{0x00000000d5c4bfa8}> (0x00000000d5c4bfa8) 
thrown [s\src\hotspot\share\prims\jni.cpp, line 520]
Event: 14.576 Thread 0x00000273fc964810 Exception <a 'sun/nio/fs/WindowsException'{0x00000000d5d1b888}> (0x00000000d5d1b888) 
thrown [s\src\hotspot\share\prims\jni.cpp, line 520]
Event: 14.577 Thread 0x00000273fc964810 Exception <a 'sun/nio/fs/WindowsException'{0x00000000d5d1c3f0}> (0x00000000d5d1c3f0) 
thrown [s\src\hotspot\share\prims\jni.cpp, line 520]
Event: 14.993 Thread 0x00000273fc967600 Implicit null exception at 0x00000273a6166e4a to 0x00000273a61670a4
Event: 17.173 Thread 0x00000273fc965530 Exception <a 'java/lang/IncompatibleClassChangeError'{0x00000000d582f6d0}: Found class java.lang.Object, but interface was expected> (0x00000000d582f6d0) 
thrown [s\src\hotspot\share\interpreter\linkResolver.cpp, line 840]
Event: 17.179 Thread 0x00000273fc967600 Exception <a 'java/lang/NoSuchMethodError'{0x00000000d58aa7c8}: 'java.lang.Object java.lang.invoke.DirectMethodHandle$Holder.invokeSpecial(java.lang.Object, java.lang.Object, java.lang.Object, java.lang.Object, int, java.lang.Object, java.lang.Object)'> (0x00000000d58aa7c8) 
thrown [s\src\hotspot\share\interpreter\linkResolver.cpp, line 773]
Event: 17.317 Thread 0x00000273fa499900 Exception <a 'sun/nio/fs/WindowsException'{0x00000000d55c08d8}> (0x00000000d55c08d8) 
thrown [s\src\hotspot\share\prims\jni.cpp, line 520]
Event: 17.317 Thread 0x00000273fa499900 Exception <a 'sun/nio/fs/WindowsException'{0x00000000d5ac44c8}> (0x00000000d5ac44c8) 
thrown [s\src\hotspot\share\prims\jni.cpp, line 520]
Event: 17.318 Thread 0x00000273fa499900 Exception <a 'sun/nio/fs/WindowsException'{0x00000000d5ad2510}> (0x00000000d5ad2510) 
thrown [s\src\hotspot\share\prims\jni.cpp, line 520]
Event: 17.318 Thread 0x00000273fa499900 Exception <a 'sun/nio/fs/WindowsException'{0x00000000d5ad2b40}> (0x00000000d5ad2b40) 
thrown [s\src\hotspot\share\prims\jni.cpp, line 520]

ZGC Phase Switch (0 events):
No events

VM Operations (20 events):
Event: 601.311 Executing non-safepoint VM operation: HandshakeAllThreads (HandshakeForDeflation)
Event: 601.311 Executing non-safepoint VM operation: HandshakeAllThreads (HandshakeForDeflation) done
Event: 601.311 Executing non-safepoint VM operation: RendezvousGCThreads
Event: 601.311 Executing non-safepoint VM operation: RendezvousGCThreads done
Event: 656.684 Executing safepoint VM operation: Cleanup
Event: 656.684 Executing safepoint VM operation: Cleanup done
Event: 658.705 Executing safepoint VM operation: Cleanup
Event: 658.705 Executing safepoint VM operation: Cleanup done
Event: 660.714 Executing safepoint VM operation: Cleanup
Event: 660.714 Executing safepoint VM operation: Cleanup done
Event: 661.324 Executing non-safepoint VM operation: HandshakeAllThreads (HandshakeForDeflation)
Event: 661.324 Executing non-safepoint VM operation: HandshakeAllThreads (HandshakeForDeflation) done
Event: 661.324 Executing non-safepoint VM operation: RendezvousGCThreads
Event: 661.324 Executing non-safepoint VM operation: RendezvousGCThreads done
Event: 661.383 Executing safepoint VM operation: ParallelGCFailedAllocation (Allocation Failure)
Event: 661.384 Executing safepoint VM operation: ParallelGCFailedAllocation (Allocation Failure) done
Event: 704.665 Executing safepoint VM operation: Cleanup
Event: 704.665 Executing safepoint VM operation: Cleanup done
Event: 705.671 Executing safepoint VM operation: Cleanup
Event: 705.671 Executing safepoint VM operation: Cleanup done

Memory protections (0 events):
No events

Nmethod flushes (20 events):
Event: 10.329 Thread 0x00000273b1844ab0 flushing  nmethod 0x000002739e93f990
Event: 10.329 Thread 0x00000273b1844ab0 flushing osr nmethod 0x000002739e946010
Event: 10.329 Thread 0x00000273b1844ab0 flushing osr nmethod 0x000002739e948990
Event: 10.329 Thread 0x00000273b1844ab0 flushing osr nmethod 0x000002739e9a0b10
Event: 10.329 Thread 0x00000273b1844ab0 flushing osr nmethod 0x000002739e9a9610
Event: 10.329 Thread 0x00000273b1844ab0 flushing  nmethod 0x000002739e9ab710
Event: 10.329 Thread 0x00000273b1844ab0 flushing  nmethod 0x000002739e9abb10
Event: 10.329 Thread 0x00000273b1844ab0 flushing  nmethod 0x000002739e9b1490
Event: 10.329 Thread 0x00000273b1844ab0 flushing  nmethod 0x000002739e9c3190
Event: 10.329 Thread 0x00000273b1844ab0 flushing  nmethod 0x000002739e9d3890
Event: 10.329 Thread 0x00000273b1844ab0 flushing  nmethod 0x000002739e9d6a90
Event: 10.329 Thread 0x00000273b1844ab0 flushing  nmethod 0x000002739e9ed910
Event: 10.329 Thread 0x00000273b1844ab0 flushing  nmethod 0x000002739e9ef910
Event: 10.329 Thread 0x00000273b1844ab0 flushing  nmethod 0x000002739e9eff10
Event: 10.329 Thread 0x00000273b1844ab0 flushing  nmethod 0x000002739e9f0610
Event: 10.329 Thread 0x00000273b1844ab0 flushing  nmethod 0x000002739e9f0e90
Event: 10.329 Thread 0x00000273b1844ab0 flushing  nmethod 0x000002739e9f1210
Event: 10.329 Thread 0x00000273b1844ab0 flushing  nmethod 0x000002739e9f3190
Event: 10.329 Thread 0x00000273b1844ab0 flushing  nmethod 0x000002739ea38110
Event: 10.329 Thread 0x00000273b1844ab0 flushing  nmethod 0x000002739ea52d10

Events (20 events):
Event: 258.426 Thread 0x00000273fc9620b0 Thread exited: 0x00000273fc9620b0
Event: 318.441 Thread 0x00000273fc964ea0 Thread exited: 0x00000273fc964ea0
Event: 378.449 Thread 0x00000273fc962dd0 Thread exited: 0x00000273fc962dd0
Event: 438.464 Thread 0x00000273fc964180 Thread exited: 0x00000273fc964180
Event: 498.469 Thread 0x00000273fc963af0 Thread exited: 0x00000273fc963af0
Event: 558.474 Thread 0x00000273fc962740 Thread exited: 0x00000273fc962740
Event: 618.476 Thread 0x00000273fc961a20 Thread exited: 0x00000273fc961a20
Event: 655.950 Thread 0x00000273f3b7f3d0 Thread added: 0x00000273fc4f22f0
Event: 655.950 Thread 0x00000273f3b7f3d0 Thread added: 0x00000273fc4f3090
Event: 655.951 Thread 0x00000273f3b7f3d0 Thread added: 0x00000273fc4f1c20
Event: 655.951 Thread 0x00000273f3b7f3d0 Thread added: 0x00000273fc4f29c0
Event: 655.954 Thread 0x00000273fc4f22f0 Thread added: 0x00000273fc4f3760
Event: 656.376 Thread 0x00000273fc4f3760 Thread exited: 0x00000273fc4f3760
Event: 656.376 Thread 0x00000273fc4f1c20 Thread exited: 0x00000273fc4f1c20
Event: 660.143 Thread 0x00000273fc4f29c0 Thread exited: 0x00000273fc4f29c0
Event: 660.143 Thread 0x00000273fc4f3090 Thread exited: 0x00000273fc4f3090
Event: 660.181 Thread 0x00000273fc4f22f0 Thread added: 0x00000273fc4f1550
Event: 661.375 Thread 0x00000273fc4f1550 Thread exited: 0x00000273fc4f1550
Event: 666.385 Thread 0x00000273fc4f22f0 Thread exited: 0x00000273fc4f22f0
Event: 704.282 Thread 0x00000273f3b7f3d0 Thread added: 0x00000273fc4f1c20


Dynamic libraries:
0x00007ff6545e0000 - 0x00007ff6545ee000 	c:\Users\PN-Docente\.vscode\extensions\redhat.java-1.53.0-win32-x64\jre\21.0.10-win32-x86_64\bin\java.exe
0x00007ffd9c700000 - 0x00007ffd9c967000 	C:\Windows\SYSTEM32\ntdll.dll
0x00007ffd9c420000 - 0x00007ffd9c4e9000 	C:\Windows\System32\KERNEL32.DLL
0x00007ffd9c020000 - 0x00007ffd9c411000 	C:\Windows\System32\KERNELBASE.dll
0x000000007ff80000 - 0x000000007ffbe000 	C:\Windows\System32\cyinjct.dll
0x00007ffd9be90000 - 0x00007ffd9beb4000 	C:\Windows\System32\cyvera.dll
0x00007ffd47730000 - 0x00007ffd47748000 	c:\Users\PN-Docente\.vscode\extensions\redhat.java-1.53.0-win32-x64\jre\21.0.10-win32-x86_64\bin\jli.dll
0x0000027398670000 - 0x0000027398835000 	C:\Windows\System32\USER32.dll
0x00007ffd991c0000 - 0x00007ffd991e7000 	C:\Windows\System32\win32u.dll
0x00007ffd9b250000 - 0x00007ffd9b27b000 	C:\Windows\System32\GDI32.dll
0x00007ffd992b0000 - 0x00007ffd993db000 	C:\Windows\System32\gdi32full.dll
0x00007ffd98e50000 - 0x00007ffd98ef3000 	C:\Windows\System32\msvcp_win.dll
0x0000027398840000 - 0x000002739898b000 	C:\Windows\System32\ucrtbase.dll
0x00007ffd476e0000 - 0x00007ffd476fe000 	c:\Users\PN-Docente\.vscode\extensions\redhat.java-1.53.0-win32-x64\jre\21.0.10-win32-x86_64\bin\VCRUNTIME140.dll
0x00007ffd7cab0000 - 0x00007ffd7cd43000 	C:\Windows\WinSxS\amd64_microsoft.windows.common-controls_6595b64144ccf1df_6.0.26100.8037_none_3e092faae333b53b\COMCTL32.dll
0x00007ffd9b3f0000 - 0x00007ffd9b499000 	C:\Windows\System32\msvcrt.dll
0x00007ffd9bdc0000 - 0x00007ffd9be86000 	C:\Windows\System32\cyvrtrap.dll
0x00007ffd9b4a0000 - 0x00007ffd9b4d1000 	C:\Windows\System32\IMM32.DLL
0x00007ffd5bfd0000 - 0x00007ffd5bfdc000 	c:\Users\PN-Docente\.vscode\extensions\redhat.java-1.53.0-win32-x64\jre\21.0.10-win32-x86_64\bin\vcruntime140_1.dll
0x00007ffd07050000 - 0x00007ffd070dd000 	c:\Users\PN-Docente\.vscode\extensions\redhat.java-1.53.0-win32-x64\jre\21.0.10-win32-x86_64\bin\msvcp140.dll
0x00007ffd062a0000 - 0x00007ffd07041000 	c:\Users\PN-Docente\.vscode\extensions\redhat.java-1.53.0-win32-x64\jre\21.0.10-win32-x86_64\bin\server\jvm.dll
0x00007ffd9ba10000 - 0x00007ffd9bacb000 	C:\Windows\System32\ADVAPI32.dll
0x00007ffd9ab60000 - 0x00007ffd9ac07000 	C:\Windows\System32\sechost.dll
0x00007ffd9bf00000 - 0x00007ffd9c018000 	C:\Windows\System32\RPCRT4.dll
0x00007ffd9bb00000 - 0x00007ffd9bb74000 	C:\Windows\System32\WS2_32.dll
0x00007ffd98b00000 - 0x00007ffd98b5e000 	C:\Windows\SYSTEM32\POWRPROF.dll
0x00007ffd8a8c0000 - 0x00007ffd8a8f5000 	C:\Windows\SYSTEM32\WINMM.dll
0x00007ffd92670000 - 0x00007ffd9267b000 	C:\Windows\SYSTEM32\VERSION.dll
0x00007ffd98a20000 - 0x00007ffd98a34000 	C:\Windows\SYSTEM32\UMPDC.dll
0x00007ffd97ba0000 - 0x00007ffd97bbb000 	C:\Windows\SYSTEM32\kernel.appcore.dll
0x00007ffd5ba10000 - 0x00007ffd5ba1a000 	c:\Users\PN-Docente\.vscode\extensions\redhat.java-1.53.0-win32-x64\jre\21.0.10-win32-x86_64\bin\jimage.dll
0x00007ffd81400000 - 0x00007ffd81642000 	C:\Windows\SYSTEM32\DBGHELP.DLL
0x00007ffd9ac10000 - 0x00007ffd9af92000 	C:\Windows\System32\combase.dll
0x00007ffd9b0a0000 - 0x00007ffd9b177000 	C:\Windows\System32\OLEAUT32.dll
0x00007ffd726c0000 - 0x00007ffd726fb000 	C:\Windows\SYSTEM32\dbgcore.DLL
0x00007ffd99560000 - 0x00007ffd99605000 	C:\Windows\System32\bcryptPrimitives.dll
0x00007ffd50c60000 - 0x00007ffd50c6f000 	c:\Users\PN-Docente\.vscode\extensions\redhat.java-1.53.0-win32-x64\jre\21.0.10-win32-x86_64\bin\instrument.dll
0x00007ffd476c0000 - 0x00007ffd476e0000 	c:\Users\PN-Docente\.vscode\extensions\redhat.java-1.53.0-win32-x64\jre\21.0.10-win32-x86_64\bin\java.dll
0x00007ffd9bd70000 - 0x00007ffd9bdba000 	C:\Program Files\Palo Alto Networks\Traps\cyjagent.dll
0x00007ffd476a0000 - 0x00007ffd476b8000 	c:\Users\PN-Docente\.vscode\extensions\redhat.java-1.53.0-win32-x64\jre\21.0.10-win32-x86_64\bin\zip.dll
0x00007ffd9a140000 - 0x00007ffd9a89f000 	C:\Windows\System32\SHELL32.dll
0x00007ffd99050000 - 0x00007ffd991ba000 	C:\Windows\System32\wintypes.dll
0x00007ffd996a0000 - 0x00007ffd99f04000 	C:\Windows\System32\windows.storage.dll
0x00007ffd9afa0000 - 0x00007ffd9b097000 	C:\Windows\System32\SHCORE.dll
0x00007ffd9b380000 - 0x00007ffd9b3e7000 	C:\Windows\System32\shlwapi.dll
0x00007ffd98d70000 - 0x00007ffd98d99000 	C:\Windows\SYSTEM32\profapi.dll
0x00007ffd50b20000 - 0x00007ffd50b30000 	C:\Users\PN-Docente\.vscode\extensions\redhat.java-1.53.0-win32-x64\jre\21.0.10-win32-x86_64\bin\net.dll
0x00007ffd93460000 - 0x00007ffd93587000 	C:\Windows\SYSTEM32\WINHTTP.dll
0x00007ffd980f0000 - 0x00007ffd9815b000 	C:\Windows\system32\mswsock.dll
0x00007ffd06170000 - 0x00007ffd06186000 	C:\Users\PN-Docente\.vscode\extensions\redhat.java-1.53.0-win32-x64\jre\21.0.10-win32-x86_64\bin\nio.dll
0x00007ffd50a90000 - 0x00007ffd50aa0000 	c:\Users\PN-Docente\.vscode\extensions\redhat.java-1.53.0-win32-x64\jre\21.0.10-win32-x86_64\bin\verify.dll
0x00007ffd03c80000 - 0x00007ffd03cc5000 	C:\Users\PN-Docente\AppData\Roaming\Code\User\globalStorage\redhat.java\1.53.0\config_win\org.eclipse.equinox.launcher\org.eclipse.equinox.launcher.win32.win32.x86_64_1.3.0.v20260203-2149\eclipse_11919.dll
0x00007ffd99f10000 - 0x00007ffd9a0a5000 	C:\Windows\System32\ole32.dll
0x00007ffd984f0000 - 0x00007ffd9850b000 	C:\Windows\SYSTEM32\CRYPTSP.dll
0x00007ffd97b00000 - 0x00007ffd97b39000 	C:\Windows\system32\rsaenh.dll
0x00007ffd981a0000 - 0x00007ffd981d2000 	C:\Windows\SYSTEM32\USERENV.dll
0x00007ffd98d40000 - 0x00007ffd98d6a000 	C:\Windows\SYSTEM32\bcrypt.dll
0x00007ffd984d0000 - 0x00007ffd984dc000 	C:\Windows\SYSTEM32\CRYPTBASE.dll
0x00007ffd97330000 - 0x00007ffd97363000 	C:\Windows\SYSTEM32\IPHLPAPI.DLL
0x00007ffd9b9d0000 - 0x00007ffd9b9da000 	C:\Windows\System32\NSI.dll
0x00007ffd03c30000 - 0x00007ffd03c79000 	C:\Users\PN-Docente\AppData\Local\Temp\jna-1159319875\jna8541613196250287596.dll
0x00007ffd9bad0000 - 0x00007ffd9bad8000 	C:\Windows\System32\PSAPI.DLL
0x00007ffd93f90000 - 0x00007ffd93fad000 	C:\Windows\SYSTEM32\dhcpcsvc6.DLL
0x00007ffd93e90000 - 0x00007ffd93eb3000 	C:\Windows\SYSTEM32\dhcpcsvc.DLL
0x00007ffd48020000 - 0x00007ffd4802e000 	C:\Users\PN-Docente\.vscode\extensions\redhat.java-1.53.0-win32-x64\jre\21.0.10-win32-x86_64\bin\sunmscapi.dll
0x00007ffd993e0000 - 0x00007ffd99557000 	C:\Windows\System32\CRYPT32.dll
0x00007ffd98650000 - 0x00007ffd98680000 	C:\Windows\SYSTEM32\ncrypt.dll
0x00007ffd98600000 - 0x00007ffd9863f000 	C:\Windows\SYSTEM32\NTASN1.dll
0x00007ffd97370000 - 0x00007ffd9749a000 	C:\Windows\SYSTEM32\DNSAPI.dll
0x00007ffd7edb0000 - 0x00007ffd7edbb000 	C:\Windows\System32\rasadhlp.dll
0x00007ffd94020000 - 0x00007ffd940a6000 	C:\Windows\System32\fwpuclnt.dll
0x00007ffd39460000 - 0x00007ffd39469000 	C:\Users\PN-Docente\.vscode\extensions\redhat.java-1.53.0-win32-x64\jre\21.0.10-win32-x86_64\bin\extnet.dll

JVMTI agents:
c:\Users\PN-Docente\.vscode\extensions\redhat.java-1.53.0-win32-x64\lombok\lombok-1.18.39-4050.jar path:c:\Users\PN-Docente\.vscode\extensions\redhat.java-1.53.0-win32-x64\jre\21.0.10-win32-x86_64\bin\instrument.dll, loaded, initialized, instrumentlib options:none
C:\Program Files\Palo Alto Networks\Traps\cyjagent.dll path:C:\Program Files\Palo Alto Networks\Traps\cyjagent.dll, loaded, initialized, options:none

dbghelp: loaded successfully - version: 4.0.5 - missing functions: none
symbol engine: initialized successfully - sym options: 0x614 - pdb path: .;c:\Users\PN-Docente\.vscode\extensions\redhat.java-1.53.0-win32-x64\jre\21.0.10-win32-x86_64\bin;C:\Windows\SYSTEM32;C:\Windows\WinSxS\amd64_microsoft.windows.common-controls_6595b64144ccf1df_6.0.26100.8037_none_3e092faae333b53b;c:\Users\PN-Docente\.vscode\extensions\redhat.java-1.53.0-win32-x64\jre\21.0.10-win32-x86_64\bin\server;C:\Program Files\Palo Alto Networks\Traps;C:\Users\PN-Docente\AppData\Roaming\Code\User\globalStorage\redhat.java\1.53.0\config_win\org.eclipse.equinox.launcher\org.eclipse.equinox.launcher.win32.win32.x86_64_1.3.0.v20260203-2149;C:\Users\PN-Docente\AppData\Local\Temp\jna-1159319875

VM Arguments:
jvm_args: --add-modules=ALL-SYSTEM --add-opens=java.base/java.util=ALL-UNNAMED --add-opens=java.base/java.lang=ALL-UNNAMED --add-opens=java.base/sun.nio.fs=ALL-UNNAMED -Declipse.application=org.eclipse.jdt.ls.core.id1 -Dosgi.bundles.defaultStartLevel=4 -Declipse.product=org.eclipse.jdt.ls.core.product -Djava.import.generatesMetadataFilesAtProjectRoot=false -DDetectVMInstallationsJob.disabled=true -Dfile.encoding=utf8 -XX:+UseParallelGC -XX:GCTimeRatio=4 -XX:AdaptiveSizePolicyWeight=90 -Dsun.zip.disableMemoryMapping=true -Xmx2G -Xms100m -Xlog:disable -javaagent:c:\Users\PN-Docente\.vscode\extensions\redhat.java-1.53.0-win32-x64\lombok\lombok-1.18.39-4050.jar -XX:+HeapDumpOnOutOfMemoryError -XX:HeapDumpPath=c:\Users\PN-Docente\AppData\Roaming\Code\User\workspaceStorage\151ac3ea226ae3aeb819f1ed2d8c3d3a\redhat.java -Daether.dependencyCollector.impl=bf -agentpath:C:\Program Files\Palo Alto Networks\Traps\cyjagent.dll 
java_command: c:\Users\PN-Docente\.vscode\extensions\redhat.java-1.53.0-win32-x64\server\plugins\org.eclipse.equinox.launcher_1.7.100.v20251111-0406.jar -configuration c:\Users\PN-Docente\AppData\Roaming\Code\User\globalStorage\redhat.java\1.53.0\config_win -data c:\Users\PN-Docente\AppData\Roaming\Code\User\workspaceStorage\151ac3ea226ae3aeb819f1ed2d8c3d3a\redhat.java\jdt_ws --pipe=\\.\pipe\lsp-5b2eaa2513e28a3d821574da7b7f1469-sock
java_class_path (initial): c:\Users\PN-Docente\.vscode\extensions\redhat.java-1.53.0-win32-x64\server\plugins\org.eclipse.equinox.launcher_1.7.100.v20251111-0406.jar
Launcher Type: SUN_STANDARD

[Global flags]
    uintx AdaptiveSizePolicyWeight                 = 90                                        {product} {command line}
     intx CICompilerCount                          = 12                                        {product} {ergonomic}
    uintx GCTimeRatio                              = 4                                         {product} {command line}
     bool HeapDumpOnOutOfMemoryError               = true                                   {manageable} {command line}
    ccstr HeapDumpPath                             = c:\Users\PN-Docente\AppData\Roaming\Code\User\workspaceStorage\151ac3ea226ae3aeb819f1ed2d8c3d3a\redhat.java         {manageable} {command line}
   size_t InitialHeapSize                          = 104857600                                 {product} {command line}
   size_t MaxHeapSize                              = 2147483648                                {product} {command line}
   size_t MaxNewSize                               = 715653120                                 {product} {ergonomic}
   size_t MinHeapDeltaBytes                        = 524288                                    {product} {ergonomic}
   size_t MinHeapSize                              = 104857600                                 {product} {command line}
   size_t NewSize                                  = 34603008                                  {product} {ergonomic}
    uintx NonNMethodCodeHeapSize                   = 7602480                                {pd product} {ergonomic}
    uintx NonProfiledCodeHeapSize                  = 122027880                              {pd product} {ergonomic}
   size_t OldSize                                  = 70254592                                  {product} {ergonomic}
    uintx ProfiledCodeHeapSize                     = 122027880                              {pd product} {ergonomic}
    uintx ReservedCodeCacheSize                    = 251658240                              {pd product} {ergonomic}
     bool SegmentedCodeCache                       = true                                      {product} {ergonomic}
   size_t SoftMaxHeapSize                          = 2147483648                             {manageable} {ergonomic}
     bool UseCompressedOops                        = true                           {product lp64_product} {ergonomic}
     bool UseLargePagesIndividualAllocation        = false                                  {pd product} {ergonomic}
     bool UseParallelGC                            = true                                      {product} {command line}

Logging:
Log output configuration:
 #0: stdout all=off uptime,level,tags foldmultilines=false
 #1: stderr all=off uptime,level,tags foldmultilines=false

Release file:
JAVA_VERSION="21.0.10" 
MODULES="java.base java.compiler java.datatransfer java.xml java.prefs java.desktop java.instrument java.logging java.management java.security.sasl java.naming java.rmi java.management.rmi java.net.http java.scripting java.security.jgss java.transaction.xa java.sql java.sql.rowset java.xml.crypto java.se java.smartcardio jdk.accessibility jdk.internal.jvmstat jdk.attach jdk.charsets jdk.internal.opt jdk.zipfs jdk.compiler jdk.crypto.ec jdk.crypto.cryptoki jdk.crypto.mscapi jdk.dynalink jdk.internal.ed jdk.editpad jdk.hotspot.agent jdk.httpserver jdk.internal.le jdk.internal.vm.ci jdk.internal.vm.compiler jdk.internal.vm.compiler.management jdk.jartool jdk.javadoc jdk.jcmd jdk.management jdk.management.agent jdk.jconsole jdk.jdeps jdk.jdwp.agent jdk.jdi jdk.jfr jdk.jshell jdk.jsobject jdk.jstatd jdk.localedata jdk.management.jfr jdk.naming.dns jdk.naming.rmi jdk.net jdk.nio.mapmode jdk.random jdk.sctp jdk.security.auth jdk.security.jgss jdk.unsupported jdk.unsupported.desktop jdk.xml.dom" 

Environment Variables:
PATH=C:\oracle\dbhomeXE\bin;C:\Program Files\Common Files\Oracle\Java\javapath;C:\Windows\system32;C:\Windows;C:\Windows\System32\Wbem;C:\Windows\System32\WindowsPowerShell\v1.0\;C:\Windows\System32\OpenSSH\;C:\Program Files\Git\cmd;C:\Program Files\Docker\Docker\resources\bin;C:\Program Files\nodejs\;C:\Program Files\Microsoft SQL Server\Client SDK\ODBC\170\Tools\Binn\;C:\Program Files (x86)\Microsoft SQL Server\150\Tools\Binn\;C:\Program Files\Microsoft SQL Server\150\Tools\Binn\;C:\Program Files\Microsoft SQL Server\150\DTS\Binn\;C:\Program Files (x86)\Microsoft SQL Server\150\DTS\Binn\;C:\Program Files\Azure Data Studio\bin;C:\Program Files\Microsoft SQL Server\130\Tools\Binn\;C:\Program Files (x86)\Microsoft SQL Server\110\DTS\Binn\;C:\Program Files (x86)\Microsoft SQL Server\120\DTS\Binn\;C:\Program Files (x86)\Microsoft SQL Server\130\DTS\Binn\;C:\Program Files (x86)\Microsoft SQL Server\140\DTS\Binn\;C:\Program Files (x86)\Microsoft SQL Server\160\DTS\Binn\;C:\Program Files\PuTTY\;C:\Program Files (x86)\Gpg4win\..\GnuPG\bin;C:\Program Files\Amazon\AWSCLI\bin\;C:\Program Files\dotnet\;C:\Program Files (x86)\dotnet\;C:\Users\PN-Docente\AppData\Local\Programs\Python\Python313\Scripts\;C:\Users\PN-Docente\AppData\Local\Programs\Python\Python313\;C:\Users\PN-Docente\AppData\Local\Microsoft\WindowsApps;C:\Users\PN-Docente\AppData\Local\Programs\Microsoft VS Code\bin;C:\Program Files\MongoDB\Server\8.0\bin;C:\Program Files\mongosh\;C:\Users\PN-Docente\AppData\Roaming\npm;C:\Program Files (x86)\Nmap;C:\Program Files\Azure Data Studio\bin
USERNAME=pn-docente
OS=Windows_NT
PROCESSOR_IDENTIFIER=AMD64 Family 25 Model 80 Stepping 0, AuthenticAMD
TMP=C:\Users\PN-DOC~1\AppData\Local\Temp
TEMP=C:\Users\PN-DOC~1\AppData\Local\Temp




Periodic native trim disabled

---------------  S Y S T E M  ---------------

OS:
 Windows 11 , 64 bit Build 26100 (10.0.26100.7920)
OS uptime: 0 days 0:12 hours
Hyper-V role detected

CPU: total 16 (initial active 16) (16 cores per cpu, 2 threads per core) family 25 model 80 stepping 0 microcode 0xa500014, cx8, cmov, fxsr, ht, mmx, 3dnowpref, sse, sse2, sse3, ssse3, sse4a, sse4.1, sse4.2, popcnt, lzcnt, tsc, tscinvbit, avx, avx2, aes, erms, clmul, bmi1, bmi2, adx, sha, fma, vzeroupper, clflush, clflushopt, hv, rdtscp, rdpid, fsrm, f16c, cet_ss
Processor Information for the first 16 processors :
  Max Mhz: 3801, Current Mhz: 3801, Mhz Limit: 3801

Memory: 4k page, system-wide physical 15723M (3212M free)
TotalPageFile size 15723M (AvailPageFile size 3M)
current process WorkingSet (physical memory assigned to process): 336M, peak: 431M
current process commit charge ("private bytes"): 418M, peak: 514M

vm_info: OpenJDK 64-Bit Server VM (21.0.10+7-LTS) for windows-amd64 JRE (21.0.10+7-LTS), built on 2026-01-20T00:00:00Z by "admin" with MS VC++ 17.12 (VS2022)

END.
