#
# There is insufficient memory for the Java Runtime Environment to continue.
# Native memory allocation (malloc) failed to allocate 237792 bytes. Error detail: Chunk::new
# Possible reasons:
#   The system is out of physical RAM or swap space
#   This process is running with CompressedOops enabled, and the Java Heap may be blocking the growth of the native heap
# Possible solutions:
#   Reduce memory load on the system
#   Increase physical memory or swap space
#   Check if swap backing store is full
#   Decrease Java heap size (-Xmx/-Xms)
#   Decrease number of Java threads
#   Decrease Java thread stack sizes (-Xss)
#   Set larger code cache with -XX:ReservedCodeCacheSize=
#   JVM is running with Unscaled Compressed Oops mode in which the Java heap is
#     placed in the first 4GB address space. The Java Heap base address is the
#     maximum limit for the native heap growth. Please use -XX:HeapBaseMinAddress
#     to set the Java Heap base and to place the Java Heap above 4GB virtual address.
# This output file may be truncated or incomplete.
#
#  Out of Memory Error (arena.cpp:168), pid=14240, tid=3140
#
# JRE version: OpenJDK Runtime Environment Temurin-21.0.10+7 (21.0.10+7) (build 21.0.10+7-LTS)
# Java VM: OpenJDK 64-Bit Server VM Temurin-21.0.10+7 (21.0.10+7-LTS, mixed mode, sharing, tiered, compressed oops, compressed class ptrs, parallel gc, windows-amd64)
# No core dump will be written. Minidumps are not enabled by default on client versions of Windows
#

---------------  S U M M A R Y ------------

Command Line: --add-modules=ALL-SYSTEM --add-opens=java.base/java.util=ALL-UNNAMED --add-opens=java.base/java.lang=ALL-UNNAMED --add-opens=java.base/sun.nio.fs=ALL-UNNAMED -Declipse.application=org.eclipse.jdt.ls.core.id1 -Dosgi.bundles.defaultStartLevel=4 -Declipse.product=org.eclipse.jdt.ls.core.product -Djava.import.generatesMetadataFilesAtProjectRoot=false -DDetectVMInstallationsJob.disabled=true -Dfile.encoding=utf8 -XX:+UseParallelGC -XX:GCTimeRatio=4 -XX:AdaptiveSizePolicyWeight=90 -Dsun.zip.disableMemoryMapping=true -Xmx2G -Xms100m -Xlog:disable -javaagent:c:\Users\PN-Docente\.vscode\extensions\redhat.java-1.53.0-win32-x64\lombok\lombok-1.18.39-4050.jar -XX:+HeapDumpOnOutOfMemoryError -XX:HeapDumpPath=c:\Users\PN-Docente\AppData\Roaming\Code\User\workspaceStorage\151ac3ea226ae3aeb819f1ed2d8c3d3a\redhat.java -Daether.dependencyCollector.impl=bf -agentpath:C:\Program Files\Palo Alto Networks\Traps\cyjagent.dll c:\Users\PN-Docente\.vscode\extensions\redhat.java-1.53.0-win32-x64\server\plugins\org.eclipse.equinox.launcher_1.7.100.v20251111-0406.jar -configuration c:\Users\PN-Docente\AppData\Roaming\Code\User\globalStorage\redhat.java\1.53.0\config_win -data c:\Users\PN-Docente\AppData\Roaming\Code\User\workspaceStorage\151ac3ea226ae3aeb819f1ed2d8c3d3a\redhat.java\jdt_ws --pipe=\\.\pipe\lsp-daef7813f0416126414534829515d54a-sock

Host: AMD Ryzen 7 PRO 5750G with Radeon Graphics     , 16 cores, 15G,  Windows 11 , 64 bit Build 26100 (10.0.26100.7920)
Time: Tue Mar 24 14:27:28 2026 Hora verano Sudamérica Pacífico elapsed time: 101.632495 seconds (0d 0h 1m 41s)

---------------  T H R E A D  ---------------

Current thread (0x0000022405b77a30):  JavaThread "C2 CompilerThread0" daemon [_thread_in_native, id=3140, stack(0x000000bf11b00000,0x000000bf11c00000) (1024K)]


Current CompileTask:
C2:101633 12223       4       org.eclipse.core.runtime.Path::toOSString (224 bytes)

Stack: [0x000000bf11b00000,0x000000bf11c00000]
Native frames: (J=compiled Java code, j=interpreted, Vv=VM code, C=native code)
V  [jvm.dll+0x6d7a39]
V  [jvm.dll+0x8b4b26]
V  [jvm.dll+0x8b70de]
V  [jvm.dll+0x8b77c3]
V  [jvm.dll+0x284346]
V  [jvm.dll+0xc66ed]
V  [jvm.dll+0xc6c31]
V  [jvm.dll+0x3bec3b]
V  [jvm.dll+0x38b162]
V  [jvm.dll+0x38a5aa]
V  [jvm.dll+0x24c560]
V  [jvm.dll+0x24bb40]
V  [jvm.dll+0x1cb34e]
V  [jvm.dll+0x25b85d]
V  [jvm.dll+0x259dea]
V  [jvm.dll+0x3f857e]
V  [jvm.dll+0x85f59d]
V  [jvm.dll+0x6d626d]
C  [ucrtbase.dll+0x37b0]
C  [cyinjct.dll+0x11e7]
C  [KERNEL32.DLL+0x2e8d7]
C  [ntdll.dll+0x8c48c]


---------------  P R O C E S S  ---------------

Threads class SMR info:
_java_thread_list=0x0000022413053de0, length=64, elements={
0x00000223acd268b0, 0x00000223c379d520, 0x00000223c37a0280, 0x00000223c37a7320,
0x00000223c37a8260, 0x0000022405b606d0, 0x0000022405b64830, 0x0000022405b77a30,
0x0000022405b79b70, 0x0000022405e1c590, 0x0000022407628cc0, 0x000002240c2c8fe0,
0x000002240c541e60, 0x000002240c351bf0, 0x000002240c3a5790, 0x000002240c69af50,
0x000002240c6607e0, 0x000002240c906d60, 0x000002240c870c00, 0x000002240c871920,
0x000002240c871fb0, 0x000002240c872640, 0x000002240cd81de0, 0x000002240cd81750,
0x000002240cd7e960, 0x000002240cd810c0, 0x000002240cd80a30, 0x000002240cd82470,
0x000002240cd7eff0, 0x000002240cd82b00, 0x000002240cd7f680, 0x000002240cd83190,
0x000002240cd7fd10, 0x000002240cd83820, 0x000002240cd803a0, 0x000002240cd84bd0,
0x000002240cd858f0, 0x000002240cd84540, 0x000002240cd83eb0, 0x000002240cd85f80,
0x0000022410dd2b70, 0x0000022410dd3f20, 0x0000022410dd45b0, 0x0000022410dd3200,
0x0000022410dd4c40, 0x0000022410dd3890, 0x0000022410dd52d0, 0x0000022410dd1e50,
0x0000022410dd24e0, 0x0000022410dd8750, 0x0000022410dd8de0, 0x0000022410dd5960,
0x0000022410dd80c0, 0x0000022410dd5ff0, 0x0000022410dd73a0, 0x0000022410dd6680,
0x0000022410832ed0, 0x0000022410830e00, 0x0000022410836350, 0x0000022410835630,
0x0000022410834910, 0x0000022410834fa0, 0x0000022410837070, 0x0000022412d590a0
}

Java Threads: ( => current thread )
  0x00000223acd268b0 JavaThread "main"                              [_thread_blocked, id=5388, stack(0x000000bf11100000,0x000000bf11200000) (1024K)]
  0x00000223c379d520 JavaThread "Reference Handler"          daemon [_thread_blocked, id=5148, stack(0x000000bf11500000,0x000000bf11600000) (1024K)]
  0x00000223c37a0280 JavaThread "Finalizer"                  daemon [_thread_blocked, id=23620, stack(0x000000bf11600000,0x000000bf11700000) (1024K)]
  0x00000223c37a7320 JavaThread "Signal Dispatcher"          daemon [_thread_blocked, id=17988, stack(0x000000bf11700000,0x000000bf11800000) (1024K)]
  0x00000223c37a8260 JavaThread "Attach Listener"            daemon [_thread_blocked, id=22280, stack(0x000000bf11800000,0x000000bf11900000) (1024K)]
  0x0000022405b606d0 JavaThread "Service Thread"             daemon [_thread_blocked, id=20896, stack(0x000000bf11900000,0x000000bf11a00000) (1024K)]
  0x0000022405b64830 JavaThread "Monitor Deflation Thread"   daemon [_thread_blocked, id=18032, stack(0x000000bf11a00000,0x000000bf11b00000) (1024K)]
=>0x0000022405b77a30 JavaThread "C2 CompilerThread0"         daemon [_thread_in_native, id=3140, stack(0x000000bf11b00000,0x000000bf11c00000) (1024K)]
  0x0000022405b79b70 JavaThread "C1 CompilerThread0"         daemon [_thread_blocked, id=24172, stack(0x000000bf11c00000,0x000000bf11d00000) (1024K)]
  0x0000022405e1c590 JavaThread "Common-Cleaner"             daemon [_thread_blocked, id=23648, stack(0x000000bf12100000,0x000000bf12200000) (1024K)]
  0x0000022407628cc0 JavaThread "Notification Thread"        daemon [_thread_blocked, id=24212, stack(0x000000bf12300000,0x000000bf12400000) (1024K)]
  0x000002240c2c8fe0 JavaThread "Active Thread: Equinox Container: 1c0ba82b-9216-43d3-8455-bb9fbf789bb7"        [_thread_blocked, id=15796, stack(0x000000bf12c00000,0x000000bf12d00000) (1024K)]
  0x000002240c541e60 JavaThread "Refresh Thread: Equinox Container: 1c0ba82b-9216-43d3-8455-bb9fbf789bb7" daemon [_thread_blocked, id=12416, stack(0x000000bf12e00000,0x000000bf12f00000) (1024K)]
  0x000002240c351bf0 JavaThread "Framework Event Dispatcher: Equinox Container: 1c0ba82b-9216-43d3-8455-bb9fbf789bb7" daemon [_thread_blocked, id=16720, stack(0x000000bf12f00000,0x000000bf13000000) (1024K)]
  0x000002240c3a5790 JavaThread "Start Level: Equinox Container: 1c0ba82b-9216-43d3-8455-bb9fbf789bb7" daemon [_thread_blocked, id=11100, stack(0x000000bf13000000,0x000000bf13100000) (1024K)]
  0x000002240c69af50 JavaThread "Bundle File Closer"         daemon [_thread_blocked, id=23572, stack(0x000000bf13400000,0x000000bf13500000) (1024K)]
  0x000002240c6607e0 JavaThread "SCR Component Actor"        daemon [_thread_blocked, id=5780, stack(0x000000bf13600000,0x000000bf13700000) (1024K)]
  0x000002240c906d60 JavaThread "Worker-JM"                         [_thread_blocked, id=12348, stack(0x000000bf13700000,0x000000bf13800000) (1024K)]
  0x000002240c870c00 JavaThread "JNA Cleaner"                daemon [_thread_blocked, id=8972, stack(0x000000bf13800000,0x000000bf13900000) (1024K)]
  0x000002240c871920 JavaThread "Worker-0"                          [_thread_blocked, id=16876, stack(0x000000bf13900000,0x000000bf13a00000) (1024K)]
  0x000002240c871fb0 JavaThread "Worker-1"                          [_thread_blocked, id=11540, stack(0x000000bf13a00000,0x000000bf13b00000) (1024K)]
  0x000002240c872640 JavaThread "Java indexing"              daemon [_thread_blocked, id=18540, stack(0x000000bf12400000,0x000000bf12500000) (1024K)]
  0x000002240cd81de0 JavaThread "Thread-1"                   daemon [_thread_in_native, id=22696, stack(0x000000bf14000000,0x000000bf14100000) (1024K)]
  0x000002240cd81750 JavaThread "Thread-2"                   daemon [_thread_in_native, id=5868, stack(0x000000bf14100000,0x000000bf14200000) (1024K)]
  0x000002240cd7e960 JavaThread "Thread-3"                   daemon [_thread_in_native, id=9852, stack(0x000000bf14200000,0x000000bf14300000) (1024K)]
  0x000002240cd810c0 JavaThread "Thread-4"                   daemon [_thread_in_native, id=18036, stack(0x000000bf14300000,0x000000bf14400000) (1024K)]
  0x000002240cd80a30 JavaThread "Thread-5"                   daemon [_thread_in_native, id=7776, stack(0x000000bf14400000,0x000000bf14500000) (1024K)]
  0x000002240cd82470 JavaThread "Thread-6"                   daemon [_thread_in_native, id=3792, stack(0x000000bf14500000,0x000000bf14600000) (1024K)]
  0x000002240cd7eff0 JavaThread "Thread-7"                   daemon [_thread_in_native, id=16076, stack(0x000000bf14600000,0x000000bf14700000) (1024K)]
  0x000002240cd82b00 JavaThread "Thread-8"                   daemon [_thread_in_native, id=7856, stack(0x000000bf14700000,0x000000bf14800000) (1024K)]
  0x000002240cd7f680 JavaThread "Thread-9"                   daemon [_thread_in_native, id=20348, stack(0x000000bf14800000,0x000000bf14900000) (1024K)]
  0x000002240cd83190 JavaThread "Thread-10"                  daemon [_thread_in_native, id=16204, stack(0x000000bf14900000,0x000000bf14a00000) (1024K)]
  0x000002240cd7fd10 JavaThread "Thread-11"                  daemon [_thread_in_native, id=20860, stack(0x000000bf14a00000,0x000000bf14b00000) (1024K)]
  0x000002240cd83820 JavaThread "Thread-12"                  daemon [_thread_in_native, id=20960, stack(0x000000bf14b00000,0x000000bf14c00000) (1024K)]
  0x000002240cd803a0 JavaThread "Thread-13"                  daemon [_thread_in_native, id=15240, stack(0x000000bf14c00000,0x000000bf14d00000) (1024K)]
  0x000002240cd84bd0 JavaThread "Thread-14"                  daemon [_thread_in_native, id=3668, stack(0x000000bf14d00000,0x000000bf14e00000) (1024K)]
  0x000002240cd858f0 JavaThread "Thread-15"                  daemon [_thread_in_native, id=18644, stack(0x000000bf14e00000,0x000000bf14f00000) (1024K)]
  0x000002240cd84540 JavaThread "Thread-16"                  daemon [_thread_in_native, id=12200, stack(0x000000bf14f00000,0x000000bf15000000) (1024K)]
  0x000002240cd83eb0 JavaThread "Thread-17"                  daemon [_thread_in_native, id=22504, stack(0x000000bf15000000,0x000000bf15100000) (1024K)]
  0x000002240cd85f80 JavaThread "pool-2-thread-1"                   [_thread_blocked, id=18052, stack(0x000000bf15500000,0x000000bf15600000) (1024K)]
  0x0000022410dd2b70 JavaThread "ForkJoinPool.commonPool-worker-1" daemon [_thread_blocked, id=16424, stack(0x000000bf15600000,0x000000bf15700000) (1024K)]
  0x0000022410dd3f20 JavaThread "ForkJoinPool.commonPool-worker-2" daemon [_thread_blocked, id=18064, stack(0x000000bf15700000,0x000000bf15800000) (1024K)]
  0x0000022410dd45b0 JavaThread "ForkJoinPool.commonPool-worker-3" daemon [_thread_blocked, id=7044, stack(0x000000bf15800000,0x000000bf15900000) (1024K)]
  0x0000022410dd3200 JavaThread "ForkJoinPool.commonPool-worker-4" daemon [_thread_blocked, id=7004, stack(0x000000bf15900000,0x000000bf15a00000) (1024K)]
  0x0000022410dd4c40 JavaThread "ForkJoinPool.commonPool-worker-5" daemon [_thread_blocked, id=17848, stack(0x000000bf15a00000,0x000000bf15b00000) (1024K)]
  0x0000022410dd3890 JavaThread "ForkJoinPool.commonPool-worker-7" daemon [_thread_blocked, id=15804, stack(0x000000bf15c00000,0x000000bf15d00000) (1024K)]
  0x0000022410dd52d0 JavaThread "ForkJoinPool.commonPool-worker-8" daemon [_thread_blocked, id=6344, stack(0x000000bf15d00000,0x000000bf15e00000) (1024K)]
  0x0000022410dd1e50 JavaThread "ForkJoinPool.commonPool-worker-10" daemon [_thread_blocked, id=12364, stack(0x000000bf15e00000,0x000000bf15f00000) (1024K)]
  0x0000022410dd24e0 JavaThread "ForkJoinPool.commonPool-worker-9" daemon [_thread_blocked, id=1104, stack(0x000000bf15f00000,0x000000bf16000000) (1024K)]
  0x0000022410dd8750 JavaThread "ForkJoinPool.commonPool-worker-11" daemon [_thread_blocked, id=5864, stack(0x000000bf16000000,0x000000bf16100000) (1024K)]
  0x0000022410dd8de0 JavaThread "ForkJoinPool.commonPool-worker-12" daemon [_thread_blocked, id=10532, stack(0x000000bf16100000,0x000000bf16200000) (1024K)]
  0x0000022410dd5960 JavaThread "ForkJoinPool.commonPool-worker-13" daemon [_thread_blocked, id=19204, stack(0x000000bf16200000,0x000000bf16300000) (1024K)]
  0x0000022410dd80c0 JavaThread "ForkJoinPool.commonPool-worker-14" daemon [_thread_blocked, id=23636, stack(0x000000bf16300000,0x000000bf16400000) (1024K)]
  0x0000022410dd5ff0 JavaThread "ForkJoinPool.commonPool-worker-15" daemon [_thread_blocked, id=13648, stack(0x000000bf16400000,0x000000bf16500000) (1024K)]
  0x0000022410dd73a0 JavaThread "WorkspaceEventsHandler"            [_thread_blocked, id=9128, stack(0x000000bf16500000,0x000000bf16600000) (1024K)]
  0x0000022410dd6680 JavaThread "pool-1-thread-1"                   [_thread_blocked, id=22228, stack(0x000000bf16600000,0x000000bf16700000) (1024K)]
  0x0000022410832ed0 JavaThread "Cleaner-0"                  daemon [_thread_blocked, id=5760, stack(0x000000bf16800000,0x000000bf16900000) (1024K)]
  0x0000022410830e00 JavaThread "Java Debug Server"          daemon [_thread_in_native, id=15356, stack(0x000000bf11d00000,0x000000bf11e00000) (1024K)]
  0x0000022410836350 JavaThread "pool-5-thread-1"                   [_thread_in_native, id=14888, stack(0x000000bf11e00000,0x000000bf11f00000) (1024K)]
  0x0000022410835630 JavaThread "RxSchedulerPurge-1"         daemon [_thread_blocked, id=18336, stack(0x000000bf11f00000,0x000000bf12000000) (1024K)]
  0x0000022410834910 JavaThread "RxCachedWorkerPoolEvictor-1" daemon [_thread_blocked, id=20376, stack(0x000000bf12200000,0x000000bf12300000) (1024K)]
  0x0000022410834fa0 JavaThread "RxNewThreadScheduler-1"     daemon [_thread_blocked, id=21692, stack(0x000000bf16a00000,0x000000bf16b00000) (1024K)]
  0x0000022410837070 JavaThread "process reaper (pid 7944)"  daemon [_thread_in_native, id=7592, stack(0x000000bf10d40000,0x000000bf10d60000) (128K)]
  0x0000022412d590a0 JavaThread "C1 CompilerThread1"         daemon [_thread_blocked, id=18596, stack(0x000000bf12000000,0x000000bf12100000) (1024K)]
Total: 64

Other Threads:
  0x0000022405b55460 VMThread "VM Thread"                           [id=24100, stack(0x000000bf11400000,0x000000bf11500000) (1024K)]
  0x00000223c368bf20 WatcherThread "VM Periodic Task Thread"        [id=15424, stack(0x000000bf11300000,0x000000bf11400000) (1024K)]
  0x00000223acd47040 WorkerThread "GC Thread#0"                     [id=20120, stack(0x000000bf11200000,0x000000bf11300000) (1024K)]
  0x0000022407dc6950 WorkerThread "GC Thread#1"                     [id=2080, stack(0x000000bf12500000,0x000000bf12600000) (1024K)]
  0x0000022407dc65a0 WorkerThread "GC Thread#2"                     [id=11504, stack(0x000000bf12600000,0x000000bf12700000) (1024K)]
  0x0000022407dc5a90 WorkerThread "GC Thread#3"                     [id=8528, stack(0x000000bf12700000,0x000000bf12800000) (1024K)]
  0x0000022407dc5e40 WorkerThread "GC Thread#4"                     [id=12380, stack(0x000000bf12800000,0x000000bf12900000) (1024K)]
  0x0000022407dc4f80 WorkerThread "GC Thread#5"                     [id=12244, stack(0x000000bf12900000,0x000000bf12a00000) (1024K)]
  0x0000022407dc5330 WorkerThread "GC Thread#6"                     [id=15816, stack(0x000000bf12a00000,0x000000bf12b00000) (1024K)]
  0x0000022407dc56e0 WorkerThread "GC Thread#7"                     [id=16312, stack(0x000000bf12d00000,0x000000bf12e00000) (1024K)]
  0x000002240c4f1ac0 WorkerThread "GC Thread#8"                     [id=20560, stack(0x000000bf13100000,0x000000bf13200000) (1024K)]
  0x000002240c4f25d0 WorkerThread "GC Thread#9"                     [id=15936, stack(0x000000bf13200000,0x000000bf13300000) (1024K)]
  0x000002240c4f1360 WorkerThread "GC Thread#10"                    [id=21588, stack(0x000000bf13300000,0x000000bf13400000) (1024K)]
  0x000002240c4f1e70 WorkerThread "GC Thread#11"                    [id=11512, stack(0x000000bf13500000,0x000000bf13600000) (1024K)]
  0x000002240c4eead0 WorkerThread "GC Thread#12"                    [id=20916, stack(0x000000bf12b00000,0x000000bf12c00000) (1024K)]
Total: 15

Threads with active compile tasks:
C2 CompilerThread0  101732 12223       4       org.eclipse.core.runtime.Path::toOSString (224 bytes)
Total: 1

VM state: not at safepoint (normal execution)

VM Mutex/Monitor currently owned by a thread: None

Heap address: 0x0000000080000000, size: 2048 MB, Compressed Oops mode: 32-bit

CDS archive(s) mapped at: [0x00000223c4000000-0x00000223c4ba0000-0x00000223c4ba0000), size 12189696, SharedBaseAddress: 0x00000223c4000000, ArchiveRelocationMode: 1.
Compressed class space mapped at: 0x00000223c5000000-0x0000022405000000, reserved size: 1073741824
Narrow klass base: 0x00000223c4000000, Narrow klass shift: 0, Narrow klass range: 0x100000000

GC Precious Log:
 CardTable entry size: 512
 CPUs: 16 total, 16 available
 Memory: 15723M
 Large Page Support: Disabled
 NUMA Support: Disabled
 Compressed Oops: Enabled (32-bit)
 Alignments: Space 512K, Generation 512K, Heap 2M
 Heap Min Capacity: 100M
 Heap Initial Capacity: 100M
 Heap Max Capacity: 2G
 Pre-touch: Disabled
 Parallel Workers: 13

Heap:
 PSYoungGen      total 10752K, used 4630K [0x00000000d5580000, 0x00000000d6200000, 0x0000000100000000)
  eden space 9728K, 37% used [0x00000000d5580000,0x00000000d590da30,0x00000000d5f00000)
  from space 1024K, 96% used [0x00000000d6000000,0x00000000d60f8020,0x00000000d6100000)
  to   space 1024K, 0% used [0x00000000d6100000,0x00000000d6100000,0x00000000d6200000)
 ParOldGen       total 105984K, used 105849K [0x0000000080000000, 0x0000000086780000, 0x00000000d5580000)
  object space 105984K, 99% used [0x0000000080000000,0x000000008675e7b0,0x0000000086780000)
 Metaspace       used 72765K, committed 74432K, reserved 1179648K
  class space    used 7748K, committed 8448K, reserved 1048576K

Card table byte_map: [0x00000223ac7e0000,0x00000223acbf0000] _byte_map_base: 0x00000223ac3e0000

Marking Bits: (ParMarkBitMap*) 0x00007ffb71023450
 Begin Bits: [0x00000223bf1b0000, 0x00000223c11b0000)
 End Bits:   [0x00000223c11b0000, 0x00000223c31b0000)

Polling page: 0x00000223aaae0000

Metaspace:

Usage:
  Non-class:     63.49 MB used.
      Class:      7.57 MB used.
       Both:     71.06 MB used.

Virtual space:
  Non-class space:      128.00 MB reserved,      64.44 MB ( 50%) committed,  2 nodes.
      Class space:        1.00 GB reserved,       8.25 MB ( <1%) committed,  1 nodes.
             Both:        1.12 GB reserved,      72.69 MB (  6%) committed. 

Chunk freelists:
   Non-Class:  15.17 MB
       Class:  7.64 MB
        Both:  22.82 MB

MaxMetaspaceSize: unlimited
CompressedClassSpaceSize: 1.00 GB
Initial GC threshold: 21.00 MB
Current GC threshold: 97.31 MB
CDS: on
 - commit_granule_bytes: 65536.
 - commit_granule_words: 8192.
 - virtual_space_node_default_size: 8388608.
 - enlarge_chunks_in_place: 1.
 - use_allocation_guard: 0.


Internal statistics:

num_allocs_failed_limit: 9.
num_arena_births: 1402.
num_arena_deaths: 14.
num_vsnodes_births: 3.
num_vsnodes_deaths: 0.
num_space_committed: 1163.
num_space_uncommitted: 0.
num_chunks_returned_to_freelist: 23.
num_chunks_taken_from_freelist: 4904.
num_chunk_merges: 10.
num_chunk_splits: 3002.
num_chunks_enlarged: 1661.
num_inconsistent_stats: 0.

CodeHeap 'non-profiled nmethods': size=119168Kb used=8521Kb max_used=8521Kb free=110646Kb
 bounds [0x00000223b7aa0000, 0x00000223b8300000, 0x00000223bef00000]
CodeHeap 'profiled nmethods': size=119104Kb used=26042Kb max_used=26042Kb free=93062Kb
 bounds [0x00000223aff00000, 0x00000223b1870000, 0x00000223b7350000]
CodeHeap 'non-nmethods': size=7488Kb used=2048Kb max_used=3231Kb free=5439Kb
 bounds [0x00000223b7350000, 0x00000223b76a0000, 0x00000223b7aa0000]
CodeCache: size=245760Kb, used=36611Kb, max_used=37794Kb, free=209147Kb
 total_blobs=12244, nmethods=11436, adapters=712, full_count=0
Compilation: enabled, stopped_count=0, restarted_count=0

Compilation events (20 events):
Event: 99.606 Thread 0x0000022405b79b70 nmethod 12232 0x00000223b1864490 code [0x00000223b18646a0, 0x00000223b1864da0]
Event: 99.606 Thread 0x0000022405b79b70 12235       3       org.eclipse.jdt.internal.compiler.lookup.TypeBinding::isAnonymousType (17 bytes)
Event: 99.606 Thread 0x0000022405b79b70 nmethod 12235 0x00000223b1864f90 code [0x00000223b1865140, 0x00000223b18652c0]
Event: 99.606 Thread 0x0000022405b79b70 12233       3       org.eclipse.jdt.ls.core.internal.semantictokens.TokenType::getApplicableType (251 bytes)
Event: 99.607 Thread 0x0000022412d590a0 nmethod 12231 0x00000223b1865390 code [0x00000223b1865780, 0x00000223b1866c78]
Event: 99.607 Thread 0x0000022412d590a0 12241       3       org.eclipse.lsp4j.jsonrpc.json.adapters.CollectionTypeAdapter::write (123 bytes)
Event: 99.607 Thread 0x0000022405b79b70 nmethod 12233 0x00000223b1867810 code [0x00000223b1867c80, 0x00000223b1869fb0]
Event: 99.607 Thread 0x0000022412d590a0 nmethod 12241 0x00000223b186a810 code [0x00000223b186aaa0, 0x00000223b186b7a8]
Event: 99.607 Thread 0x0000022405b79b70 12234       3       org.eclipse.jdt.ls.core.internal.semantictokens.TokenModifier::checkJavaModifiers (147 bytes)
Event: 99.607 Thread 0x0000022412d590a0 12236       3       org.eclipse.jdt.core.dom.Modifier::isProtected (10 bytes)
Event: 99.607 Thread 0x0000022412d590a0 nmethod 12236 0x00000223b186bb10 code [0x00000223b186bcc0, 0x00000223b186be10]
Event: 99.607 Thread 0x0000022412d590a0 12237       3       org.eclipse.jdt.core.dom.Modifier::isAbstract (12 bytes)
Event: 99.608 Thread 0x0000022412d590a0 nmethod 12237 0x00000223b186be90 code [0x00000223b186c040, 0x00000223b186c198]
Event: 99.608 Thread 0x0000022412d590a0 12238       3       org.eclipse.jdt.core.dom.Modifier::isNative (12 bytes)
Event: 99.608 Thread 0x0000022412d590a0 nmethod 12238 0x00000223b186c210 code [0x00000223b186c3c0, 0x00000223b186c518]
Event: 99.608 Thread 0x0000022412d590a0 12239       3       org.eclipse.jdt.ls.core.internal.semantictokens.SemanticTokensVisitor::visit (45 bytes)
Event: 99.608 Thread 0x0000022405b79b70 nmethod 12234 0x00000223b186c590 code [0x00000223b186c7c0, 0x00000223b186d128]
Event: 99.608 Thread 0x0000022405b79b70 12240       3       org.eclipse.jdt.internal.compiler.lookup.ReferenceBinding::isDeprecated (15 bytes)
Event: 99.608 Thread 0x0000022405b79b70 nmethod 12240 0x00000223b186d490 code [0x00000223b186d640, 0x00000223b186d7b8]
Event: 99.608 Thread 0x0000022412d590a0 nmethod 12239 0x00000223b186d890 code [0x00000223b186db00, 0x00000223b186e3f8]

GC Heap History (20 events):
Event: 12.546 GC heap before
{Heap before GC invocations=103 (full 3):
 PSYoungGen      total 12800K, used 12598K [0x00000000d5580000, 0x00000000d6380000, 0x0000000100000000)
  eden space 11264K, 99% used [0x00000000d5580000,0x00000000d607dd20,0x00000000d6080000)
  from space 1536K, 87% used [0x00000000d6080000,0x00000000d61cfcb0,0x00000000d6200000)
  to   space 1536K, 0% used [0x00000000d6200000,0x00000000d6200000,0x00000000d6380000)
 ParOldGen       total 75264K, used 75261K [0x0000000080000000, 0x0000000084980000, 0x00000000d5580000)
  object space 75264K, 99% used [0x0000000080000000,0x000000008497f600,0x0000000084980000)
 Metaspace       used 67158K, committed 68608K, reserved 1114112K
  class space    used 7060K, committed 7680K, reserved 1048576K
}
Event: 12.548 GC heap after
{Heap after GC invocations=103 (full 3):
 PSYoungGen      total 12288K, used 1514K [0x00000000d5580000, 0x00000000d6480000, 0x0000000100000000)
  eden space 10752K, 0% used [0x00000000d5580000,0x00000000d5580000,0x00000000d6000000)
  from space 1536K, 98% used [0x00000000d6200000,0x00000000d637aa28,0x00000000d6380000)
  to   space 2048K, 0% used [0x00000000d6000000,0x00000000d6000000,0x00000000d6200000)
 ParOldGen       total 76800K, used 76391K [0x0000000080000000, 0x0000000084b00000, 0x00000000d5580000)
  object space 76800K, 99% used [0x0000000080000000,0x0000000084a99df8,0x0000000084b00000)
 Metaspace       used 67158K, committed 68608K, reserved 1114112K
  class space    used 7060K, committed 7680K, reserved 1048576K
}
Event: 12.676 GC heap before
{Heap before GC invocations=104 (full 3):
 PSYoungGen      total 12288K, used 12266K [0x00000000d5580000, 0x00000000d6480000, 0x0000000100000000)
  eden space 10752K, 100% used [0x00000000d5580000,0x00000000d6000000,0x00000000d6000000)
  from space 1536K, 98% used [0x00000000d6200000,0x00000000d637aa28,0x00000000d6380000)
  to   space 2048K, 0% used [0x00000000d6000000,0x00000000d6000000,0x00000000d6200000)
 ParOldGen       total 76800K, used 76391K [0x0000000080000000, 0x0000000084b00000, 0x00000000d5580000)
  object space 76800K, 99% used [0x0000000080000000,0x0000000084a99df8,0x0000000084b00000)
 Metaspace       used 67800K, committed 69312K, reserved 1114112K
  class space    used 7136K, committed 7744K, reserved 1048576K
}
Event: 12.679 GC heap after
{Heap after GC invocations=104 (full 3):
 PSYoungGen      total 11776K, used 576K [0x00000000d5580000, 0x00000000d6280000, 0x0000000100000000)
  eden space 10752K, 0% used [0x00000000d5580000,0x00000000d5580000,0x00000000d6000000)
  from space 1024K, 56% used [0x00000000d6000000,0x00000000d6090000,0x00000000d6100000)
  to   space 1024K, 0% used [0x00000000d6180000,0x00000000d6180000,0x00000000d6280000)
 ParOldGen       total 77312K, used 77031K [0x0000000080000000, 0x0000000084b80000, 0x00000000d5580000)
  object space 77312K, 99% used [0x0000000080000000,0x0000000084b39e28,0x0000000084b80000)
 Metaspace       used 67800K, committed 69312K, reserved 1114112K
  class space    used 7136K, committed 7744K, reserved 1048576K
}
Event: 12.891 GC heap before
{Heap before GC invocations=105 (full 3):
 PSYoungGen      total 11776K, used 11328K [0x00000000d5580000, 0x00000000d6280000, 0x0000000100000000)
  eden space 10752K, 100% used [0x00000000d5580000,0x00000000d6000000,0x00000000d6000000)
  from space 1024K, 56% used [0x00000000d6000000,0x00000000d6090000,0x00000000d6100000)
  to   space 1024K, 0% used [0x00000000d6180000,0x00000000d6180000,0x00000000d6280000)
 ParOldGen       total 77312K, used 77031K [0x0000000080000000, 0x0000000084b80000, 0x00000000d5580000)
  object space 77312K, 99% used [0x0000000080000000,0x0000000084b39e28,0x0000000084b80000)
 Metaspace       used 68158K, committed 69696K, reserved 1114112K
  class space    used 7178K, committed 7808K, reserved 1048576K
}
Event: 12.894 GC heap after
{Heap after GC invocations=105 (full 3):
 PSYoungGen      total 10752K, used 1024K [0x00000000d5580000, 0x00000000d6500000, 0x0000000100000000)
  eden space 9728K, 0% used [0x00000000d5580000,0x00000000d5580000,0x00000000d5f00000)
  from space 1024K, 100% used [0x00000000d6180000,0x00000000d6280000,0x00000000d6280000)
  to   space 2560K, 0% used [0x00000000d5f00000,0x00000000d5f00000,0x00000000d6180000)
 ParOldGen       total 78336K, used 77939K [0x0000000080000000, 0x0000000084c80000, 0x00000000d5580000)
  object space 78336K, 99% used [0x0000000080000000,0x0000000084c1ce68,0x0000000084c80000)
 Metaspace       used 68158K, committed 69696K, reserved 1114112K
  class space    used 7178K, committed 7808K, reserved 1048576K
}
Event: 13.102 GC heap before
{Heap before GC invocations=106 (full 3):
 PSYoungGen      total 10752K, used 10752K [0x00000000d5580000, 0x00000000d6500000, 0x0000000100000000)
  eden space 9728K, 100% used [0x00000000d5580000,0x00000000d5f00000,0x00000000d5f00000)
  from space 1024K, 100% used [0x00000000d6180000,0x00000000d6280000,0x00000000d6280000)
  to   space 2560K, 0% used [0x00000000d5f00000,0x00000000d5f00000,0x00000000d6180000)
 ParOldGen       total 78336K, used 77939K [0x0000000080000000, 0x0000000084c80000, 0x00000000d5580000)
  object space 78336K, 99% used [0x0000000080000000,0x0000000084c1ce68,0x0000000084c80000)
 Metaspace       used 68653K, committed 70144K, reserved 1114112K
  class space    used 7229K, committed 7872K, reserved 1048576K
}
Event: 13.104 GC heap after
{Heap after GC invocations=106 (full 3):
 PSYoungGen      total 10752K, used 965K [0x00000000d5580000, 0x00000000d6200000, 0x0000000100000000)
  eden space 9728K, 0% used [0x00000000d5580000,0x00000000d5580000,0x00000000d5f00000)
  from space 1024K, 94% used [0x00000000d5f00000,0x00000000d5ff1420,0x00000000d6000000)
  to   space 1536K, 0% used [0x00000000d6080000,0x00000000d6080000,0x00000000d6200000)
 ParOldGen       total 78848K, used 78839K [0x0000000080000000, 0x0000000084d00000, 0x00000000d5580000)
  object space 78848K, 99% used [0x0000000080000000,0x0000000084cfde78,0x0000000084d00000)
 Metaspace       used 68653K, committed 70144K, reserved 1114112K
  class space    used 7229K, committed 7872K, reserved 1048576K
}
Event: 13.149 GC heap before
{Heap before GC invocations=107 (full 3):
 PSYoungGen      total 10752K, used 10693K [0x00000000d5580000, 0x00000000d6200000, 0x0000000100000000)
  eden space 9728K, 100% used [0x00000000d5580000,0x00000000d5f00000,0x00000000d5f00000)
  from space 1024K, 94% used [0x00000000d5f00000,0x00000000d5ff1420,0x00000000d6000000)
  to   space 1536K, 0% used [0x00000000d6080000,0x00000000d6080000,0x00000000d6200000)
 ParOldGen       total 102400K, used 101879K [0x0000000080000000, 0x0000000086400000, 0x00000000d5580000)
  object space 102400K, 99% used [0x0000000080000000,0x000000008637de98,0x0000000086400000)
 Metaspace       used 68833K, committed 70336K, reserved 1114112K
  class space    used 7250K, committed 7872K, reserved 1048576K
}
Event: 13.150 GC heap after
{Heap after GC invocations=107 (full 3):
 PSYoungGen      total 10240K, used 384K [0x00000000d5580000, 0x00000000d6100000, 0x0000000100000000)
  eden space 9728K, 0% used [0x00000000d5580000,0x00000000d5580000,0x00000000d5f00000)
  from space 512K, 75% used [0x00000000d6080000,0x00000000d60e0000,0x00000000d6100000)
  to   space 1024K, 0% used [0x00000000d5f00000,0x00000000d5f00000,0x00000000d6000000)
 ParOldGen       total 102912K, used 102615K [0x0000000080000000, 0x0000000086480000, 0x00000000d5580000)
  object space 102912K, 99% used [0x0000000080000000,0x0000000086435e88,0x0000000086480000)
 Metaspace       used 68833K, committed 70336K, reserved 1114112K
  class space    used 7250K, committed 7872K, reserved 1048576K
}
Event: 16.838 GC heap before
{Heap before GC invocations=108 (full 3):
 PSYoungGen      total 10240K, used 10069K [0x00000000d5580000, 0x00000000d6100000, 0x0000000100000000)
  eden space 9728K, 99% used [0x00000000d5580000,0x00000000d5ef55a8,0x00000000d5f00000)
  from space 512K, 75% used [0x00000000d6080000,0x00000000d60e0000,0x00000000d6100000)
  to   space 1024K, 0% used [0x00000000d5f00000,0x00000000d5f00000,0x00000000d6000000)
 ParOldGen       total 102912K, used 102615K [0x0000000080000000, 0x0000000086480000, 0x00000000d5580000)
  object space 102912K, 99% used [0x0000000080000000,0x0000000086435e88,0x0000000086480000)
 Metaspace       used 69205K, committed 70720K, reserved 1114112K
  class space    used 7280K, committed 7936K, reserved 1048576K
}
Event: 16.840 GC heap after
{Heap after GC invocations=108 (full 3):
 PSYoungGen      total 10752K, used 1007K [0x00000000d5580000, 0x00000000d6500000, 0x0000000100000000)
  eden space 9728K, 0% used [0x00000000d5580000,0x00000000d5580000,0x00000000d5f00000)
  from space 1024K, 98% used [0x00000000d5f00000,0x00000000d5ffbfe8,0x00000000d6000000)
  to   space 3072K, 0% used [0x00000000d6200000,0x00000000d6200000,0x00000000d6500000)
 ParOldGen       total 104448K, used 104188K [0x0000000080000000, 0x0000000086600000, 0x00000000d5580000)
  object space 104448K, 99% used [0x0000000080000000,0x00000000865bf0e8,0x0000000086600000)
 Metaspace       used 69205K, committed 70720K, reserved 1114112K
  class space    used 7280K, committed 7936K, reserved 1048576K
}
Event: 19.370 GC heap before
{Heap before GC invocations=109 (full 3):
 PSYoungGen      total 10752K, used 10679K [0x00000000d5580000, 0x00000000d6500000, 0x0000000100000000)
  eden space 9728K, 99% used [0x00000000d5580000,0x00000000d5ef1ef8,0x00000000d5f00000)
  from space 1024K, 98% used [0x00000000d5f00000,0x00000000d5ffbfe8,0x00000000d6000000)
  to   space 3072K, 0% used [0x00000000d6200000,0x00000000d6200000,0x00000000d6500000)
 ParOldGen       total 104448K, used 104188K [0x0000000080000000, 0x0000000086600000, 0x00000000d5580000)
  object space 104448K, 99% used [0x0000000080000000,0x00000000865bf0e8,0x0000000086600000)
 Metaspace       used 69380K, committed 70912K, reserved 1114112K
  class space    used 7304K, committed 7936K, reserved 1048576K
}
Event: 19.371 GC heap after
{Heap after GC invocations=109 (full 3):
 PSYoungGen      total 11264K, used 1168K [0x00000000d5580000, 0x00000000d6380000, 0x0000000100000000)
  eden space 9728K, 0% used [0x00000000d5580000,0x00000000d5580000,0x00000000d5f00000)
  from space 1536K, 76% used [0x00000000d6200000,0x00000000d6324010,0x00000000d6380000)
  to   space 2048K, 0% used [0x00000000d5f80000,0x00000000d5f80000,0x00000000d6180000)
 ParOldGen       total 104448K, used 104356K [0x0000000080000000, 0x0000000086600000, 0x00000000d5580000)
  object space 104448K, 99% used [0x0000000080000000,0x00000000865e90f8,0x0000000086600000)
 Metaspace       used 69380K, committed 70912K, reserved 1114112K
  class space    used 7304K, committed 7936K, reserved 1048576K
}
Event: 19.530 GC heap before
{Heap before GC invocations=110 (full 3):
 PSYoungGen      total 11264K, used 10896K [0x00000000d5580000, 0x00000000d6380000, 0x0000000100000000)
  eden space 9728K, 100% used [0x00000000d5580000,0x00000000d5f00000,0x00000000d5f00000)
  from space 1536K, 76% used [0x00000000d6200000,0x00000000d6324010,0x00000000d6380000)
  to   space 2048K, 0% used [0x00000000d5f80000,0x00000000d5f80000,0x00000000d6180000)
 ParOldGen       total 104448K, used 104356K [0x0000000080000000, 0x0000000086600000, 0x00000000d5580000)
  object space 104448K, 99% used [0x0000000080000000,0x00000000865e90f8,0x0000000086600000)
 Metaspace       used 70613K, committed 72256K, reserved 1114112K
  class space    used 7438K, committed 8128K, reserved 1048576K
}
Event: 19.531 GC heap after
{Heap after GC invocations=110 (full 3):
 PSYoungGen      total 11776K, used 593K [0x00000000d5580000, 0x00000000d6280000, 0x0000000100000000)
  eden space 9728K, 0% used [0x00000000d5580000,0x00000000d5580000,0x00000000d5f00000)
  from space 2048K, 28% used [0x00000000d5f80000,0x00000000d60145c8,0x00000000d6180000)
  to   space 1024K, 0% used [0x00000000d6180000,0x00000000d6180000,0x00000000d6280000)
 ParOldGen       total 105472K, used 105346K [0x0000000080000000, 0x0000000086700000, 0x00000000d5580000)
  object space 105472K, 99% used [0x0000000080000000,0x00000000866e0ba0,0x0000000086700000)
 Metaspace       used 70613K, committed 72256K, reserved 1114112K
  class space    used 7438K, committed 8128K, reserved 1048576K
}
Event: 19.600 GC heap before
{Heap before GC invocations=111 (full 3):
 PSYoungGen      total 11776K, used 10321K [0x00000000d5580000, 0x00000000d6280000, 0x0000000100000000)
  eden space 9728K, 100% used [0x00000000d5580000,0x00000000d5f00000,0x00000000d5f00000)
  from space 2048K, 28% used [0x00000000d5f80000,0x00000000d60145c8,0x00000000d6180000)
  to   space 1024K, 0% used [0x00000000d6180000,0x00000000d6180000,0x00000000d6280000)
 ParOldGen       total 105472K, used 105346K [0x0000000080000000, 0x0000000086700000, 0x00000000d5580000)
  object space 105472K, 99% used [0x0000000080000000,0x00000000866e0ba0,0x0000000086700000)
 Metaspace       used 71656K, committed 73280K, reserved 1114112K
  class space    used 7610K, committed 8320K, reserved 1048576K
}
Event: 19.600 GC heap after
{Heap after GC invocations=111 (full 3):
 PSYoungGen      total 10240K, used 416K [0x00000000d5580000, 0x00000000d6200000, 0x0000000100000000)
  eden space 9728K, 0% used [0x00000000d5580000,0x00000000d5580000,0x00000000d5f00000)
  from space 512K, 81% used [0x00000000d6180000,0x00000000d61e8000,0x00000000d6200000)
  to   space 1024K, 0% used [0x00000000d6000000,0x00000000d6000000,0x00000000d6100000)
 ParOldGen       total 105984K, used 105641K [0x0000000080000000, 0x0000000086780000, 0x00000000d5580000)
  object space 105984K, 99% used [0x0000000080000000,0x000000008672a780,0x0000000086780000)
 Metaspace       used 71656K, committed 73280K, reserved 1114112K
  class space    used 7610K, committed 8320K, reserved 1048576K
}
Event: 31.551 GC heap before
{Heap before GC invocations=112 (full 3):
 PSYoungGen      total 10240K, used 10138K [0x00000000d5580000, 0x00000000d6200000, 0x0000000100000000)
  eden space 9728K, 99% used [0x00000000d5580000,0x00000000d5efe820,0x00000000d5f00000)
  from space 512K, 81% used [0x00000000d6180000,0x00000000d61e8000,0x00000000d6200000)
  to   space 1024K, 0% used [0x00000000d6000000,0x00000000d6000000,0x00000000d6100000)
 ParOldGen       total 105984K, used 105641K [0x0000000080000000, 0x0000000086780000, 0x00000000d5580000)
  object space 105984K, 99% used [0x0000000080000000,0x000000008672a780,0x0000000086780000)
 Metaspace       used 72657K, committed 74304K, reserved 1179648K
  class space    used 7745K, committed 8448K, reserved 1048576K
}
Event: 31.552 GC heap after
{Heap after GC invocations=112 (full 3):
 PSYoungGen      total 10752K, used 992K [0x00000000d5580000, 0x00000000d6200000, 0x0000000100000000)
  eden space 9728K, 0% used [0x00000000d5580000,0x00000000d5580000,0x00000000d5f00000)
  from space 1024K, 96% used [0x00000000d6000000,0x00000000d60f8020,0x00000000d6100000)
  to   space 1024K, 0% used [0x00000000d6100000,0x00000000d6100000,0x00000000d6200000)
 ParOldGen       total 105984K, used 105849K [0x0000000080000000, 0x0000000086780000, 0x00000000d5580000)
  object space 105984K, 99% used [0x0000000080000000,0x000000008675e7b0,0x0000000086780000)
 Metaspace       used 72657K, committed 74304K, reserved 1179648K
  class space    used 7745K, committed 8448K, reserved 1048576K
}

Dll operation events (11 events):
Event: 0.062 Loaded shared library c:\Users\PN-Docente\.vscode\extensions\redhat.java-1.53.0-win32-x64\jre\21.0.10-win32-x86_64\bin\java.dll
Event: 0.085 Loaded shared library c:\Users\PN-Docente\.vscode\extensions\redhat.java-1.53.0-win32-x64\jre\21.0.10-win32-x86_64\bin\zip.dll
Event: 0.188 Loaded shared library C:\Users\PN-Docente\.vscode\extensions\redhat.java-1.53.0-win32-x64\jre\21.0.10-win32-x86_64\bin\instrument.dll
Event: 0.209 Loaded shared library C:\Users\PN-Docente\.vscode\extensions\redhat.java-1.53.0-win32-x64\jre\21.0.10-win32-x86_64\bin\net.dll
Event: 0.219 Loaded shared library C:\Users\PN-Docente\.vscode\extensions\redhat.java-1.53.0-win32-x64\jre\21.0.10-win32-x86_64\bin\nio.dll
Event: 0.226 Loaded shared library C:\Users\PN-Docente\.vscode\extensions\redhat.java-1.53.0-win32-x64\jre\21.0.10-win32-x86_64\bin\zip.dll
Event: 0.252 Loaded shared library C:\Users\PN-Docente\.vscode\extensions\redhat.java-1.53.0-win32-x64\jre\21.0.10-win32-x86_64\bin\jimage.dll
Event: 0.369 Loaded shared library c:\Users\PN-Docente\.vscode\extensions\redhat.java-1.53.0-win32-x64\jre\21.0.10-win32-x86_64\bin\verify.dll
Event: 1.858 Loaded shared library C:\Users\PN-Docente\AppData\Roaming\Code\User\globalStorage\redhat.java\1.53.0\config_win\org.eclipse.equinox.launcher\org.eclipse.equinox.launcher.win32.win32.x86_64_1.3.0.v20260203-2149\eclipse_11919.dll
Event: 3.264 Loaded shared library C:\Users\PN-Docente\AppData\Local\Temp\jna-1159319875\jna10673092804835698316.dll
Event: 19.478 Loaded shared library C:\Users\PN-Docente\.vscode\extensions\redhat.java-1.53.0-win32-x64\jre\21.0.10-win32-x86_64\bin\extnet.dll

Deoptimization events (20 events):
Event: 31.549 Thread 0x000002240c2c8fe0 DEOPT PACKING pc=0x00000223b07ad650 sp=0x000000bf12cfe920
Event: 31.549 Thread 0x000002240c2c8fe0 DEOPT UNPACKING pc=0x00000223b73a4242 sp=0x000000bf12cfde78 mode 0
Event: 31.550 Thread 0x000002240c2c8fe0 DEOPT PACKING pc=0x00000223b07ad650 sp=0x000000bf12cfe920
Event: 31.550 Thread 0x000002240c2c8fe0 DEOPT UNPACKING pc=0x00000223b73a4242 sp=0x000000bf12cfde78 mode 0
Event: 31.550 Thread 0x000002240c2c8fe0 DEOPT PACKING pc=0x00000223b07ad650 sp=0x000000bf12cfe920
Event: 31.550 Thread 0x000002240c2c8fe0 DEOPT UNPACKING pc=0x00000223b73a4242 sp=0x000000bf12cfde78 mode 0
Event: 31.550 Thread 0x000002240c2c8fe0 DEOPT PACKING pc=0x00000223b07ad650 sp=0x000000bf12cfe920
Event: 31.550 Thread 0x000002240c2c8fe0 DEOPT UNPACKING pc=0x00000223b73a4242 sp=0x000000bf12cfde78 mode 0
Event: 31.551 Thread 0x000002240c2c8fe0 DEOPT PACKING pc=0x00000223b07ad650 sp=0x000000bf12cfe920
Event: 31.551 Thread 0x000002240c2c8fe0 DEOPT UNPACKING pc=0x00000223b73a4242 sp=0x000000bf12cfde78 mode 0
Event: 31.552 Thread 0x000002240c2c8fe0 DEOPT PACKING pc=0x00000223b07ad650 sp=0x000000bf12cfe920
Event: 31.552 Thread 0x000002240c2c8fe0 DEOPT UNPACKING pc=0x00000223b73a4242 sp=0x000000bf12cfde78 mode 0
Event: 31.552 Thread 0x000002240c2c8fe0 DEOPT PACKING pc=0x00000223b07ad650 sp=0x000000bf12cfe920
Event: 31.552 Thread 0x000002240c2c8fe0 DEOPT UNPACKING pc=0x00000223b73a4242 sp=0x000000bf12cfde78 mode 0
Event: 31.553 Thread 0x000002240c2c8fe0 DEOPT PACKING pc=0x00000223b07ad650 sp=0x000000bf12cfe920
Event: 31.553 Thread 0x000002240c2c8fe0 DEOPT UNPACKING pc=0x00000223b73a4242 sp=0x000000bf12cfde78 mode 0
Event: 96.984 Thread 0x0000022410dd8750 Uncommon trap: trap_request=0xffffffde fr.pc=0x00000223b7f64998 relative=0x0000000000000078
Event: 96.984 Thread 0x0000022410dd8750 Uncommon trap: reason=class_check action=maybe_recompile pc=0x00000223b7f64998 method=java.util.LinkedHashMap.afterNodeInsertion(Z)V @ 15 c2
Event: 96.984 Thread 0x0000022410dd8750 DEOPT PACKING pc=0x00000223b7f64998 sp=0x000000bf160febf0
Event: 96.984 Thread 0x0000022410dd8750 DEOPT UNPACKING pc=0x00000223b73a3aa2 sp=0x000000bf160feb68 mode 2

Classes loaded (20 events):
Event: 19.685 Loading class java/util/concurrent/CompletableFuture$UniWhenComplete
Event: 19.685 Loading class java/util/concurrent/CompletableFuture$UniWhenComplete done
Event: 19.686 Loading class java/util/concurrent/CompletableFuture$UniCompose
Event: 19.686 Loading class java/util/concurrent/CompletableFuture$UniCompose done
Event: 19.686 Loading class java/util/concurrent/CompletableFuture$UniRelay
Event: 19.686 Loading class java/util/concurrent/CompletableFuture$UniRelay done
Event: 20.564 Loading class java/util/concurrent/ScheduledThreadPoolExecutor$DelayedWorkQueue$Itr
Event: 20.564 Loading class java/util/concurrent/ScheduledThreadPoolExecutor$DelayedWorkQueue$Itr done
Event: 21.283 Loading class java/lang/ProcessHandleImpl$ExitCompletion
Event: 21.283 Loading class java/lang/ProcessHandleImpl$ExitCompletion done
Event: 21.283 Loading class java/lang/ProcessHandleImpl$1
Event: 21.283 Loading class java/lang/ProcessHandleImpl$1 done
Event: 21.283 Loading class java/util/concurrent/CompletableFuture$UniHandle
Event: 21.284 Loading class java/util/concurrent/CompletableFuture$UniHandle done
Event: 31.588 Loading class sun/nio/cs/ISO_8859_1$Encoder
Event: 31.588 Loading class sun/nio/cs/ISO_8859_1$Encoder done
Event: 31.588 Loading class sun/nio/cs/Surrogate$Parser
Event: 31.588 Loading class sun/nio/cs/Surrogate$Parser done
Event: 31.588 Loading class sun/nio/cs/Surrogate
Event: 31.588 Loading class sun/nio/cs/Surrogate done

Classes unloaded (7 events):
Event: 3.683 Thread 0x0000022405b55460 Unloading class 0x00000223c51a9000 'java/lang/invoke/LambdaForm$MH+0x00000223c51a9000'
Event: 3.683 Thread 0x0000022405b55460 Unloading class 0x00000223c51a8c00 'java/lang/invoke/LambdaForm$MH+0x00000223c51a8c00'
Event: 3.683 Thread 0x0000022405b55460 Unloading class 0x00000223c51a8800 'java/lang/invoke/LambdaForm$MH+0x00000223c51a8800'
Event: 3.683 Thread 0x0000022405b55460 Unloading class 0x00000223c51a8400 'java/lang/invoke/LambdaForm$MH+0x00000223c51a8400'
Event: 3.683 Thread 0x0000022405b55460 Unloading class 0x00000223c51a8000 'java/lang/invoke/LambdaForm$BMH+0x00000223c51a8000'
Event: 3.683 Thread 0x0000022405b55460 Unloading class 0x00000223c51a7c00 'java/lang/invoke/LambdaForm$DMH+0x00000223c51a7c00'
Event: 3.683 Thread 0x0000022405b55460 Unloading class 0x00000223c51a6c00 'java/lang/invoke/LambdaForm$DMH+0x00000223c51a6c00'

Classes redefined (5 events):
Event: 0.553 Thread 0x0000022405b55460 redefined class name=java.io.FileOutputStream, count=1
Event: 0.558 Thread 0x0000022405b55460 redefined class name=java.lang.ClassLoader, count=1
Event: 0.563 Thread 0x0000022405b55460 redefined class name=java.nio.file.Files, count=1
Event: 0.568 Thread 0x0000022405b55460 redefined class name=java.io.File, count=1
Event: 0.572 Thread 0x0000022405b55460 redefined class name=java.net.URLStreamHandler, count=1

Internal exceptions (20 events):
Event: 14.682 Thread 0x000002240c871fb0 Exception <a 'sun/nio/fs/WindowsException'{0x00000000d56e0570}> (0x00000000d56e0570) 
thrown [s\src\hotspot\share\prims\jni.cpp, line 520]
Event: 16.854 Thread 0x0000022410dd17c0 Implicit null exception at 0x00000223b80848cf to 0x00000223b8084a2c
Event: 19.322 Thread 0x0000022410dd17c0 Exception <a 'java/lang/NoSuchMethodError'{0x00000000d5a94350}: 'int java.lang.invoke.DirectMethodHandle$Holder.invokeStatic(java.lang.Object)'> (0x00000000d5a94350) 
thrown [s\src\hotspot\share\interpreter\linkResolver.cpp, line 773]
Event: 19.349 Thread 0x0000022410dd17c0 Exception <a 'sun/nio/fs/WindowsException'{0x00000000d5bc7da8}> (0x00000000d5bc7da8) 
thrown [s\src\hotspot\share\prims\jni.cpp, line 520]
Event: 19.349 Thread 0x0000022410dd17c0 Exception <a 'sun/nio/fs/WindowsException'{0x00000000d5bc8688}> (0x00000000d5bc8688) 
thrown [s\src\hotspot\share\prims\jni.cpp, line 520]
Event: 19.350 Thread 0x0000022410dd17c0 Exception <a 'sun/nio/fs/WindowsException'{0x00000000d5bc93d0}> (0x00000000d5bc93d0) 
thrown [s\src\hotspot\share\prims\jni.cpp, line 520]
Event: 19.350 Thread 0x0000022410dd17c0 Exception <a 'sun/nio/fs/WindowsException'{0x00000000d5bc9cb0}> (0x00000000d5bc9cb0) 
thrown [s\src\hotspot\share\prims\jni.cpp, line 520]
Event: 19.350 Thread 0x0000022410dd17c0 Exception <a 'sun/nio/fs/WindowsException'{0x00000000d5bcb428}> (0x00000000d5bcb428) 
thrown [s\src\hotspot\share\prims\jni.cpp, line 520]
Event: 19.350 Thread 0x0000022410dd17c0 Exception <a 'sun/nio/fs/WindowsException'{0x00000000d5bcba58}> (0x00000000d5bcba58) 
thrown [s\src\hotspot\share\prims\jni.cpp, line 520]
Event: 19.353 Thread 0x0000022410dd17c0 Exception <a 'sun/nio/fs/WindowsException'{0x00000000d5beaa48}> (0x00000000d5beaa48) 
thrown [s\src\hotspot\share\prims\jni.cpp, line 520]
Event: 19.353 Thread 0x0000022410dd17c0 Exception <a 'sun/nio/fs/WindowsException'{0x00000000d5beb328}> (0x00000000d5beb328) 
thrown [s\src\hotspot\share\prims\jni.cpp, line 520]
Event: 19.500 Thread 0x0000022410836350 Exception <a 'java/io/FileNotFoundException'{0x00000000d5a7c3d0}> (0x00000000d5a7c3d0) 
thrown [s\src\hotspot\share\prims\jni.cpp, line 520]
Event: 19.605 Thread 0x0000022410836350 Exception <a 'java/lang/NoSuchMethodError'{0x00000000d56335a8}: 'java.lang.Object java.lang.invoke.DirectMethodHandle$Holder.invokeVirtual(java.lang.Object, java.lang.Object, java.lang.Object, java.lang.Object)'> (0x00000000d56335a8) 
thrown [s\src\hotspot\share\interpreter\linkResolver.cpp, line 773]
Event: 19.638 Thread 0x0000022410834fa0 Exception <a 'java/lang/NoSuchMethodError'{0x00000000d5a4d048}: 'java.lang.Object java.lang.invoke.DirectMethodHandle$Holder.invokeStatic(java.lang.Object, long, java.lang.Object, java.lang.Object)'> (0x00000000d5a4d048) 
thrown [s\src\hotspot\share\interpreter\linkResolver.cpp, line 773]
Event: 19.655 Thread 0x0000022410834fa0 Exception <a 'sun/nio/fs/WindowsException'{0x00000000d5ade160}> (0x00000000d5ade160) 
thrown [s\src\hotspot\share\prims\jni.cpp, line 520]
Event: 19.655 Thread 0x0000022410834fa0 Exception <a 'sun/nio/fs/WindowsException'{0x00000000d5adf178}> (0x00000000d5adf178) 
thrown [s\src\hotspot\share\prims\jni.cpp, line 520]
Event: 19.685 Thread 0x0000022410834fa0 Exception <a 'java/lang/NoSuchMethodError'{0x00000000d5b87fa8}: 'void java.lang.invoke.DirectMethodHandle$Holder.invokeStatic(java.lang.Object, java.lang.Object, java.lang.Object, java.lang.Object, java.lang.Object, java.lang.Object, java.lang.Object)'> (0x00000000d5b87fa8) 
thrown [s\src\hotspot\share\interpreter\linkResolver.cpp, line 773]
Event: 20.458 Thread 0x00000224108369e0 Exception <a 'java/lang/NoSuchMethodError'{0x00000000d5bbb480}: 'long java.lang.invoke.DelegatingMethodHandle$Holder.reinvoke_L(java.lang.Object, java.lang.Object)'> (0x00000000d5bbb480) 
thrown [s\src\hotspot\share\interpreter\linkResolver.cpp, line 773]
Event: 20.458 Thread 0x00000224108369e0 Exception <a 'java/lang/NoSuchMethodError'{0x00000000d5bc53b0}: 'void java.lang.invoke.DelegatingMethodHandle$Holder.reinvoke_L(java.lang.Object, java.lang.Object, long)'> (0x00000000d5bc53b0) 
thrown [s\src\hotspot\share\interpreter\linkResolver.cpp, line 773]
Event: 21.284 Thread 0x00000224108369e0 Exception <a 'java/lang/NoSuchMethodError'{0x00000000d5ccb9d8}: 'long java.lang.invoke.Invokers$Holder.invokeExact_MT(java.lang.Object, java.lang.Object, java.lang.Object)'> (0x00000000d5ccb9d8) 
thrown [s\src\hotspot\share\interpreter\linkResolver.cpp, line 773]

ZGC Phase Switch (0 events):
No events

VM Operations (20 events):
Event: 21.695 Executing safepoint VM operation: Cleanup
Event: 21.695 Executing safepoint VM operation: Cleanup done
Event: 24.720 Executing safepoint VM operation: Cleanup
Event: 24.720 Executing safepoint VM operation: Cleanup done
Event: 31.551 Executing safepoint VM operation: ParallelGCFailedAllocation (Allocation Failure)
Event: 31.552 Executing safepoint VM operation: ParallelGCFailedAllocation (Allocation Failure) done
Event: 32.564 Executing safepoint VM operation: Cleanup
Event: 32.564 Executing safepoint VM operation: Cleanup done
Event: 60.163 Executing non-safepoint VM operation: HandshakeAllThreads (HandshakeForDeflation)
Event: 60.163 Executing non-safepoint VM operation: HandshakeAllThreads (HandshakeForDeflation) done
Event: 60.163 Executing non-safepoint VM operation: RendezvousGCThreads
Event: 60.163 Executing non-safepoint VM operation: RendezvousGCThreads done
Event: 82.344 Executing safepoint VM operation: Cleanup
Event: 82.344 Executing safepoint VM operation: Cleanup done
Event: 97.480 Executing safepoint VM operation: Cleanup
Event: 97.480 Executing safepoint VM operation: Cleanup done
Event: 98.487 Executing safepoint VM operation: Cleanup
Event: 98.487 Executing safepoint VM operation: Cleanup done
Event: 100.506 Executing safepoint VM operation: Cleanup
Event: 100.506 Executing safepoint VM operation: Cleanup done

Memory protections (0 events):
No events

Nmethod flushes (20 events):
Event: 9.654 Thread 0x0000022405b55460 flushing  nmethod 0x00000223b08d1590
Event: 9.654 Thread 0x0000022405b55460 flushing  nmethod 0x00000223b08d1b90
Event: 9.654 Thread 0x0000022405b55460 flushing  nmethod 0x00000223b08d2290
Event: 9.654 Thread 0x0000022405b55460 flushing  nmethod 0x00000223b08d2b10
Event: 9.654 Thread 0x0000022405b55460 flushing  nmethod 0x00000223b08d5710
Event: 9.654 Thread 0x0000022405b55460 flushing  nmethod 0x00000223b08e3d10
Event: 9.654 Thread 0x0000022405b55460 flushing  nmethod 0x00000223b08e9210
Event: 9.654 Thread 0x0000022405b55460 flushing  nmethod 0x00000223b0900990
Event: 9.654 Thread 0x0000022405b55460 flushing  nmethod 0x00000223b0909910
Event: 9.654 Thread 0x0000022405b55460 flushing  nmethod 0x00000223b0969810
Event: 9.654 Thread 0x0000022405b55460 flushing  nmethod 0x00000223b096a210
Event: 9.654 Thread 0x0000022405b55460 flushing  nmethod 0x00000223b096bd10
Event: 9.654 Thread 0x0000022405b55460 flushing  nmethod 0x00000223b096d610
Event: 9.654 Thread 0x0000022405b55460 flushing  nmethod 0x00000223b096da90
Event: 9.654 Thread 0x0000022405b55460 flushing  nmethod 0x00000223b0970210
Event: 9.654 Thread 0x0000022405b55460 flushing  nmethod 0x00000223b0973a90
Event: 9.654 Thread 0x0000022405b55460 flushing  nmethod 0x00000223b097a310
Event: 9.654 Thread 0x0000022405b55460 flushing  nmethod 0x00000223b097d390
Event: 9.654 Thread 0x0000022405b55460 flushing  nmethod 0x00000223b09a4290
Event: 9.654 Thread 0x0000022405b55460 flushing  nmethod 0x00000223b09a4f90

Events (20 events):
Event: 21.282 Thread 0x0000022412d5abe0 Thread exited: 0x0000022412d5abe0
Event: 21.282 Thread 0x0000022412d59770 Thread exited: 0x0000022412d59770
Event: 21.283 Thread 0x00000224108369e0 Thread added: 0x0000022410837070
Event: 21.286 Thread 0x00000224108369e0 Thread exited: 0x00000224108369e0
Event: 31.535 Thread 0x0000022405b79b70 Thread added: 0x0000022412d5c050
Event: 31.554 Thread 0x0000022412d5c050 Thread added: 0x0000022412d5b980
Event: 31.554 Thread 0x0000022412d5c050 Thread added: 0x0000022412d5c720
Event: 31.556 Thread 0x0000022412d5c720 Thread added: 0x0000022412d590a0
Event: 32.564 Thread 0x0000022412d590a0 Thread exited: 0x0000022412d590a0
Event: 32.564 Thread 0x0000022412d5c050 Thread exited: 0x0000022412d5c050
Event: 33.566 Thread 0x0000022412d5c720 Thread exited: 0x0000022412d5c720
Event: 34.565 Thread 0x0000022412d5b980 Thread exited: 0x0000022412d5b980
Event: 75.717 Thread 0x0000022410833bf0 Thread exited: 0x0000022410833bf0
Event: 79.454 Thread 0x00000224108300e0 Thread exited: 0x00000224108300e0
Event: 79.454 Thread 0x000002240c870570 Thread exited: 0x000002240c870570
Event: 80.839 Thread 0x000002240c86fee0 Thread exited: 0x000002240c86fee0
Event: 84.560 Thread 0x0000022410dd17c0 Thread exited: 0x0000022410dd17c0
Event: 96.981 Thread 0x0000022405b79b70 Thread added: 0x0000022412d590a0
Event: 96.981 Thread 0x0000022405b79b70 Thread added: 0x0000022412d59770
Event: 97.597 Thread 0x0000022412d59770 Thread exited: 0x0000022412d59770


Dynamic libraries:
0x00007ff7acdf0000 - 0x00007ff7acdfe000 	c:\Users\PN-Docente\.vscode\extensions\redhat.java-1.53.0-win32-x64\jre\21.0.10-win32-x86_64\bin\java.exe
0x00007ffc40760000 - 0x00007ffc409c7000 	C:\Windows\SYSTEM32\ntdll.dll
0x00007ffc40480000 - 0x00007ffc40549000 	C:\Windows\System32\KERNEL32.DLL
0x00007ffc40080000 - 0x00007ffc40471000 	C:\Windows\System32\KERNELBASE.dll
0x000000007aa20000 - 0x000000007aa5e000 	C:\Windows\System32\cyinjct.dll
0x00007ffc3fef0000 - 0x00007ffc3ff14000 	C:\Windows\System32\cyvera.dll
0x00007ffc1ca00000 - 0x00007ffc1ca18000 	c:\Users\PN-Docente\.vscode\extensions\redhat.java-1.53.0-win32-x64\jre\21.0.10-win32-x86_64\bin\jli.dll
0x00000223aa600000 - 0x00000223aa7c5000 	C:\Windows\System32\USER32.dll
0x00007ffc3d140000 - 0x00007ffc3d167000 	C:\Windows\System32\win32u.dll
0x00007ffc3ed10000 - 0x00007ffc3ed3b000 	C:\Windows\System32\GDI32.dll
0x00007ffc3d220000 - 0x00007ffc3d34b000 	C:\Windows\System32\gdi32full.dll
0x00007ffc3d090000 - 0x00007ffc3d133000 	C:\Windows\System32\msvcp_win.dll
0x00000223aa7d0000 - 0x00000223aa91b000 	C:\Windows\System32\ucrtbase.dll
0x00007ffc15a70000 - 0x00007ffc15a8e000 	c:\Users\PN-Docente\.vscode\extensions\redhat.java-1.53.0-win32-x64\jre\21.0.10-win32-x86_64\bin\VCRUNTIME140.dll
0x00007ffc1f910000 - 0x00007ffc1fba3000 	C:\Windows\WinSxS\amd64_microsoft.windows.common-controls_6595b64144ccf1df_6.0.26100.8037_none_3e092faae333b53b\COMCTL32.dll
0x00007ffc3eb90000 - 0x00007ffc3ec39000 	C:\Windows\System32\msvcrt.dll
0x00007ffc3fe20000 - 0x00007ffc3fee6000 	C:\Windows\System32\cyvrtrap.dll
0x00007ffc3e300000 - 0x00007ffc3e331000 	C:\Windows\System32\IMM32.DLL
0x00007ffc39830000 - 0x00007ffc3983c000 	c:\Users\PN-Docente\.vscode\extensions\redhat.java-1.53.0-win32-x64\jre\21.0.10-win32-x86_64\bin\vcruntime140_1.dll
0x00007ffbed1e0000 - 0x00007ffbed26d000 	c:\Users\PN-Docente\.vscode\extensions\redhat.java-1.53.0-win32-x64\jre\21.0.10-win32-x86_64\bin\msvcp140.dll
0x00007ffb70360000 - 0x00007ffb71101000 	c:\Users\PN-Docente\.vscode\extensions\redhat.java-1.53.0-win32-x64\jre\21.0.10-win32-x86_64\bin\server\jvm.dll
0x00007ffc3e000000 - 0x00007ffc3e0bb000 	C:\Windows\System32\ADVAPI32.dll
0x00007ffc3fca0000 - 0x00007ffc3fd47000 	C:\Windows\System32\sechost.dll
0x00007ffc3ff60000 - 0x00007ffc40078000 	C:\Windows\System32\RPCRT4.dll
0x00007ffc3fd50000 - 0x00007ffc3fdc4000 	C:\Windows\System32\WS2_32.dll
0x00007ffc3cb50000 - 0x00007ffc3cbae000 	C:\Windows\SYSTEM32\POWRPROF.dll
0x00007ffc2ed50000 - 0x00007ffc2ed85000 	C:\Windows\SYSTEM32\WINMM.dll
0x00007ffc37830000 - 0x00007ffc3783b000 	C:\Windows\SYSTEM32\VERSION.dll
0x00007ffc3ca80000 - 0x00007ffc3ca94000 	C:\Windows\SYSTEM32\UMPDC.dll
0x00007ffc3bc00000 - 0x00007ffc3bc1b000 	C:\Windows\SYSTEM32\kernel.appcore.dll
0x00007ffc24960000 - 0x00007ffc2496a000 	c:\Users\PN-Docente\.vscode\extensions\redhat.java-1.53.0-win32-x64\jre\21.0.10-win32-x86_64\bin\jimage.dll
0x00007ffc25850000 - 0x00007ffc25a92000 	C:\Windows\SYSTEM32\DBGHELP.DLL
0x00007ffc3f550000 - 0x00007ffc3f8d2000 	C:\Windows\System32\combase.dll
0x00007ffc3fa60000 - 0x00007ffc3fb37000 	C:\Windows\System32\OLEAUT32.dll
0x00007ffc19680000 - 0x00007ffc196bb000 	C:\Windows\SYSTEM32\dbgcore.DLL
0x00007ffc3d170000 - 0x00007ffc3d215000 	C:\Windows\System32\bcryptPrimitives.dll
0x00007ffc22b50000 - 0x00007ffc22b5f000 	c:\Users\PN-Docente\.vscode\extensions\redhat.java-1.53.0-win32-x64\jre\21.0.10-win32-x86_64\bin\instrument.dll
0x00007ffbf9cc0000 - 0x00007ffbf9ce0000 	c:\Users\PN-Docente\.vscode\extensions\redhat.java-1.53.0-win32-x64\jre\21.0.10-win32-x86_64\bin\java.dll
0x00007ffc3fdd0000 - 0x00007ffc3fe1a000 	C:\Program Files\Palo Alto Networks\Traps\cyjagent.dll
0x00007ffbf5680000 - 0x00007ffbf5698000 	c:\Users\PN-Docente\.vscode\extensions\redhat.java-1.53.0-win32-x64\jre\21.0.10-win32-x86_64\bin\zip.dll
0x00007ffc3ed60000 - 0x00007ffc3f4bf000 	C:\Windows\System32\SHELL32.dll
0x00007ffc3d350000 - 0x00007ffc3d4ba000 	C:\Windows\System32\wintypes.dll
0x00007ffc3d700000 - 0x00007ffc3df64000 	C:\Windows\System32\windows.storage.dll
0x00007ffc3e3b0000 - 0x00007ffc3e4a7000 	C:\Windows\System32\SHCORE.dll
0x00007ffc3e4b0000 - 0x00007ffc3e517000 	C:\Windows\System32\shlwapi.dll
0x00007ffc3cdd0000 - 0x00007ffc3cdf9000 	C:\Windows\SYSTEM32\profapi.dll
0x00007ffc1b2b0000 - 0x00007ffc1b2c0000 	C:\Users\PN-Docente\.vscode\extensions\redhat.java-1.53.0-win32-x64\jre\21.0.10-win32-x86_64\bin\net.dll
0x00007ffc37200000 - 0x00007ffc37327000 	C:\Windows\SYSTEM32\WINHTTP.dll
0x00007ffc3c150000 - 0x00007ffc3c1bb000 	C:\Windows\system32\mswsock.dll
0x00007ffbf0890000 - 0x00007ffbf08a6000 	C:\Users\PN-Docente\.vscode\extensions\redhat.java-1.53.0-win32-x64\jre\21.0.10-win32-x86_64\bin\nio.dll
0x00007ffc1b120000 - 0x00007ffc1b130000 	c:\Users\PN-Docente\.vscode\extensions\redhat.java-1.53.0-win32-x64\jre\21.0.10-win32-x86_64\bin\verify.dll
0x00007ffbc9890000 - 0x00007ffbc98d5000 	C:\Users\PN-Docente\AppData\Roaming\Code\User\globalStorage\redhat.java\1.53.0\config_win\org.eclipse.equinox.launcher\org.eclipse.equinox.launcher.win32.win32.x86_64_1.3.0.v20260203-2149\eclipse_11919.dll
0x00007ffc3e9f0000 - 0x00007ffc3eb85000 	C:\Windows\System32\ole32.dll
0x00007ffc3c550000 - 0x00007ffc3c56b000 	C:\Windows\SYSTEM32\CRYPTSP.dll
0x00007ffc3bb60000 - 0x00007ffc3bb99000 	C:\Windows\system32\rsaenh.dll
0x00007ffc3c200000 - 0x00007ffc3c232000 	C:\Windows\SYSTEM32\USERENV.dll
0x00007ffc3cda0000 - 0x00007ffc3cdca000 	C:\Windows\SYSTEM32\bcrypt.dll
0x00007ffc3c530000 - 0x00007ffc3c53c000 	C:\Windows\SYSTEM32\CRYPTBASE.dll
0x00007ffc3b390000 - 0x00007ffc3b3c3000 	C:\Windows\SYSTEM32\IPHLPAPI.DLL
0x00007ffc3ed00000 - 0x00007ffc3ed0a000 	C:\Windows\System32\NSI.dll
0x00007ffbc9e40000 - 0x00007ffbc9e89000 	C:\Users\PN-Docente\AppData\Local\Temp\jna-1159319875\jna10673092804835698316.dll
0x00007ffc3e340000 - 0x00007ffc3e348000 	C:\Windows\System32\PSAPI.DLL
0x00007ffc38060000 - 0x00007ffc3807d000 	C:\Windows\SYSTEM32\dhcpcsvc6.DLL
0x00007ffc38030000 - 0x00007ffc38053000 	C:\Windows\SYSTEM32\dhcpcsvc.DLL
0x00007ffc19fd0000 - 0x00007ffc19fd9000 	C:\Users\PN-Docente\.vscode\extensions\redhat.java-1.53.0-win32-x64\jre\21.0.10-win32-x86_64\bin\extnet.dll

JVMTI agents:
c:\Users\PN-Docente\.vscode\extensions\redhat.java-1.53.0-win32-x64\lombok\lombok-1.18.39-4050.jar path:c:\Users\PN-Docente\.vscode\extensions\redhat.java-1.53.0-win32-x64\jre\21.0.10-win32-x86_64\bin\instrument.dll, loaded, initialized, instrumentlib options:none
C:\Program Files\Palo Alto Networks\Traps\cyjagent.dll path:C:\Program Files\Palo Alto Networks\Traps\cyjagent.dll, loaded, initialized, options:none

dbghelp: loaded successfully - version: 4.0.5 - missing functions: none
symbol engine: initialized successfully - sym options: 0x614 - pdb path: .;c:\Users\PN-Docente\.vscode\extensions\redhat.java-1.53.0-win32-x64\jre\21.0.10-win32-x86_64\bin;C:\Windows\SYSTEM32;C:\Windows\WinSxS\amd64_microsoft.windows.common-controls_6595b64144ccf1df_6.0.26100.8037_none_3e092faae333b53b;c:\Users\PN-Docente\.vscode\extensions\redhat.java-1.53.0-win32-x64\jre\21.0.10-win32-x86_64\bin\server;C:\Program Files\Palo Alto Networks\Traps;C:\Users\PN-Docente\AppData\Roaming\Code\User\globalStorage\redhat.java\1.53.0\config_win\org.eclipse.equinox.launcher\org.eclipse.equinox.launcher.win32.win32.x86_64_1.3.0.v20260203-2149;C:\Users\PN-Docente\AppData\Local\Temp\jna-1159319875

VM Arguments:
jvm_args: --add-modules=ALL-SYSTEM --add-opens=java.base/java.util=ALL-UNNAMED --add-opens=java.base/java.lang=ALL-UNNAMED --add-opens=java.base/sun.nio.fs=ALL-UNNAMED -Declipse.application=org.eclipse.jdt.ls.core.id1 -Dosgi.bundles.defaultStartLevel=4 -Declipse.product=org.eclipse.jdt.ls.core.product -Djava.import.generatesMetadataFilesAtProjectRoot=false -DDetectVMInstallationsJob.disabled=true -Dfile.encoding=utf8 -XX:+UseParallelGC -XX:GCTimeRatio=4 -XX:AdaptiveSizePolicyWeight=90 -Dsun.zip.disableMemoryMapping=true -Xmx2G -Xms100m -Xlog:disable -javaagent:c:\Users\PN-Docente\.vscode\extensions\redhat.java-1.53.0-win32-x64\lombok\lombok-1.18.39-4050.jar -XX:+HeapDumpOnOutOfMemoryError -XX:HeapDumpPath=c:\Users\PN-Docente\AppData\Roaming\Code\User\workspaceStorage\151ac3ea226ae3aeb819f1ed2d8c3d3a\redhat.java -Daether.dependencyCollector.impl=bf -agentpath:C:\Program Files\Palo Alto Networks\Traps\cyjagent.dll 
java_command: c:\Users\PN-Docente\.vscode\extensions\redhat.java-1.53.0-win32-x64\server\plugins\org.eclipse.equinox.launcher_1.7.100.v20251111-0406.jar -configuration c:\Users\PN-Docente\AppData\Roaming\Code\User\globalStorage\redhat.java\1.53.0\config_win -data c:\Users\PN-Docente\AppData\Roaming\Code\User\workspaceStorage\151ac3ea226ae3aeb819f1ed2d8c3d3a\redhat.java\jdt_ws --pipe=\\.\pipe\lsp-daef7813f0416126414534829515d54a-sock
java_class_path (initial): c:\Users\PN-Docente\.vscode\extensions\redhat.java-1.53.0-win32-x64\server\plugins\org.eclipse.equinox.launcher_1.7.100.v20251111-0406.jar
Launcher Type: SUN_STANDARD

[Global flags]
    uintx AdaptiveSizePolicyWeight                 = 90                                        {product} {command line}
     intx CICompilerCount                          = 12                                        {product} {ergonomic}
    uintx GCTimeRatio                              = 4                                         {product} {command line}
     bool HeapDumpOnOutOfMemoryError               = true                                   {manageable} {command line}
    ccstr HeapDumpPath                             = c:\Users\PN-Docente\AppData\Roaming\Code\User\workspaceStorage\151ac3ea226ae3aeb819f1ed2d8c3d3a\redhat.java         {manageable} {command line}
   size_t InitialHeapSize                          = 104857600                                 {product} {command line}
   size_t MaxHeapSize                              = 2147483648                                {product} {command line}
   size_t MaxNewSize                               = 715653120                                 {product} {ergonomic}
   size_t MinHeapDeltaBytes                        = 524288                                    {product} {ergonomic}
   size_t MinHeapSize                              = 104857600                                 {product} {command line}
   size_t NewSize                                  = 34603008                                  {product} {ergonomic}
    uintx NonNMethodCodeHeapSize                   = 7602480                                {pd product} {ergonomic}
    uintx NonProfiledCodeHeapSize                  = 122027880                              {pd product} {ergonomic}
   size_t OldSize                                  = 70254592                                  {product} {ergonomic}
    uintx ProfiledCodeHeapSize                     = 122027880                              {pd product} {ergonomic}
    uintx ReservedCodeCacheSize                    = 251658240                              {pd product} {ergonomic}
     bool SegmentedCodeCache                       = true                                      {product} {ergonomic}
   size_t SoftMaxHeapSize                          = 2147483648                             {manageable} {ergonomic}
     bool UseCompressedOops                        = true                           {product lp64_product} {ergonomic}
     bool UseLargePagesIndividualAllocation        = false                                  {pd product} {ergonomic}
     bool UseParallelGC                            = true                                      {product} {command line}

Logging:
Log output configuration:
 #0: stdout all=off uptime,level,tags foldmultilines=false
 #1: stderr all=off uptime,level,tags foldmultilines=false

Release file:
JAVA_VERSION="21.0.10" 
MODULES="java.base java.compiler java.datatransfer java.xml java.prefs java.desktop java.instrument java.logging java.management java.security.sasl java.naming java.rmi java.management.rmi java.net.http java.scripting java.security.jgss java.transaction.xa java.sql java.sql.rowset java.xml.crypto java.se java.smartcardio jdk.accessibility jdk.internal.jvmstat jdk.attach jdk.charsets jdk.internal.opt jdk.zipfs jdk.compiler jdk.crypto.ec jdk.crypto.cryptoki jdk.crypto.mscapi jdk.dynalink jdk.internal.ed jdk.editpad jdk.hotspot.agent jdk.httpserver jdk.internal.le jdk.internal.vm.ci jdk.internal.vm.compiler jdk.internal.vm.compiler.management jdk.jartool jdk.javadoc jdk.jcmd jdk.management jdk.management.agent jdk.jconsole jdk.jdeps jdk.jdwp.agent jdk.jdi jdk.jfr jdk.jshell jdk.jsobject jdk.jstatd jdk.localedata jdk.management.jfr jdk.naming.dns jdk.naming.rmi jdk.net jdk.nio.mapmode jdk.random jdk.sctp jdk.security.auth jdk.security.jgss jdk.unsupported jdk.unsupported.desktop jdk.xml.dom" 

Environment Variables:
PATH=C:\oracle\dbhomeXE\bin;C:\Program Files\Common Files\Oracle\Java\javapath;C:\Windows\system32;C:\Windows;C:\Windows\System32\Wbem;C:\Windows\System32\WindowsPowerShell\v1.0\;C:\Windows\System32\OpenSSH\;C:\Program Files\Git\cmd;C:\Program Files\Docker\Docker\resources\bin;C:\Program Files\nodejs\;C:\Program Files\Microsoft SQL Server\Client SDK\ODBC\170\Tools\Binn\;C:\Program Files (x86)\Microsoft SQL Server\150\Tools\Binn\;C:\Program Files\Microsoft SQL Server\150\Tools\Binn\;C:\Program Files\Microsoft SQL Server\150\DTS\Binn\;C:\Program Files (x86)\Microsoft SQL Server\150\DTS\Binn\;C:\Program Files\Azure Data Studio\bin;C:\Program Files\Microsoft SQL Server\130\Tools\Binn\;C:\Program Files (x86)\Microsoft SQL Server\110\DTS\Binn\;C:\Program Files (x86)\Microsoft SQL Server\120\DTS\Binn\;C:\Program Files (x86)\Microsoft SQL Server\130\DTS\Binn\;C:\Program Files (x86)\Microsoft SQL Server\140\DTS\Binn\;C:\Program Files (x86)\Microsoft SQL Server\160\DTS\Binn\;C:\Program Files\PuTTY\;C:\Program Files (x86)\Gpg4win\..\GnuPG\bin;C:\Program Files\Amazon\AWSCLI\bin\;C:\Program Files\dotnet\;C:\Program Files (x86)\dotnet\;C:\Users\PN-Docente\AppData\Local\Programs\Python\Python313\Scripts\;C:\Users\PN-Docente\AppData\Local\Programs\Python\Python313\;C:\Users\PN-Docente\AppData\Local\Microsoft\WindowsApps;C:\Users\PN-Docente\AppData\Local\Programs\Microsoft VS Code\bin;C:\Program Files\MongoDB\Server\8.0\bin;C:\Program Files\mongosh\;C:\Users\PN-Docente\AppData\Roaming\npm;C:\Program Files (x86)\Nmap;C:\Program Files\Azure Data Studio\bin
USERNAME=pn-docente
OS=Windows_NT
PROCESSOR_IDENTIFIER=AMD64 Family 25 Model 80 Stepping 0, AuthenticAMD
TMP=C:\Users\PN-DOC~1\AppData\Local\Temp
TEMP=C:\Users\PN-DOC~1\AppData\Local\Temp




Periodic native trim disabled

---------------  S Y S T E M  ---------------

OS:
 Windows 11 , 64 bit Build 26100 (10.0.26100.7920)
OS uptime: 0 days 2:49 hours
Hyper-V role detected

CPU: total 16 (initial active 16) (16 cores per cpu, 2 threads per core) family 25 model 80 stepping 0 microcode 0xa500014, cx8, cmov, fxsr, ht, mmx, 3dnowpref, sse, sse2, sse3, ssse3, sse4a, sse4.1, sse4.2, popcnt, lzcnt, tsc, tscinvbit, avx, avx2, aes, erms, clmul, bmi1, bmi2, adx, sha, fma, vzeroupper, clflush, clflushopt, hv, rdtscp, rdpid, fsrm, f16c, cet_ss
Processor Information for the first 16 processors :
  Max Mhz: 3801, Current Mhz: 3801, Mhz Limit: 3801

Memory: 4k page, system-wide physical 15723M (3427M free)
TotalPageFile size 15723M (AvailPageFile size 3M)
current process WorkingSet (physical memory assigned to process): 336M, peak: 415M
current process commit charge ("private bytes"): 422M, peak: 500M

vm_info: OpenJDK 64-Bit Server VM (21.0.10+7-LTS) for windows-amd64 JRE (21.0.10+7-LTS), built on 2026-01-20T00:00:00Z by "admin" with MS VC++ 17.12 (VS2022)

END.
